I/APP     (  240): I 10/22/2011 06:02:22:528 000000fc                  APP| Current locale: en; Country code: us
I/APP     (  240): I 10/22/2011 06:02:22:530 000000fc                  APP| file: /data/data/com.rhomobile.rhodesapplication3/rhodata/lib/rholang/lang_
I/APP     (  240): I 10/22/2011 06:02:22:535 000000fc              RhoRuby| require_compiled: /data/data/com.rhomobile.rhodesapplication3/rhodata/lib/rholang/lang_en
I/APP     (  240): I 10/22/2011 06:02:22:553 000000fc              RhoRuby| require_compiled: rho/rhomsg
I/APP     (  240): I 10/22/2011 06:02:22:565 000000fc                  APP| Current locale: en; Country code: us
I/APP     (  240): I 10/22/2011 06:02:22:566 000000fc                  APP| file: /data/data/com.rhomobile.rhodesapplication3/rhodata/lib/rholang/rhomsg_
I/APP     (  240): I 10/22/2011 06:02:22:569 000000fc              RhoRuby| require_compiled: /data/data/com.rhomobile.rhodesapplication3/rhodata/lib/rholang/rhomsg_en
I/APP     (  240): I 10/22/2011 06:02:22:579 000000fc              RhoRuby| require_compiled: rho/rhotabbar
I/APP     (  240): I 10/22/2011 06:02:22:592 000000fc              RhoRuby| require_compiled: rho/rhotoolbar
I/APP     (  240): I 10/22/2011 06:02:22:602 000000fc              RhoRuby| require_compiled: indifferent_access
I/APP     (  240): I 10/22/2011 06:02:22:634 000000fc              RhoRuby| require_compiled: rho/rhosupport
I/APP     (  240): I 10/22/2011 06:02:22:684 000000fc              RhoRuby| require_compiled: rho/rhocontroller
I/APP     (  240): I 10/22/2011 06:02:22:710 000000fc              RhoRuby| require_compiled: rho/render
I/APP     (  240): I 10/22/2011 06:02:22:781 000000fc              RhoRuby| require_compiled: rho/rho
I/APP     (  240): I 10/22/2011 06:02:23:014 000000fc              RhoRuby| require_compiled: rho/rhoerror
I/APP     (  240): I 10/22/2011 06:02:23:027 000000fc                  APP| Current locale: en; Country code: us
I/APP     (  240): I 10/22/2011 06:02:23:029 000000fc                  APP| file: /data/data/com.rhomobile.rhodesapplication3/rhodata/lib/rholang/rhoerror_
I/APP     (  240): I 10/22/2011 06:02:23:032 000000fc              RhoRuby| require_compiled: /data/data/com.rhomobile.rhodesapplication3/rhodata/lib/rholang/rhoerror_en
I/APP     (  240): I 10/22/2011 06:02:23:045 000000fc              RhoRuby| require_compiled: rhom/rhom_source
I/APP     (  240): I 10/22/2011 06:02:23:083 000000fc              RhoRuby| require_compiled: rho/rhoviewhelpers
I/APP     (  240): I 10/22/2011 06:02:23:110 000000fc              RhoRuby| require_compiled: rho
I/APP     (  240): I 10/22/2011 06:02:23:114 000000fc                  APP| RHO loaded
I/APP     (  240): I 10/22/2011 06:02:23:115 000000fc                  APP| Calling RHO.initialize
I/APP     (  240): I 10/22/2011 06:02:23:120 000000fc                   DB| Open DB: /data/data/com.rhomobile.rhodesapplication3/rhodata/db/syncdbuser.sqlite
I/APP     (  240): I 10/22/2011 06:02:23:200 000000fc            RhodesApp| Starting sync engine...
I/APP     (  240): I 10/22/2011 06:02:23:202 000000fc                 Sync| sync_poll_interval: 0
I/APP     (  240): I 10/22/2011 06:02:23:202 000000fc                 Sync| syncserver: 
I/APP     (  240): I 10/22/2011 06:02:23:203 000000fc                 Sync| bulksync_state: 0
I/APP     (  240): I 10/22/2011 06:02:23:204 000000fc            RhodesApp| RhoRubyInitApp...
I/APP     (  240): I 10/22/2011 06:02:23:205 000000fc                  APP| init_app
I/APP     (  240): I 10/22/2011 06:02:23:207 000000fc              RhoRuby| require_compiled: application
I/APP     (  240): I 10/22/2011 06:02:23:217 000000fc                  APP| Current locale: en; Country code: us
I/APP     (  240): I 10/22/2011 06:02:23:220 000000fc           HttpServer| Start HTTP server
I/APP     (  240): I 10/22/2011 06:02:23:222 000000fc           HttpServer| Listen for connections on port 36266
I/APP     (  240): I 10/22/2011 06:02:23:223 000000fc         AppCallbacks| addCommand: LOCAL-SERVER-STARTED
I/APP     (  240): I 10/22/2011 06:02:23:224 000000f7         AppCallbacks| process command: LOCAL-SERVER-STARTED
I/APP     (  240): I 10/22/2011 06:02:23:227 000000f7           AppStarted| Handlers have completed.
I/APP     (  240): I 10/22/2011 06:02:23:231 000000f7         AppActivated| Handlers have completed.
I/APP     (  240): I 10/22/2011 06:02:23:232 000000f7    RhodesApplication| New AppState: AppActivated
I/APP     (  240): I 10/22/2011 06:02:23:233 000000f7         AppCallbacks| process command: UI-CREATED
I/APP     (  240): I 10/22/2011 06:02:23:262 000000fc           HttpServer| Process URI: '/system/uicreated'
I/APP     (  240): I 10/22/2011 06:02:23:265 000000fc                  APP| on_ui_created.navigate to start url: '/app'
D/dalvikvm(  240): +++ not scanning '/system/lib/libwebcore.so' for 'howLongWaitMs' (wrong CL)
D/dalvikvm(  240): +++ not scanning '/system/lib/libexif.so' for 'howLongWaitMs' (wrong CL)
D/dalvikvm(  240): +++ not scanning '/system/lib/libFFTEm.so' for 'howLongWaitMs' (wrong CL)
D/dalvikvm(  240): +++ not scanning '/system/lib/libmedia_jni.so' for 'howLongWaitMs' (wrong CL)
V/SplashScreen(  240): ms[1319263343269] $$$$$$$$$$$$$$$$$$$$$$$     DELAY for SplashScreen = 0
I/APP     (  240): I 10/22/2011 06:02:23:339 000000f7         AppCallbacks| process command: APP-ACTIVATED
V/SimpleMainView(  240): ms[1319263343381] processForNativeView : [http://localhost:36266/app]
D/dalvikvm(  240): +++ not scanning '/system/lib/libwebcore.so' for 'getFactoryHandleByViewType' (wrong CL)
D/dalvikvm(  240): +++ not scanning '/system/lib/libexif.so' for 'getFactoryHandleByViewType' (wrong CL)
D/dalvikvm(  240): +++ not scanning '/system/lib/libFFTEm.so' for 'getFactoryHandleByViewType' (wrong CL)
D/dalvikvm(  240): +++ not scanning '/system/lib/libmedia_jni.so' for 'getFactoryHandleByViewType' (wrong CL)
I/APP     (  240): I 10/22/2011 06:02:23:411 000000f0       SimpleMainView| Cleared URL: http://localhost:36266/app
V/SimpleMainView.View(  240): ms[1319263343459]  Main Window :: onSizeChanged() old [ 480 x 762 ]  new [ 0 x 0 ]
I/APP     (  240): I 10/22/2011 06:02:23:505 000000fc           HttpServer| Process URI: '/system/activateapp'
I/APP     (  240): I 10/22/2011 06:02:23:517 000000f7         AppCallbacks| ThreadQueue blocked for 4294967295 seconds...
W/KeyCharacterMap(  240): No keyboard for id 0
W/KeyCharacterMap(  240): Using default keymap: /system/usr/keychars/qwerty.kcm.bin
I/APP     (  240): I 10/22/2011 06:02:23:801 000000fc           HttpServer| Process URI: '/app'
I/APP     (  240): I 10/22/2011 06:02:23:945 000000f0     RhoWebViewClient| Loading URL: http://localhost:36266/app/index_erb.iseq
I/APP     (  240): I 10/22/2011 06:02:23:988 000000fc           HttpServer| Process URI: '/app/index_erb.iseq'
I/APP     (  240): I 10/22/2011 06:02:23:996 000000fc                  APP| RHO serve_index: /app/index_erb.iseq
I/APP     (  240): I 10/22/2011 06:02:24:002 000000fc RHO Rho::RhoController| inst_render_index
I/APP     (  240): I 10/22/2011 06:02:24:042 000000fc RHO Rho::RhoController| index layout
I/APP     (  240): I 10/22/2011 06:02:24:536 000000fc           HttpServer| Process URI: '/public/jquery/jquery-1.6.2.min.js'
I/APP     (  240): I 10/22/2011 06:02:24:739 000000fc           HttpServer| Process URI: '/public/jqmobile/jquery.mobile-1.0b2.min.css'
I/APP     (  240): I 10/22/2011 06:02:24:892 000000fc           HttpServer| Process URI: '/public/css/jqmobile-patch.css'
I/APP     (  240): I 10/22/2011 06:02:24:991 000000fc           HttpServer| Process URI: '/public/jqmobile/jquery.mobile-1.0b2.min.js'
D/dalvikvm(  240): GC freed 3080 objects / 693064 bytes in 180ms
D/webviewglue(  240): nativeDestroy view: 0x3065f8
I/APP     (  240): I 10/22/2011 06:02:25:276 000000fc           HttpServer| Process URI: '/public/js/jqmobile-patch.js'
I/APP     (  240): I 10/22/2011 06:02:25:345 000000fc           HttpServer| Process URI: '/public/css/android.css'
D/dalvikvm(   53): threadid=17: bogus mon 1+0>0; adjusting
I/APP     (  240): I 10/22/2011 06:02:33:279 000000fc           HttpServer| Process URI: '/public/jqmobile/images/icons-18-white.png'
D/dalvikvm(  213): GC freed 11096 objects / 1072728 bytes in 152ms
D/dalvikvm(   90): GC freed 8851 objects / 490936 bytes in 241ms
D/jdwp    (   53): +++ peer disconnected
I/dalvikvm(   53): Debugger has detached; object registry had 1 entries
D/jdwp    (   90): +++ peer disconnected
I/dalvikvm(   90): Debugger has detached; object registry had 1 entries
D/jdwp    (   93): +++ peer disconnected
I/dalvikvm(   93): Debugger has detached; object registry had 1 entries
D/jdwp    (  142): +++ peer disconnected
D/jdwp    (  196): +++ peer disconnected
I/dalvikvm(  196): Debugger has detached; object registry had 1 entries
D/jdwp    (  213): +++ peer disconnected
I/dalvikvm(  213): Debugger has detached; object registry had 1 entries
D/jdwp    (  233): +++ peer disconnected
I/dalvikvm(  233): Debugger has detached; object registry had 1 entries
D/jdwp    (  240): +++ peer disconnected
I/dalvikvm(  240): Debugger has detached; object registry had 1 entries
I/dalvikvm(  142): Debugger has detached; object registry had 1 entries
I/jdwp    (   53): received file descriptor 45 from ADB
I/jdwp    (   90): received file descriptor 13 from ADB
D/ddm-heap(   53): Got feature list request
I/jdwp    (   93): received file descriptor 13 from ADB
D/ddm-heap(   90): Got feature list request
I/jdwp    (  142): received file descriptor 10 from ADB
D/ddm-heap(   93): Got feature list request
I/jdwp    (  196): received file descriptor 10 from ADB
D/ddm-heap(  142): Got feature list request
I/jdwp    (  213): received file descriptor 10 from ADB
D/ddm-heap(  196): Got feature list request
I/jdwp    (  233): received file descriptor 20 from ADB
D/ddm-heap(  213): Got feature list request
I/jdwp    (  240): received file descriptor 20 from ADB
D/ddm-heap(  233): Got feature list request
D/ddm-heap(  240): Got feature list request
D/AndroidRuntime(  275): 
D/AndroidRuntime(  275): >>>>>>>>>>>>>> AndroidRuntime START <<<<<<<<<<<<<<
D/AndroidRuntime(  275): CheckJNI is ON
D/AndroidRuntime(  275): --- registering native functions ---
I/jdwp    (  275): received file descriptor 21 from ADB
D/ddm-heap(  275): Got feature list request
D/PackageParser(   53): Scanning package: /data/app/vmdl36913.tmp
D/dalvikvm(   53): GC freed 18269 objects / 926376 bytes in 218ms
I/PackageManager(   53): /data/app/vmdl36913.tmp changed; unpacking
D/PackageManager(   53): Caching shared lib lib/armeabi/librhodes.so
D/installd(   32): DexInv: --- BEGIN '/data/app/vmdl36913.tmp' ---
D/dalvikvm(  282): DexOpt: load 141ms, verify 755ms, opt 21ms
D/installd(   32): DexInv: --- END '/data/app/vmdl36913.tmp' (success) ---
I/installd(   32): move /data/dalvik-cache/data@app@vmdl36913.tmp@classes.dex -> /data/dalvik-cache/data@app@com.rhomobile.uscampus.apk@classes.dex
D/PackageManager(   53): New package installed in /data/app/com.rhomobile.uscampus.apk
D/AndroidRuntime(  275): Shutting down VM
D/dalvikvm(  275): DestroyJavaVM waiting for non-daemon threads to exit
D/dalvikvm(  275): DestroyJavaVM shutting VM down
D/dalvikvm(  275): HeapWorker thread shutting down
D/dalvikvm(  275): HeapWorker thread has shut down
D/jdwp    (  275): JDWP shutting down net...
D/jdwp    (  275): Got wake-up signal, bailing out of select
I/dalvikvm(  275): Debugger has detached; object registry had 1 entries
D/dalvikvm(  275): VM cleaning up
D/dalvikvm(  275): LinearAlloc 0x0 used 665236 of 4194304 (15%)
D/dalvikvm(   53): GC freed 16387 objects / 700992 bytes in 392ms
W/ActivityManager(   53): Hung broadcast discarded after timeout failure: now=1498416 dispatchTime=39762 startTime=53479 intent=Intent { act=android.intent.action.BOOT_COMPLETED } numReceivers=6 nextReceiver=4 state=1
D/HomeLoaders(   93): application intent received: android.intent.action.PACKAGE_ADDED, replacing=false
D/HomeLoaders(   93):   --> package:com.rhomobile.uscampus
D/HomeLoaders(   93):   --> add package
W/ResourceType(   53): No package identifier when getting value for resource number 0x7f060000
W/ActivityManager(   53): Timeout of broadcast BroadcastRecord{438d5548 android.intent.action.BOOT_COMPLETED} - receiver=null
W/ActivityManager(   53): Receiver during timeout: ResolveInfo{438d5328 com.android.alarmclock.AlarmInitReceiver p=0 o=0 m=0x108000}
W/ResourceType(   53): No package identifier when getting value for resource number 0x7f060001
I/ActivityManager(   53): ANR in process: com.android.alarmclock
I/ActivityManager(   53): Annotation: Broadcast of Intent { act=android.intent.action.BOOT_COMPLETED }
I/ActivityManager(   53): CPU usage:
I/ActivityManager(   53): Load: 0.8 / 0.41 / 0.21
I/ActivityManager(   53): CPU usage from 1399550ms to 323ms ago:
I/ActivityManager(   53):   com.rhomobile.rhodesapplication4: 3% = 2% user + 0% kernel / faults: 1674 minor
I/ActivityManager(   53):   system_server: 1% = 1% user + 0% kernel / faults: 4974 minor
I/ActivityManager(   53):   com.android.phone: 0% = 0% user + 0% kernel / faults: 2397 minor
I/ActivityManager(   53):   adbd: 0% = 0% user + 0% kernel / faults: 174 minor
I/ActivityManager(   53):   qemud: 0% = 0% user + 0% kernel / faults: 18 minor
I/ActivityManager(   53):   events/0: 0% = 0% user + 0% kernel
I/ActivityManager(   53):   android.process.acore: 0% = 0% user + 0% kernel / faults: 579 minor
I/ActivityManager(   53):   rild: 0% = 0% user + 0% kernel / faults: 58 minor
I/ActivityManager(   53):   kswapd0: 0% = 0% user + 0% kernel
I/ActivityManager(   53):   pdflush: 0% = 0% user + 0% kernel
I/ActivityManager(   53):   com.android.inputmethod.latin: 0% = 0% user + 0% kernel / faults: 124 minor
I/ActivityManager(   53):   zygote: 0% = 0% user + 0% kernel / faults: 27 minor
I/ActivityManager(   53):   installd: 0% = 0% user + 0% kernel / faults: 44 minor
I/ActivityManager(   53):   com.android.mms: 0% = 0% user + 0% kernel / faults: 155 minor
I/ActivityManager(   53):   com.android.alarmclock: 0% = 0% user + 0% kernel / faults: 153 minor
I/ActivityManager(   53):  +com.rhomobile.rhodesapplication3: 0% = 0% user + 0% kernel
I/ActivityManager(   53):  +logcat: 0% = 0% user + 0% kernel
I/ActivityManager(   53):  +sh: 0% = 0% user + 0% kernel
I/ActivityManager(   53):  +app_process: 0% = 0% user + 0% kernel
I/ActivityManager(   53):  -logcat: 0% = 0% user + 0% kernel
I/ActivityManager(   53): TOTAL: 10% = 8% user + 2% kernel + 0% iowait + 0% irq + 0% softirq
I/ActivityManager(   53): Removing old ANR trace file from /data/anr/traces.txt
I/Process (   53): Sending signal. PID: 196 SIG: 3
I/dalvikvm(  196): threadid=7: reacting to signal 3
I/dalvikvm(  196): Wrote stack trace to '/data/anr/traces.txt'
I/Process (   53): Sending signal. PID: 53 SIG: 3
I/dalvikvm(   53): threadid=7: reacting to signal 3
I/dalvikvm(   53): Wrote stack trace to '/data/anr/traces.txt'
D/AndroidRuntime(  289): 
D/AndroidRuntime(  289): >>>>>>>>>>>>>> AndroidRuntime START <<<<<<<<<<<<<<
D/AndroidRuntime(  289): CheckJNI is ON
I/Process (   53): Sending signal. PID: 240 SIG: 3
I/dalvikvm(  240): threadid=7: reacting to signal 3
I/dalvikvm(  240): Wrote stack trace to '/data/anr/traces.txt'
D/AndroidRuntime(  289): --- registering native functions ---
I/jdwp    (  289): received file descriptor 21 from ADB
I/Process (   53): Sending signal. PID: 93 SIG: 3
I/dalvikvm(   93): threadid=7: reacting to signal 3
I/dalvikvm(   93): Wrote stack trace to '/data/anr/traces.txt'
I/Process (   53): Sending signal. PID: 213 SIG: 3
I/dalvikvm(  213): threadid=7: reacting to signal 3
I/dalvikvm(  213): Wrote stack trace to '/data/anr/traces.txt'
D/ddm-heap(  289): Got feature list request
I/Process (   53): Sending signal. PID: 233 SIG: 3
I/dalvikvm(  233): threadid=7: reacting to signal 3
I/dalvikvm(  233): Wrote stack trace to '/data/anr/traces.txt'
I/Process (   53): Sending signal. PID: 142 SIG: 3
I/dalvikvm(  142): threadid=7: reacting to signal 3
I/dalvikvm(  142): Wrote stack trace to '/data/anr/traces.txt'
I/Process (   53): Sending signal. PID: 90 SIG: 3
I/dalvikvm(   90): threadid=7: reacting to signal 3
I/dalvikvm(   90): Wrote stack trace to '/data/anr/traces.txt'
I/ActivityManager(   53): Starting activity: Intent { act=android.intent.action.MAIN flg=0x10000000 cmp=com.rhomobile.uscampus/com.rhomobile.rhodes.RhodesActivity }
D/PhoneWindow(  240): couldn't save which view has focus because the focused view android.webkit.WebView@437bd5b0 has no id.
I/APP     (  240): I 10/22/2011 06:25:40:226 000000f0         AppActivated| Handlers have completed.
I/APP     (  240): I 10/22/2011 06:25:40:230 000000f0    RhodesApplication| New UiState: MainActivityPaused
D/RhodesActivity(  240): RhodesActivity.onPause()
W/ActivityManager(   53): finishReceiver called but none active
D/dalvikvm(  240): +++ not scanning '/system/lib/libwebcore.so' for 'callUiDestroyedCallback' (wrong CL)
D/dalvikvm(  240): +++ not scanning '/system/lib/libexif.so' for 'callUiDestroyedCallback' (wrong CL)
D/dalvikvm(  240): +++ not scanning '/system/lib/libFFTEm.so' for 'callUiDestroyedCallback' (wrong CL)
D/dalvikvm(  240): +++ not scanning '/system/lib/libmedia_jni.so' for 'callUiDestroyedCallback' (wrong CL)
D/AndroidRuntime(  289): Shutting down VM
D/dalvikvm(  289): DestroyJavaVM waiting for non-daemon threads to exit
D/dalvikvm(  289): DestroyJavaVM shutting VM down
D/dalvikvm(  289): HeapWorker thread shutting down
D/dalvikvm(  289): HeapWorker thread has shut down
D/jdwp    (  289): JDWP shutting down net...
D/jdwp    (  289): Got wake-up signal, bailing out of select
I/dalvikvm(  289): Debugger has detached; object registry had 1 entries
D/dalvikvm(  289): VM cleaning up
D/dalvikvm(  289): LinearAlloc 0x0 used 676828 of 4194304 (16%)
I/ActivityManager(   53): Start proc android.process.media for broadcast com.android.providers.media/.MediaScannerReceiver: pid=297 uid=10005 gids={1006, 1015, 2001, 3003}
I/ActivityManager(   53): processNextBroadcast: waiting for ProcessRecord{439fec18 297:android.process.media/10005}
I/APP     (  240): I 10/22/2011 06:25:40:551 000000fc           HttpServer| Process URI: '/system/uidestroyed'
I/jdwp    (  297): received file descriptor 10 from ADB
D/ddm-heap(  297): Got feature list request
D/dalvikvm(   30): GC freed 286 objects / 10896 bytes in 523ms
D/dalvikvm(   30): GC freed 50 objects / 2200 bytes in 72ms
D/dalvikvm(   30): GC freed 2 objects / 48 bytes in 63ms
I/ActivityManager(   53): Start proc com.rhomobile.uscampus for activity com.rhomobile.uscampus/com.rhomobile.rhodes.RhodesActivity: pid=304 uid=10027 gids={3003}
I/jdwp    (  304): received file descriptor 10 from ADB
I/ActivityThread(  297): Publishing provider downloads: com.android.providers.downloads.DownloadProvider
D/ddm-heap(  304): Got feature list request
I/ActivityThread(  297): Publishing provider drm: com.android.providers.drm.DrmProvider
I/ActivityThread(  297): Publishing provider media: com.android.providers.media.MediaProvider
I/APP     (  240): I 10/22/2011 06:25:42:543 000000f0       AppDeactivated| Handlers have completed.
I/APP     (  240): I 10/22/2011 06:25:42:553 000000f0    RhodesApplication| New AppState: AppDeactivated
I/APP     (  240): I 10/22/2011 06:25:42:554 000000f0        RhodesService| activityStopped() temporary release wakeLock object
I/APP     (  240): I 10/22/2011 06:25:42:558 000000f0            RhodesApp| callAppActiveCallback
I/APP     (  240): I 10/22/2011 06:25:42:574 000000f0         AppCallbacks| addCommand: APP-DEACTIVATED
I/APP     (  240): I 10/22/2011 06:25:42:586 000000f7         AppCallbacks| process command: APP-DEACTIVATED
I/APP     (  240): I 10/22/2011 06:25:42:586 000000f7         AppCallbacks| ThreadQueue blocked for 4294967295 seconds...
I/APP     (  240): I 10/22/2011 06:25:42:608 000000fc           HttpServer| Process URI: '/system/deactivateapp'
D/RhodesActivity(  240): RhodesActivity.onStop()
V/MediaProvider(  297): Attached volume: internal
V/MediaProvider(  297): /sdcard volume ID: 502414356
D/dalvikvm(  304): Trying to load lib /data/data/com.rhomobile.uscampus/lib/librhodes.so 0x43947278
D/dalvikvm(  304): Added shared lib /data/data/com.rhomobile.uscampus/lib/librhodes.so 0x43947278
I/ActivityThread(  304): Publishing provider com.rhomobile.uscampus: com.rhomobile.rhodes.LocalFileProvider
W/ServiceManager(   31): Permission failure: android.permission.CAMERA from uid=10027 pid=304
E/CameraService(   31): Permission Denial: can't use the camera pid=304, uid=10027
D/dalvikvm(  304): +++ not scanning '/system/lib/libwebcore.so' for 'E' (wrong CL)
D/dalvikvm(  304): +++ not scanning '/system/lib/libexif.so' for 'E' (wrong CL)
D/dalvikvm(  304): +++ not scanning '/system/lib/libFFTEm.so' for 'E' (wrong CL)
D/dalvikvm(  304): +++ not scanning '/system/lib/libmedia_jni.so' for 'E' (wrong CL)
V/MediaProvider(  297): Attached volume: external
D/dalvikvm(  304): +++ not scanning '/system/lib/libwebcore.so' for 'isTitleEnabled' (wrong CL)
D/dalvikvm(  304): +++ not scanning '/system/lib/libexif.so' for 'isTitleEnabled' (wrong CL)
D/dalvikvm(  304): +++ not scanning '/system/lib/libFFTEm.so' for 'isTitleEnabled' (wrong CL)
D/dalvikvm(  304): +++ not scanning '/system/lib/libmedia_jni.so' for 'isTitleEnabled' (wrong CL)
D/MediaScannerService(  297): start scanning volume external
D/Camera-JNI(  304): release camera
D/dalvikvm(  304): GC freed 1525 objects / 131592 bytes in 232ms
I/ActivityManager(   53): Start proc com.svox.pico for broadcast com.svox.pico/.VoiceDataInstallerReceiver: pid=316 uid=10003 gids={}
I/jdwp    (  316): received file descriptor 20 from ADB
D/ddm-heap(  316): Got feature list request
I/RhodesActivity(  304): >>>>>>>>>>>>>>> onCreate()
D/dalvikvm(  304): +++ not scanning '/system/lib/libwebcore.so' for 'T' (wrong CL)
D/dalvikvm(  304): +++ not scanning '/system/lib/libexif.so' for 'T' (wrong CL)
D/dalvikvm(  304): +++ not scanning '/system/lib/libFFTEm.so' for 'T' (wrong CL)
D/dalvikvm(  304): +++ not scanning '/system/lib/libmedia_jni.so' for 'T' (wrong CL)
D/dalvikvm(  304): +++ not scanning '/system/lib/libwebcore.so' for 'I' (wrong CL)
D/dalvikvm(  304): +++ not scanning '/system/lib/libexif.so' for 'I' (wrong CL)
D/dalvikvm(  304): +++ not scanning '/system/lib/libFFTEm.so' for 'I' (wrong CL)
D/dalvikvm(  304): +++ not scanning '/system/lib/libmedia_jni.so' for 'I' (wrong CL)
D/RhodesActivity(  304): RhodesActivity.onStart()
D/RhodesActivity(  304): RhodesActivity.onResume()
D/dalvikvm(  304): +++ not scanning '/system/lib/libwebcore.so' for 'initClassLoader' (wrong CL)
D/dalvikvm(  304): +++ not scanning '/system/lib/libexif.so' for 'initClassLoader' (wrong CL)
D/dalvikvm(  304): +++ not scanning '/system/lib/libFFTEm.so' for 'initClassLoader' (wrong CL)
D/dalvikvm(  304): +++ not scanning '/system/lib/libmedia_jni.so' for 'initClassLoader' (wrong CL)
D/RhodesService(  304): Root path: null
D/RhoFileApi(  304): App root path: /data/data/com.rhomobile.uscampus/rhodata/
D/RhoFileApi(  304): Sqlite journals path: /data/data/com.rhomobile.uscampus/sqlite_stmt_journals/
D/dalvikvm(  304): +++ not scanning '/system/lib/libwebcore.so' for 'nativeInitPath' (wrong CL)
D/dalvikvm(  304): +++ not scanning '/system/lib/libexif.so' for 'nativeInitPath' (wrong CL)
D/dalvikvm(  304): +++ not scanning '/system/lib/libFFTEm.so' for 'nativeInitPath' (wrong CL)
D/dalvikvm(  304): +++ not scanning '/system/lib/libmedia_jni.so' for 'nativeInitPath' (wrong CL)
D/dalvikvm(  304): +++ not scanning '/system/lib/libwebcore.so' for 'nativeInit' (wrong CL)
D/dalvikvm(  304): +++ not scanning '/system/lib/libexif.so' for 'nativeInit' (wrong CL)
D/dalvikvm(  304): +++ not scanning '/system/lib/libFFTEm.so' for 'nativeInit' (wrong CL)
D/dalvikvm(  304): +++ not scanning '/system/lib/libmedia_jni.so' for 'nativeInit' (wrong CL)
I/global  (  304): Default buffer size used in BufferedReader constructor. It would be better to be explicit if an 8k-char buffer is required.
D/dalvikvm(  304): +++ not scanning '/system/lib/libwebcore.so' for 'updateStatTable' (wrong CL)
D/dalvikvm(  304): +++ not scanning '/system/lib/libexif.so' for 'updateStatTable' (wrong CL)
D/dalvikvm(  304): +++ not scanning '/system/lib/libFFTEm.so' for 'updateStatTable' (wrong CL)
D/dalvikvm(  304): +++ not scanning '/system/lib/libmedia_jni.so' for 'updateStatTable' (wrong CL)
V/MediaScanner(  297): pruneDeadThumbnailFiles... android.database.sqlite.SQLiteCursor@4377fa30
V/MediaScanner(  297): /pruneDeadThumbnailFiles... android.database.sqlite.SQLiteCursor@4377fa30
I/RhodesService(  304): Application hash was changed
W/ActivityManager(   53): No content provider found for: 
D/RhoFileApi(  304): App root path: /data/data/com.rhomobile.uscampus/rhodata/
D/RhoFileApi(  304): Sqlite journals path: /data/data/com.rhomobile.uscampus/sqlite_stmt_journals/
I/global  (  304): Default buffer size used in BufferedReader constructor. It would be better to be explicit if an 8k-char buffer is required.
D/MediaScanner(  297):  prescan time: 319ms
D/MediaScanner(  297):     scan time: 122ms
D/MediaScanner(  297): postscan time: 691ms
D/MediaScanner(  297):    total time: 1132ms
D/MediaScannerService(  297): done scanning volume external
I/ActivityManager(   53): Stopping service: com.android.providers.media/.MediaScannerService
I/ActivityManager(   53): Stopping service: com.android.mms/.transaction.TransactionService
D/RhoFileApi(  304): Copy hash to FS
D/RhoFileApi(  304): File hash copied
D/dalvikvm(  304): +++ not scanning '/system/lib/libwebcore.so' for 'createRhodesApp' (wrong CL)
D/dalvikvm(  304): +++ not scanning '/system/lib/libexif.so' for 'createRhodesApp' (wrong CL)
D/dalvikvm(  304): +++ not scanning '/system/lib/libFFTEm.so' for 'createRhodesApp' (wrong CL)
D/dalvikvm(  304): +++ not scanning '/system/lib/libmedia_jni.so' for 'createRhodesApp' (wrong CL)
I/APP     (  304): I 10/22/2011 06:25:45:596 00000146         AppCallbacks| Starting main routine...
I/APP     (  304): I 10/22/2011 06:25:45:603 00000130            RhodesApp| Trying to get free listening port.
I/APP     (  304): I 10/22/2011 06:25:45:610 00000130            RhodesApp| Trying to bind of 0 port...
I/APP     (  304): I 10/22/2011 06:25:45:611 00000130            RhodesApp| Got port to bind on: 55092
I/APP     (  304): I 10/22/2011 06:25:45:612 00000130            RhodesApp| Free listening port: 55092
D/dalvikvm(  304): +++ not scanning '/system/lib/libwebcore.so' for 'nativeStart' (wrong CL)
I/APP     (  304): I 10/22/2011 06:25:45:620 00000146         AppCallbacks| ThreadQueue blocked for 4294967295 seconds...
D/dalvikvm(  304): +++ not scanning '/system/lib/libexif.so' for 'nativeStart' (wrong CL)
D/dalvikvm(  304): +++ not scanning '/system/lib/libFFTEm.so' for 'nativeStart' (wrong CL)
D/dalvikvm(  304): +++ not scanning '/system/lib/libmedia_jni.so' for 'nativeStart' (wrong CL)
I/ActivityManager(   53): Stopping service: com.android.mms/.transaction.SmsReceiverService
D/dalvikvm(  304): +++ not scanning '/system/lib/libwebcore.so' for 'isExist' (wrong CL)
D/dalvikvm(  304): +++ not scanning '/system/lib/libexif.so' for 'isExist' (wrong CL)
D/dalvikvm(  304): +++ not scanning '/system/lib/libFFTEm.so' for 'isExist' (wrong CL)
D/dalvikvm(  304): +++ not scanning '/system/lib/libmedia_jni.so' for 'isExist' (wrong CL)
I/APP     (  304): I 10/22/2011 06:25:45:822 00000130               Rhodes| Loading...
I/ActivityManager(   53): Killing process com.android.alarmclock (pid=196) at user's request
I/Process (   53): Sending signal. PID: 196 SIG: 9
I/ActivityManager(   53): Process com.android.alarmclock (pid 196) has died.
I/ActivityManager(   53): Stopping service: com.android.providers.downloads/.DownloadService
D/dalvikvm(  304): GC freed 5308 objects / 377568 bytes in 198ms
D/dalvikvm(  304): +++ not scanning '/system/lib/libwebcore.so' for 'getInt' (wrong CL)
D/dalvikvm(  304): +++ not scanning '/system/lib/libexif.so' for 'getInt' (wrong CL)
D/dalvikvm(  304): +++ not scanning '/system/lib/libFFTEm.so' for 'getInt' (wrong CL)
D/dalvikvm(  304): +++ not scanning '/system/lib/libmedia_jni.so' for 'getInt' (wrong CL)
D/dalvikvm(  304): +++ not scanning '/system/lib/libwebcore.so' for 'startRhodesApp' (wrong CL)
D/dalvikvm(  304): +++ not scanning '/system/lib/libexif.so' for 'startRhodesApp' (wrong CL)
D/dalvikvm(  304): +++ not scanning '/system/lib/libFFTEm.so' for 'startRhodesApp' (wrong CL)
D/dalvikvm(  304): +++ not scanning '/system/lib/libmedia_jni.so' for 'startRhodesApp' (wrong CL)
I/APP     (  304): I 10/22/2011 06:25:47:109 0000014d            RhodesApp| Starting RhodesApp main routine...
D/dalvikvm(  304): +++ not scanning '/system/lib/libwebcore.so' for 'callActivationCallback' (wrong CL)
D/dalvikvm(  304): +++ not scanning '/system/lib/libexif.so' for 'callActivationCallback' (wrong CL)
D/dalvikvm(  304): +++ not scanning '/system/lib/libFFTEm.so' for 'callActivationCallback' (wrong CL)
D/dalvikvm(  304): +++ not scanning '/system/lib/libmedia_jni.so' for 'callActivationCallback' (wrong CL)
I/APP     (  304): I 10/22/2011 06:25:47:117 00000130            RhodesApp| callAppActiveCallback
I/APP     (  304): I 10/22/2011 06:25:47:120 00000130         AppCallbacks| addCommand: APP-ACTIVATED
I/APP     (  304): I 10/22/2011 06:25:47:122 00000146         AppCallbacks| Received command APP-ACTIVATED which is greater than expected (LOCAL-SERVER-STARTED) - postpone it
I/APP     (  304): I 10/22/2011 06:25:47:128 00000146         AppCallbacks| ThreadQueue blocked for 4294967295 seconds...
I/APP     (  304): I 10/22/2011 06:25:47:130 00000130         AppActivated| Cannot commit now, application will be activated when started.
I/APP     (  304): I 10/22/2011 06:25:47:139 00000130            Undefined| Handlers have completed.
I/APP     (  304): I 10/22/2011 06:25:47:143 00000130    RhodesApplication| New AppState: Undefined
D/dalvikvm(  304): +++ not scanning '/system/lib/libwebcore.so' for 'D' (wrong CL)
D/dalvikvm(  304): +++ not scanning '/system/lib/libexif.so' for 'D' (wrong CL)
D/dalvikvm(  304): +++ not scanning '/system/lib/libFFTEm.so' for 'D' (wrong CL)
D/dalvikvm(  304): +++ not scanning '/system/lib/libmedia_jni.so' for 'D' (wrong CL)
I/APP     (  304): I 10/22/2011 06:25:47:193 00000130        RhodesService| handleCommand: startId=1, source=com.rhomobile.rhodes.BaseActivity
I/APP     (  304): I 10/22/2011 06:25:47:201 00000130        RhodesService| New activity was created
D/dalvikvm(  304): +++ not scanning '/system/lib/libwebcore.so' for 'callUiCreatedCallback' (wrong CL)
D/dalvikvm(  304): +++ not scanning '/system/lib/libexif.so' for 'callUiCreatedCallback' (wrong CL)
D/dalvikvm(  304): +++ not scanning '/system/lib/libFFTEm.so' for 'callUiCreatedCallback' (wrong CL)
D/dalvikvm(  304): +++ not scanning '/system/lib/libmedia_jni.so' for 'callUiCreatedCallback' (wrong CL)
I/APP     (  304): I 10/22/2011 06:25:47:230 00000130         AppCallbacks| addCommand: UI-CREATED
I/APP     (  304): I 10/22/2011 06:25:47:232 00000146         AppCallbacks| Received command UI-CREATED which is greater than expected (LOCAL-SERVER-STARTED) - postpone it
I/APP     (  304): I 10/22/2011 06:25:47:232 00000146         AppCallbacks| ThreadQueue blocked for 4294967295 seconds...
I/APP     (  304): I 10/22/2011 06:25:47:495 00000130       RhodesActivity| onServiceConnected: {com.rhomobile.uscampus/com.rhomobile.rhodes.RhodesService}
D/dalvikvm(  304): +++ not scanning '/system/lib/libwebcore.so' for 'canStartApp' (wrong CL)
D/dalvikvm(  304): +++ not scanning '/system/lib/libexif.so' for 'canStartApp' (wrong CL)
D/dalvikvm(  304): +++ not scanning '/system/lib/libFFTEm.so' for 'canStartApp' (wrong CL)
D/dalvikvm(  304): +++ not scanning '/system/lib/libmedia_jni.so' for 'canStartApp' (wrong CL)
I/APP     (  304): I 10/22/2011 06:25:47:510 00000130            RhodesApp| New start params: 
D/dalvikvm(  304): +++ not scanning '/system/lib/libwebcore.so' for 'getBool' (wrong CL)
D/dalvikvm(  304): +++ not scanning '/system/lib/libexif.so' for 'getBool' (wrong CL)
D/dalvikvm(  304): +++ not scanning '/system/lib/libFFTEm.so' for 'getBool' (wrong CL)
D/dalvikvm(  304): +++ not scanning '/system/lib/libmedia_jni.so' for 'getBool' (wrong CL)
I/APP     (  304): I 10/22/2011 06:25:47:809 0000014d              RhoRuby| Init_RhoBlobs: /data/data/com.rhomobile.uscampus/rhodata/db/db-files
I/ActivityManager(   53): Displayed activity com.rhomobile.uscampus/com.rhomobile.rhodes.RhodesActivity: 6900 ms (total 6900 ms)
I/APP     (  304): I 10/22/2011 06:25:47:925 0000014d              RhoRuby| require_compiled: rhoframework
I/APP     (  304): I 10/22/2011 06:25:48:229 0000014d              RhoRuby| require_compiled: rational
I/APP     (  304): I 10/22/2011 06:25:48:257 0000014d              RhoRuby| require_compiled: rhom/rhom_db_adapter
I/APP     (  304): I 10/22/2011 06:25:48:338 0000014d              RhoRuby| require_compiled: rhodes
I/APP     (  304): I 10/22/2011 06:25:48:355 0000014d              RhoRuby| require_compiled: rhom/rhom_object
I/APP     (  304): I 10/22/2011 06:25:48:371 0000014d              RhoRuby| require_compiled: rhofsconnector
I/APP     (  304): I 10/22/2011 06:25:48:382 0000014d              RhoRuby| require_compiled: rho/rhofsconnector
I/APP     (  304): I 10/22/2011 06:25:48:416 0000014d              RhoRuby| require_compiled: rhom/rhom_object_factory
I/APP     (  304): I 10/22/2011 06:25:48:722 0000014d              RhoRuby| require_compiled: rhom/rhom
I/APP     (  304): I 10/22/2011 06:25:48:763 0000014d              RhoRuby| require_compiled: rhom/rhom_model
I/APP     (  304): I 10/22/2011 06:25:48:802 0000014d              RhoRuby| require_compiled: rhom
I/APP     (  304): I 10/22/2011 06:25:48:815 0000014d              RhoRuby| require_compiled: rho/rhoapplication
I/APP     (  304): I 10/22/2011 06:25:48:869 0000014d              RhoRuby| require_compiled: rholang/localization_simplified
I/APP     (  304): I 10/22/2011 06:25:48:926 0000014d                  APP| Current locale: en; Country code: us
I/APP     (  304): I 10/22/2011 06:25:48:932 0000014d                  APP| file: /data/data/com.rhomobile.uscampus/rhodata/lib/rholang/lang_
I/APP     (  304): I 10/22/2011 06:25:48:936 0000014d              RhoRuby| require_compiled: /data/data/com.rhomobile.uscampus/rhodata/lib/rholang/lang_en
I/APP     (  304): I 10/22/2011 06:25:48:965 0000014d              RhoRuby| require_compiled: rho/rhomsg
I/APP     (  304): I 10/22/2011 06:25:48:979 0000014d                  APP| Current locale: en; Country code: us
I/APP     (  304): I 10/22/2011 06:25:48:980 0000014d                  APP| file: /data/data/com.rhomobile.uscampus/rhodata/lib/rholang/rhomsg_
I/APP     (  304): I 10/22/2011 06:25:48:983 0000014d              RhoRuby| require_compiled: /data/data/com.rhomobile.uscampus/rhodata/lib/rholang/rhomsg_en
I/APP     (  304): I 10/22/2011 06:25:48:994 0000014d              RhoRuby| require_compiled: rho/rhotabbar
I/APP     (  304): I 10/22/2011 06:25:49:008 0000014d              RhoRuby| require_compiled: rho/rhotoolbar
I/APP     (  304): I 10/22/2011 06:25:49:019 0000014d              RhoRuby| require_compiled: indifferent_access
I/APP     (  304): I 10/22/2011 06:25:49:054 0000014d              RhoRuby| require_compiled: rho/rhosupport
I/APP     (  304): I 10/22/2011 06:25:49:103 0000014d              RhoRuby| require_compiled: rho/rhocontroller
I/APP     (  304): I 10/22/2011 06:25:49:136 0000014d              RhoRuby| require_compiled: rho/render
I/APP     (  304): I 10/22/2011 06:25:49:229 0000014d              RhoRuby| require_compiled: rho/rho
I/APP     (  304): I 10/22/2011 06:25:49:678 0000014d              RhoRuby| require_compiled: rho/rhoerror
I/APP     (  304): I 10/22/2011 06:25:49:692 0000014d                  APP| Current locale: en; Country code: us
I/APP     (  304): I 10/22/2011 06:25:49:693 0000014d                  APP| file: /data/data/com.rhomobile.uscampus/rhodata/lib/rholang/rhoerror_
I/APP     (  304): I 10/22/2011 06:25:49:695 0000014d              RhoRuby| require_compiled: /data/data/com.rhomobile.uscampus/rhodata/lib/rholang/rhoerror_en
I/APP     (  304): I 10/22/2011 06:25:49:714 0000014d              RhoRuby| require_compiled: rhom/rhom_source
I/APP     (  304): I 10/22/2011 06:25:49:750 0000014d              RhoRuby| require_compiled: rho/rhoviewhelpers
I/APP     (  304): I 10/22/2011 06:25:49:786 0000014d              RhoRuby| require_compiled: rho
I/APP     (  304): I 10/22/2011 06:25:49:792 0000014d                  APP| RHO loaded
I/APP     (  304): I 10/22/2011 06:25:49:794 0000014d                  APP| Calling RHO.initialize
I/APP     (  304): I 10/22/2011 06:25:49:798 0000014d                  APP| model file: Games/games
I/APP     (  304): I 10/22/2011 06:25:49:803 0000014d                   DB| Open DB: /data/data/com.rhomobile.uscampus/rhodata/db/syncdbuser.sqlite
I/APP     (  304): I 10/22/2011 06:25:50:064 0000014d            RhodesApp| Starting sync engine...
I/APP     (  304): I 10/22/2011 06:25:50:068 0000014d                 Sync| sync_poll_interval: 0
I/APP     (  304): I 10/22/2011 06:25:50:072 0000014d                 Sync| syncserver: 
I/APP     (  304): I 10/22/2011 06:25:50:074 0000014d                 Sync| bulksync_state: 0
I/APP     (  304): I 10/22/2011 06:25:50:078 0000014d            RhodesApp| RhoRubyInitApp...
I/APP     (  304): I 10/22/2011 06:25:50:080 0000014d                  APP| init_app
I/APP     (  304): I 10/22/2011 06:25:50:085 0000014d              RhoRuby| require_compiled: application
I/APP     (  304): I 10/22/2011 06:25:50:095 0000014d                  APP| Current locale: en; Country code: us
I/APP     (  304): I 10/22/2011 06:25:50:098 0000014d           HttpServer| Start HTTP server
I/APP     (  304): I 10/22/2011 06:25:50:104 0000014d           HttpServer| Listen for connections on port 55092
I/APP     (  304): I 10/22/2011 06:25:50:105 0000014d         AppCallbacks| addCommand: LOCAL-SERVER-STARTED
I/APP     (  304): I 10/22/2011 06:25:50:107 00000146         AppCallbacks| process command: LOCAL-SERVER-STARTED
I/APP     (  304): I 10/22/2011 06:25:50:110 00000146           AppStarted| Handlers have completed.
I/APP     (  304): I 10/22/2011 06:25:50:113 00000146         AppActivated| Handlers have completed.
I/APP     (  304): I 10/22/2011 06:25:50:114 00000146    RhodesApplication| New AppState: AppActivated
I/APP     (  304): I 10/22/2011 06:25:50:115 00000146         AppCallbacks| process command: UI-CREATED
I/APP     (  304): I 10/22/2011 06:25:50:160 0000014d           HttpServer| Process URI: '/system/uicreated'
I/APP     (  304): I 10/22/2011 06:25:50:164 0000014d                  APP| on_ui_created.navigate to start url: '/app'
D/dalvikvm(  304): +++ not scanning '/system/lib/libwebcore.so' for 'howLongWaitMs' (wrong CL)
D/dalvikvm(  304): +++ not scanning '/system/lib/libexif.so' for 'howLongWaitMs' (wrong CL)
D/dalvikvm(  304): +++ not scanning '/system/lib/libFFTEm.so' for 'howLongWaitMs' (wrong CL)
D/dalvikvm(  304): +++ not scanning '/system/lib/libmedia_jni.so' for 'howLongWaitMs' (wrong CL)
V/SplashScreen(  304): ms[1319264750183] $$$$$$$$$$$$$$$$$$$$$$$     DELAY for SplashScreen = 0
I/APP     (  304): I 10/22/2011 06:25:50:243 00000146         AppCallbacks| process command: APP-ACTIVATED
V/SimpleMainView(  304): ms[1319264750337] processForNativeView : [http://localhost:55092/app]
D/dalvikvm(  304): +++ not scanning '/system/lib/libwebcore.so' for 'getFactoryHandleByViewType' (wrong CL)
D/dalvikvm(  304): +++ not scanning '/system/lib/libexif.so' for 'getFactoryHandleByViewType' (wrong CL)
D/dalvikvm(  304): +++ not scanning '/system/lib/libFFTEm.so' for 'getFactoryHandleByViewType' (wrong CL)
D/dalvikvm(  304): +++ not scanning '/system/lib/libmedia_jni.so' for 'getFactoryHandleByViewType' (wrong CL)
I/APP     (  304): I 10/22/2011 06:25:50:349 00000130       SimpleMainView| Cleared URL: http://localhost:55092/app
V/SimpleMainView.View(  304): ms[1319264750412]  Main Window :: onSizeChanged() old [ 480 x 762 ]  new [ 0 x 0 ]
I/APP     (  304): I 10/22/2011 06:25:50:439 0000014d           HttpServer| Process URI: '/system/activateapp'
I/APP     (  304): I 10/22/2011 06:25:50:444 00000146         AppCallbacks| ThreadQueue blocked for 4294967295 seconds...
I/APP     (  304): I 10/22/2011 06:25:50:664 0000014d           HttpServer| Process URI: '/app'
I/APP     (  304): I 10/22/2011 06:25:50:834 00000130     RhoWebViewClient| Loading URL: http://localhost:55092/app/index_erb.iseq
I/APP     (  304): I 10/22/2011 06:25:50:868 0000014d           HttpServer| Process URI: '/app/index_erb.iseq'
I/APP     (  304): I 10/22/2011 06:25:50:874 0000014d                  APP| RHO serve_index: /app/index_erb.iseq
I/APP     (  304): I 10/22/2011 06:25:50:877 0000014d RHO Rho::RhoController| inst_render_index
I/APP     (  304): I 10/22/2011 06:25:50:907 0000014d RHO Rho::RhoController| index layout
I/APP     (  304): I 10/22/2011 06:25:51:368 0000014d           HttpServer| Process URI: '/public/jquery/jquery-1.6.2.min.js'
D/dalvikvm(  304): GC freed 2567 objects / 617840 bytes in 206ms
D/webviewglue(  304): nativeDestroy view: 0x3390c8
I/APP     (  304): I 10/22/2011 06:25:51:764 0000014d           HttpServer| Process URI: '/public/jqmobile/jquery.mobile-1.0b2.min.css'
I/APP     (  304): I 10/22/2011 06:25:51:897 0000014d           HttpServer| Process URI: '/public/css/jqmobile-patch.css'
I/APP     (  304): I 10/22/2011 06:25:52:003 0000014d           HttpServer| Process URI: '/public/jqmobile/jquery.mobile-1.0b2.min.js'
I/APP     (  304): I 10/22/2011 06:25:52:175 0000014d           HttpServer| Process URI: '/public/js/jqmobile-patch.js'
I/APP     (  304): I 10/22/2011 06:25:52:259 0000014d           HttpServer| Process URI: '/public/css/android.css'
D/dalvikvm(   93): GC freed 3902 objects / 213904 bytes in 197ms
I/APP     (  304): I 10/22/2011 06:26:01:858 0000014d           HttpServer| Process URI: '/public/jqmobile/images/icons-18-white.png'
D/dalvikvm(  142): GC freed 2614 objects / 165816 bytes in 125ms
D/dalvikvm(  304): +++ not scanning '/system/lib/libwebcore.so' for 'navigateBack' (wrong CL)
D/dalvikvm(  304): +++ not scanning '/system/lib/libexif.so' for 'navigateBack' (wrong CL)
D/dalvikvm(  304): +++ not scanning '/system/lib/libFFTEm.so' for 'navigateBack' (wrong CL)
D/dalvikvm(  304): +++ not scanning '/system/lib/libmedia_jni.so' for 'navigateBack' (wrong CL)
D/dalvikvm(  304): +++ not scanning '/system/lib/libwebcore.so' for 'isOnStartPage' (wrong CL)
D/dalvikvm(  304): +++ not scanning '/system/lib/libexif.so' for 'isOnStartPage' (wrong CL)
D/dalvikvm(  304): +++ not scanning '/system/lib/libFFTEm.so' for 'isOnStartPage' (wrong CL)
D/dalvikvm(  304): +++ not scanning '/system/lib/libmedia_jni.so' for 'isOnStartPage' (wrong CL)
I/ActivityManager(   53): moveTaskToBack: 5
D/PhoneWindow(  304): couldn't save which view has focus because the focused view android.webkit.WebView@439b6720 has no id.
I/APP     (  304): I 10/22/2011 06:26:12:581 00000130         AppActivated| Handlers have completed.
I/APP     (  304): I 10/22/2011 06:26:12:582 00000130    RhodesApplication| New UiState: MainActivityPaused
D/RhodesActivity(  304): RhodesActivity.onPause()
D/dalvikvm(  304): +++ not scanning '/system/lib/libwebcore.so' for 'callUiDestroyedCallback' (wrong CL)
D/dalvikvm(  304): +++ not scanning '/system/lib/libexif.so' for 'callUiDestroyedCallback' (wrong CL)
D/dalvikvm(  304): +++ not scanning '/system/lib/libFFTEm.so' for 'callUiDestroyedCallback' (wrong CL)
D/dalvikvm(  304): +++ not scanning '/system/lib/libmedia_jni.so' for 'callUiDestroyedCallback' (wrong CL)
I/APP     (  304): I 10/22/2011 06:26:12:603 0000014d           HttpServer| Process URI: '/system/uidestroyed'
I/APP     (  240): I 10/22/2011 06:26:12:658 000000f0            RhodesApp| callAppActiveCallback
I/APP     (  240): I 10/22/2011 06:26:12:663 000000f0         AppCallbacks| addCommand: APP-ACTIVATED
I/APP     (  240): I 10/22/2011 06:26:12:669 000000f7            RhodesApp| restart local server.
I/APP     (  240): I 10/22/2011 06:26:12:670 000000f7           HttpServer| Stopping server...
I/APP     (  240): I 10/22/2011 06:26:12:671 000000fc           HttpServer| Start HTTP server
I/APP     (  240): I 10/22/2011 06:26:12:672 000000fc           HttpServer| Listen for connections on port 36266
I/APP     (  240): I 10/22/2011 06:26:12:673 000000fc         AppCallbacks| addCommand: LOCAL-SERVER-STARTED
I/APP     (  240): I 10/22/2011 06:26:12:674 000000f7         AppCallbacks| Received command APP-ACTIVATED which is greater than expected (LOCAL-SERVER-STARTED) - postpone it
I/APP     (  240): I 10/22/2011 06:26:12:675 000000f7         AppCallbacks| process command: LOCAL-SERVER-STARTED
I/APP     (  240): I 10/22/2011 06:26:12:684 000000f7           AppStarted| Handlers have completed.
I/APP     (  240): I 10/22/2011 06:26:12:687 000000f7         AppActivated| Handlers have completed.
I/APP     (  240): I 10/22/2011 06:26:12:689 000000f7    RhodesApplication| New AppState: AppActivated
I/APP     (  240): I 10/22/2011 06:26:12:692 000000f7         AppCallbacks| process command: APP-ACTIVATED
I/APP     (  240): I 10/22/2011 06:26:12:691 000000f0         AppActivated| Handlers have completed.
I/APP     (  240): I 10/22/2011 06:26:12:718 000000f0    RhodesApplication| New AppState: AppActivated
D/RhodesActivity(  240): RhodesActivity.onStart()
I/APP     (  240): I 10/22/2011 06:26:12:720 000000f0         AppActivated| Handlers have completed.
I/APP     (  240): I 10/22/2011 06:26:12:722 000000f0    RhodesApplication| New UiState: MainActivityStarted
D/RhodesActivity(  240): RhodesActivity.onResume()
I/APP     (  240): I 10/22/2011 06:26:12:918 000000fc           HttpServer| Process URI: '/system/activateapp'
I/APP     (  240): I 10/22/2011 06:26:13:010 000000f7         AppCallbacks| ThreadQueue blocked for 4294967295 seconds...
I/APP     (  240): I 10/22/2011 06:26:13:013 000000f7         AppCallbacks| ThreadQueue blocked for 4294967295 seconds...
I/APP     (  304): I 10/22/2011 06:26:13:424 00000130       AppDeactivated| Handlers have completed.
I/APP     (  304): I 10/22/2011 06:26:13:426 00000130    RhodesApplication| New AppState: AppDeactivated
I/APP     (  304): I 10/22/2011 06:26:13:427 00000130        RhodesService| activityStopped() temporary release wakeLock object
I/APP     (  304): I 10/22/2011 06:26:13:432 00000130            RhodesApp| callAppActiveCallback
I/APP     (  304): I 10/22/2011 06:26:13:433 00000130         AppCallbacks| addCommand: APP-DEACTIVATED
I/APP     (  304): I 10/22/2011 06:26:13:434 00000146         AppCallbacks| process command: APP-DEACTIVATED
I/APP     (  304): I 10/22/2011 06:26:13:435 00000146         AppCallbacks| ThreadQueue blocked for 4294967295 seconds...
I/APP     (  304): I 10/22/2011 06:26:13:466 0000014d           HttpServer| Process URI: '/system/deactivateapp'
D/RhodesActivity(  304): RhodesActivity.onStop()
D/dalvikvm(  240): +++ not scanning '/system/lib/libwebcore.so' for 'navigateBack' (wrong CL)
D/dalvikvm(  240): +++ not scanning '/system/lib/libexif.so' for 'navigateBack' (wrong CL)
D/dalvikvm(  240): +++ not scanning '/system/lib/libFFTEm.so' for 'navigateBack' (wrong CL)
D/dalvikvm(  240): +++ not scanning '/system/lib/libmedia_jni.so' for 'navigateBack' (wrong CL)
D/dalvikvm(  240): +++ not scanning '/system/lib/libwebcore.so' for 'isOnStartPage' (wrong CL)
D/dalvikvm(  240): +++ not scanning '/system/lib/libexif.so' for 'isOnStartPage' (wrong CL)
D/dalvikvm(  240): +++ not scanning '/system/lib/libFFTEm.so' for 'isOnStartPage' (wrong CL)
D/dalvikvm(  240): +++ not scanning '/system/lib/libmedia_jni.so' for 'isOnStartPage' (wrong CL)
I/ActivityManager(   53): moveTaskToBack: 4
D/PhoneWindow(  240): couldn't save which view has focus because the focused view android.webkit.WebView@437bd5b0 has no id.
I/APP     (  240): I 10/22/2011 06:26:15:868 000000f0         AppActivated| Handlers have completed.
I/APP     (  240): I 10/22/2011 06:26:15:869 000000f0    RhodesApplication| New UiState: MainActivityPaused
D/RhodesActivity(  240): RhodesActivity.onPause()
I/APP     (  240): I 10/22/2011 06:26:15:884 000000fc           HttpServer| Process URI: '/system/uidestroyed'
W/InputManagerService(   53): Starting input on non-focused client com.android.internal.view.IInputMethodClient$Stub$Proxy@43843228 (uid=10025 pid=240)
I/APP     (  240): I 10/22/2011 06:26:16:216 000000f0       AppDeactivated| Handlers have completed.
I/APP     (  240): I 10/22/2011 06:26:16:219 000000f0    RhodesApplication| New AppState: AppDeactivated
I/APP     (  240): I 10/22/2011 06:26:16:220 000000f0        RhodesService| activityStopped() temporary release wakeLock object
I/APP     (  240): I 10/22/2011 06:26:16:246 000000f0            RhodesApp| callAppActiveCallback
I/APP     (  240): I 10/22/2011 06:26:16:246 000000f0         AppCallbacks| addCommand: APP-DEACTIVATED
I/APP     (  240): I 10/22/2011 06:26:16:247 000000f7         AppCallbacks| process command: APP-DEACTIVATED
I/APP     (  240): I 10/22/2011 06:26:16:247 000000f7         AppCallbacks| ThreadQueue blocked for 4294967295 seconds...
I/APP     (  240): I 10/22/2011 06:26:16:256 000000fc           HttpServer| Process URI: '/system/deactivateapp'
D/RhodesActivity(  240): RhodesActivity.onStop()
W/KeyCharacterMap(   93): No keyboard for id 0
