I/APP     (  304): I 10/22/2011 06:25:50:907 0000014d RHO Rho::RhoController| index layout
I/APP     (  304): I 10/22/2011 06:25:51:368 0000014d           HttpServer| Process URI: '/public/jquery/jquery-1.6.2.min.js'
D/dalvikvm(  304): GC freed 2567 objects / 617840 bytes in 206ms
D/webviewglue(  304): nativeDestroy view: 0x3390c8
I/APP     (  304): I 10/22/2011 06:25:51:764 0000014d           HttpServer| Process URI: '/public/jqmobile/jquery.mobile-1.0b2.min.css'
I/APP     (  304): I 10/22/2011 06:25:51:897 0000014d           HttpServer| Process URI: '/public/css/jqmobile-patch.css'
I/APP     (  304): I 10/22/2011 06:25:52:003 0000014d           HttpServer| Process URI: '/public/jqmobile/jquery.mobile-1.0b2.min.js'
I/APP     (  304): I 10/22/2011 06:25:52:175 0000014d           HttpServer| Process URI: '/public/js/jqmobile-patch.js'
I/APP     (  304): I 10/22/2011 06:25:52:259 0000014d           HttpServer| Process URI: '/public/css/android.css'
D/dalvikvm(   93): GC freed 3902 objects / 213904 bytes in 197ms
I/APP     (  304): I 10/22/2011 06:26:01:858 0000014d           HttpServer| Process URI: '/public/jqmobile/images/icons-18-white.png'
D/dalvikvm(  142): GC freed 2614 objects / 165816 bytes in 125ms
D/dalvikvm(  304): +++ not scanning '/system/lib/libwebcore.so' for 'navigateBack' (wrong CL)
D/dalvikvm(  304): +++ not scanning '/system/lib/libexif.so' for 'navigateBack' (wrong CL)
D/dalvikvm(  304): +++ not scanning '/system/lib/libFFTEm.so' for 'navigateBack' (wrong CL)
D/dalvikvm(  304): +++ not scanning '/system/lib/libmedia_jni.so' for 'navigateBack' (wrong CL)
D/dalvikvm(  304): +++ not scanning '/system/lib/libwebcore.so' for 'isOnStartPage' (wrong CL)
D/dalvikvm(  304): +++ not scanning '/system/lib/libexif.so' for 'isOnStartPage' (wrong CL)
D/dalvikvm(  304): +++ not scanning '/system/lib/libFFTEm.so' for 'isOnStartPage' (wrong CL)
D/dalvikvm(  304): +++ not scanning '/system/lib/libmedia_jni.so' for 'isOnStartPage' (wrong CL)
I/ActivityManager(   53): moveTaskToBack: 5
D/PhoneWindow(  304): couldn't save which view has focus because the focused view android.webkit.WebView@439b6720 has no id.
I/APP     (  304): I 10/22/2011 06:26:12:581 00000130         AppActivated| Handlers have completed.
I/APP     (  304): I 10/22/2011 06:26:12:582 00000130    RhodesApplication| New UiState: MainActivityPaused
D/RhodesActivity(  304): RhodesActivity.onPause()
D/dalvikvm(  304): +++ not scanning '/system/lib/libwebcore.so' for 'callUiDestroyedCallback' (wrong CL)
D/dalvikvm(  304): +++ not scanning '/system/lib/libexif.so' for 'callUiDestroyedCallback' (wrong CL)
D/dalvikvm(  304): +++ not scanning '/system/lib/libFFTEm.so' for 'callUiDestroyedCallback' (wrong CL)
D/dalvikvm(  304): +++ not scanning '/system/lib/libmedia_jni.so' for 'callUiDestroyedCallback' (wrong CL)
I/APP     (  304): I 10/22/2011 06:26:12:603 0000014d           HttpServer| Process URI: '/system/uidestroyed'
I/APP     (  240): I 10/22/2011 06:26:12:658 000000f0            RhodesApp| callAppActiveCallback
I/APP     (  240): I 10/22/2011 06:26:12:663 000000f0         AppCallbacks| addCommand: APP-ACTIVATED
I/APP     (  240): I 10/22/2011 06:26:12:669 000000f7            RhodesApp| restart local server.
I/APP     (  240): I 10/22/2011 06:26:12:670 000000f7           HttpServer| Stopping server...
I/APP     (  240): I 10/22/2011 06:26:12:671 000000fc           HttpServer| Start HTTP server
I/APP     (  240): I 10/22/2011 06:26:12:672 000000fc           HttpServer| Listen for connections on port 36266
I/APP     (  240): I 10/22/2011 06:26:12:673 000000fc         AppCallbacks| addCommand: LOCAL-SERVER-STARTED
I/APP     (  240): I 10/22/2011 06:26:12:674 000000f7         AppCallbacks| Received command APP-ACTIVATED which is greater than expected (LOCAL-SERVER-STARTED) - postpone it
I/APP     (  240): I 10/22/2011 06:26:12:675 000000f7         AppCallbacks| process command: LOCAL-SERVER-STARTED
I/APP     (  240): I 10/22/2011 06:26:12:684 000000f7           AppStarted| Handlers have completed.
I/APP     (  240): I 10/22/2011 06:26:12:687 000000f7         AppActivated| Handlers have completed.
I/APP     (  240): I 10/22/2011 06:26:12:689 000000f7    RhodesApplication| New AppState: AppActivated
I/APP     (  240): I 10/22/2011 06:26:12:692 000000f7         AppCallbacks| process command: APP-ACTIVATED
I/APP     (  240): I 10/22/2011 06:26:12:691 000000f0         AppActivated| Handlers have completed.
I/APP     (  240): I 10/22/2011 06:26:12:718 000000f0    RhodesApplication| New AppState: AppActivated
D/RhodesActivity(  240): RhodesActivity.onStart()
I/APP     (  240): I 10/22/2011 06:26:12:720 000000f0         AppActivated| Handlers have completed.
I/APP     (  240): I 10/22/2011 06:26:12:722 000000f0    RhodesApplication| New UiState: MainActivityStarted
D/RhodesActivity(  240): RhodesActivity.onResume()
I/APP     (  240): I 10/22/2011 06:26:12:918 000000fc           HttpServer| Process URI: '/system/activateapp'
I/APP     (  240): I 10/22/2011 06:26:13:010 000000f7         AppCallbacks| ThreadQueue blocked for 4294967295 seconds...
I/APP     (  240): I 10/22/2011 06:26:13:013 000000f7         AppCallbacks| ThreadQueue blocked for 4294967295 seconds...
I/APP     (  304): I 10/22/2011 06:26:13:424 00000130       AppDeactivated| Handlers have completed.
I/APP     (  304): I 10/22/2011 06:26:13:426 00000130    RhodesApplication| New AppState: AppDeactivated
I/APP     (  304): I 10/22/2011 06:26:13:427 00000130        RhodesService| activityStopped() temporary release wakeLock object
I/APP     (  304): I 10/22/2011 06:26:13:432 00000130            RhodesApp| callAppActiveCallback
I/APP     (  304): I 10/22/2011 06:26:13:433 00000130         AppCallbacks| addCommand: APP-DEACTIVATED
I/APP     (  304): I 10/22/2011 06:26:13:434 00000146         AppCallbacks| process command: APP-DEACTIVATED
I/APP     (  304): I 10/22/2011 06:26:13:435 00000146         AppCallbacks| ThreadQueue blocked for 4294967295 seconds...
I/APP     (  304): I 10/22/2011 06:26:13:466 0000014d           HttpServer| Process URI: '/system/deactivateapp'
D/RhodesActivity(  304): RhodesActivity.onStop()
D/dalvikvm(  240): +++ not scanning '/system/lib/libwebcore.so' for 'navigateBack' (wrong CL)
D/dalvikvm(  240): +++ not scanning '/system/lib/libexif.so' for 'navigateBack' (wrong CL)
D/dalvikvm(  240): +++ not scanning '/system/lib/libFFTEm.so' for 'navigateBack' (wrong CL)
D/dalvikvm(  240): +++ not scanning '/system/lib/libmedia_jni.so' for 'navigateBack' (wrong CL)
D/dalvikvm(  240): +++ not scanning '/system/lib/libwebcore.so' for 'isOnStartPage' (wrong CL)
D/dalvikvm(  240): +++ not scanning '/system/lib/libexif.so' for 'isOnStartPage' (wrong CL)
D/dalvikvm(  240): +++ not scanning '/system/lib/libFFTEm.so' for 'isOnStartPage' (wrong CL)
D/dalvikvm(  240): +++ not scanning '/system/lib/libmedia_jni.so' for 'isOnStartPage' (wrong CL)
I/ActivityManager(   53): moveTaskToBack: 4
D/PhoneWindow(  240): couldn't save which view has focus because the focused view android.webkit.WebView@437bd5b0 has no id.
I/APP     (  240): I 10/22/2011 06:26:15:868 000000f0         AppActivated| Handlers have completed.
I/APP     (  240): I 10/22/2011 06:26:15:869 000000f0    RhodesApplication| New UiState: MainActivityPaused
D/RhodesActivity(  240): RhodesActivity.onPause()
I/APP     (  240): I 10/22/2011 06:26:15:884 000000fc           HttpServer| Process URI: '/system/uidestroyed'
W/InputManagerService(   53): Starting input on non-focused client com.android.internal.view.IInputMethodClient$Stub$Proxy@43843228 (uid=10025 pid=240)
I/APP     (  240): I 10/22/2011 06:26:16:216 000000f0       AppDeactivated| Handlers have completed.
I/APP     (  240): I 10/22/2011 06:26:16:219 000000f0    RhodesApplication| New AppState: AppDeactivated
I/APP     (  240): I 10/22/2011 06:26:16:220 000000f0        RhodesService| activityStopped() temporary release wakeLock object
I/APP     (  240): I 10/22/2011 06:26:16:246 000000f0            RhodesApp| callAppActiveCallback
I/APP     (  240): I 10/22/2011 06:26:16:246 000000f0         AppCallbacks| addCommand: APP-DEACTIVATED
I/APP     (  240): I 10/22/2011 06:26:16:247 000000f7         AppCallbacks| process command: APP-DEACTIVATED
I/APP     (  240): I 10/22/2011 06:26:16:247 000000f7         AppCallbacks| ThreadQueue blocked for 4294967295 seconds...
I/APP     (  240): I 10/22/2011 06:26:16:256 000000fc           HttpServer| Process URI: '/system/deactivateapp'
D/RhodesActivity(  240): RhodesActivity.onStop()
W/KeyCharacterMap(   93): No keyboard for id 0
W/KeyCharacterMap(   93): Using default keymap: /system/usr/keychars/qwerty.kcm.bin
D/dalvikvm(   53): GREF has increased to 301
D/dalvikvm(  240): GC freed 41487 objects / 1647336 bytes in 215ms
I/ActivityManager(   53): Starting activity: Intent { act=android.intent.action.MAIN cat=[android.intent.category.LAUNCHER] flg=0x10200000 cmp=com.rhomobile.uscampus/com.rhomobile.rhodes.RhodesActivity }
D/RhodesActivity(  304): RhodesActivity.onNewIntent()
I/APP     (  304): I 10/22/2011 06:26:55:127 00000130            RhodesApp| New start params: 
I/APP     (  304): I 10/22/2011 06:26:55:133 00000130            RhodesApp| callAppActiveCallback
I/APP     (  304): I 10/22/2011 06:26:55:133 00000130         AppCallbacks| addCommand: APP-ACTIVATED
I/APP     (  304): I 10/22/2011 06:26:55:134 00000146            RhodesApp| restart local server.
I/APP     (  304): I 10/22/2011 06:26:55:135 00000146           HttpServer| Stopping server...
I/APP     (  304): I 10/22/2011 06:26:55:136 0000014d           HttpServer| Start HTTP server
I/APP     (  304): I 10/22/2011 06:26:55:138 0000014d           HttpServer| Listen for connections on port 55092
I/APP     (  304): I 10/22/2011 06:26:55:139 0000014d         AppCallbacks| addCommand: LOCAL-SERVER-STARTED
I/APP     (  304): I 10/22/2011 06:26:55:141 00000146         AppCallbacks| Received command APP-ACTIVATED which is greater than expected (LOCAL-SERVER-STARTED) - postpone it
I/APP     (  304): I 10/22/2011 06:26:55:142 00000146         AppCallbacks| process command: LOCAL-SERVER-STARTED
I/APP     (  304): I 10/22/2011 06:26:55:143 00000146           AppStarted| Handlers have completed.
I/APP     (  304): I 10/22/2011 06:26:55:144 00000146         AppActivated| Handlers have completed.
I/APP     (  304): I 10/22/2011 06:26:55:145 00000146    RhodesApplication| New AppState: AppActivated
I/APP     (  304): I 10/22/2011 06:26:55:145 00000146         AppCallbacks| process command: APP-ACTIVATED
I/APP     (  304): I 10/22/2011 06:26:55:153 00000130         AppActivated| Handlers have completed.
I/APP     (  304): I 10/22/2011 06:26:55:154 00000130    RhodesApplication| New AppState: AppActivated
D/RhodesActivity(  304): RhodesActivity.onStart()
I/APP     (  304): I 10/22/2011 06:26:55:155 00000130         AppActivated| Handlers have completed.
I/APP     (  304): I 10/22/2011 06:26:55:155 00000130    RhodesApplication| New UiState: MainActivityStarted
D/RhodesActivity(  304): RhodesActivity.onResume()
I/APP     (  304): I 10/22/2011 06:26:55:188 0000014d           HttpServer| Process URI: '/system/activateapp'
I/APP     (  304): I 10/22/2011 06:26:55:204 00000146         AppCallbacks| ThreadQueue blocked for 4294967295 seconds...
I/APP     (  304): I 10/22/2011 06:26:55:206 00000146         AppCallbacks| ThreadQueue blocked for 4294967295 seconds...
D/dalvikvm(  213): GC freed 38351 objects / 928200 bytes in 196ms
D/dalvikvm(   90): GC freed 12179 objects / 692784 bytes in 138ms
D/dalvikvm(  213): GC freed 3626 objects / 87592 bytes in 120ms
D/dalvikvm(  240): GC freed 10786 objects / 263000 bytes in 129ms
D/dalvikvm(  304): GC freed 15604 objects / 1137416 bytes in 129ms
I/APP     (  304): I 10/22/2011 06:37:44:194 0000014d           HttpServer| Process URI: '/app/index_erb.iseq'
I/APP     (  304): I 10/22/2011 06:37:44:223 0000014d                  APP| RHO serve_index: /app/index_erb.iseq
I/APP     (  304): I 10/22/2011 06:37:44:230 0000014d RHO Rho::RhoController| inst_render_index
I/APP     (  304): I 10/22/2011 06:37:44:300 0000014d RHO Rho::RhoController| index layout
D/jdwp    (   53): +++ peer disconnected
I/dalvikvm(   53): Debugger has detached; object registry had 1 entries
D/jdwp    (   90): +++ peer disconnected
I/dalvikvm(   90): Debugger has detached; object registry had 1 entries
D/jdwp    (   93): +++ peer disconnected
I/dalvikvm(   93): Debugger has detached; object registry had 1 entries
D/jdwp    (  142): +++ peer disconnected
I/dalvikvm(  142): Debugger has detached; object registry had 1 entries
D/jdwp    (  213): +++ peer disconnected
I/dalvikvm(  213): Debugger has detached; object registry had 1 entries
D/jdwp    (  233): +++ peer disconnected
I/dalvikvm(  233): Debugger has detached; object registry had 1 entries
D/jdwp    (  240): +++ peer disconnected
I/dalvikvm(  240): Debugger has detached; object registry had 1 entries
D/jdwp    (  297): +++ peer disconnected
I/dalvikvm(  297): Debugger has detached; object registry had 1 entries
D/jdwp    (  304): +++ peer disconnected
I/dalvikvm(  304): Debugger has detached; object registry had 1 entries
D/jdwp    (  316): +++ peer disconnected
I/dalvikvm(  316): Debugger has detached; object registry had 1 entries
I/jdwp    (   53): received file descriptor 45 from ADB
I/jdwp    (   90): received file descriptor 13 from ADB
D/ddm-heap(   53): Got feature list request
I/jdwp    (   93): received file descriptor 13 from ADB
D/ddm-heap(   90): Got feature list request
I/jdwp    (  142): received file descriptor 10 from ADB
D/ddm-heap(   93): Got feature list request
I/jdwp    (  213): received file descriptor 10 from ADB
D/ddm-heap(  142): Got feature list request
I/jdwp    (  233): received file descriptor 20 from ADB
D/ddm-heap(  213): Got feature list request
I/jdwp    (  240): received file descriptor 20 from ADB
I/jdwp    (  297): received file descriptor 10 from ADB
D/ddm-heap(  233): Got feature list request
I/jdwp    (  304): received file descriptor 10 from ADB
D/ddm-heap(  240): Got feature list request
D/ddm-heap(  297): Got feature list request
I/jdwp    (  316): received file descriptor 20 from ADB
D/ddm-heap(  304): Got feature list request
D/ddm-heap(  316): Got feature list request
D/AndroidRuntime(  356): 
D/AndroidRuntime(  356): >>>>>>>>>>>>>> AndroidRuntime START <<<<<<<<<<<<<<
D/AndroidRuntime(  356): CheckJNI is ON
I/jdwp    (  356): received file descriptor 21 from ADB
D/AndroidRuntime(  356): --- registering native functions ---
D/ddm-heap(  356): Got feature list request
D/PackageParser(   53): Scanning package: /data/app/vmdl36915.tmp
D/dalvikvm(   53): GC freed 25850 objects / 1348544 bytes in 271ms
I/PackageManager(   53): Removing non-system package:com.rhomobile.uscampus
D/PackageManager(   53): Removing package com.rhomobile.uscampus
D/PackageManager(   53): Unregistered content provider: com.rhomobile.uscampus, className = com.rhomobile.rhodes.LocalFileProvider, isSyncable = false
D/PackageManager(   53):   Providers: com.rhomobile.rhodes.LocalFileProvider
D/PackageManager(   53):   Services: com.rhomobile.rhodes.RhodesService
D/PackageManager(   53):   Activities: com.rhomobile.rhodes.RhodesActivity com.rhomobile.rhodes.alert.PopupActivity com.rhomobile.rhodes.camera.FileList com.rhomobile.rhodes.camera.ImageCapture com.rhomobile.rhodes.signature.ImageCapture com.rhomobile.rhodes.datetime.DateTimePickerScreen com.rhomobile.rhodes.mapview.MapView com.rhomobile.rhodes.mapview.GoogleMapView com.rhomobile.rhodes.bluetooth.RhoBluetoothDeviceListActivity
D/PackageManager(   53): Scanning package com.rhomobile.uscampus
I/PackageManager(   53): /data/app/vmdl36915.tmp changed; unpacking
D/PackageManager(   53): Caching shared lib lib/armeabi/librhodes.so
D/installd(   32): DexInv: --- BEGIN '/data/app/vmdl36915.tmp' ---
D/dalvikvm(  363): DexOpt: load 240ms, verify 826ms, opt 32ms
D/installd(   32): DexInv: --- END '/data/app/vmdl36915.tmp' (success) ---
D/ActivityManager(   53): Uninstalling process com.rhomobile.uscampus
D/ActivityManager(   53): Force removing process ProcessRecord{439f9260 304:com.rhomobile.uscampus/10027} (com.rhomobile.uscampus/10027)
W/ActivityManager(   53): Scheduling restart of crashed service com.rhomobile.uscampus/com.rhomobile.rhodes.RhodesService in 5000ms
D/PackageManager(   53): Registered content provider: com.rhomobile.uscampus, className = com.rhomobile.rhodes.LocalFileProvider, isSyncable = false
I/Process (   53): Sending signal. PID: 304 SIG: 9
D/PackageManager(   53):   Providers: com.rhomobile.rhodes.LocalFileProvider
W/UsageStats(   53): Unexpected resume of com.android.launcher while already resumed in com.rhomobile.uscampus
D/PackageManager(   53):   Services: com.rhomobile.rhodes.RhodesService
D/PackageManager(   53):   Activities: com.rhomobile.rhodes.RhodesActivity com.rhomobile.rhodes.alert.PopupActivity com.rhomobile.rhodes.camera.FileList com.rhomobile.rhodes.camera.ImageCapture com.rhomobile.rhodes.signature.ImageCapture com.rhomobile.rhodes.datetime.DateTimePickerScreen com.rhomobile.rhodes.mapview.MapView com.rhomobile.rhodes.mapview.GoogleMapView com.rhomobile.rhodes.bluetooth.RhoBluetoothDeviceListActivity
I/WindowManager(   53): WIN DEATH: Window{439a3d58 com.rhomobile.uscampus/com.rhomobile.rhodes.RhodesActivity paused=false}
W/InputManagerService(   53): Got RemoteException sending setActive(false) notification to pid 304 uid 10027
D/ActivityManager(   53): Received spurious death notification for thread android.os.BinderProxy@43919008
E/ActivityThread(   53): Failed to find provider info for android.server.checkin
W/Checkin (   53): Can't log event SYSTEM_SERVICE_LOOPING: java.lang.IllegalArgumentException: Unknown URL content://android.server.checkin/events
I/installd(   32): move /data/dalvik-cache/data@app@vmdl36915.tmp@classes.dex -> /data/dalvik-cache/data@app@com.rhomobile.uscampus.apk@classes.dex
D/PackageManager(   53): New package installed in /data/app/com.rhomobile.uscampus.apk
D/AndroidRuntime(  356): Shutting down VM
D/dalvikvm(  356): DestroyJavaVM waiting for non-daemon threads to exit
D/ActivityManager(   53): Uninstalling process com.rhomobile.uscampus
D/dalvikvm(  356): DestroyJavaVM shutting VM down
D/dalvikvm(  356): HeapWorker thread shutting down
D/dalvikvm(  356): HeapWorker thread has shut down
D/jdwp    (  356): JDWP shutting down net...
D/jdwp    (  356): +++ peer disconnected
I/dalvikvm(  356): Debugger has detached; object registry had 2 entries
D/dalvikvm(  356): VM cleaning up
D/dalvikvm(  356): LinearAlloc 0x0 used 665236 of 4194304 (15%)
D/dalvikvm(   53): GC freed 29610 objects / 1338216 bytes in 461ms
W/ResourceType(   53): No package identifier when getting value for resource number 0x7f060000
W/ResourceType(   53): No package identifier when getting value for resource number 0x7f060001
W/ResourceType(   53): No package identifier when getting value for resource number 0x7f060000
D/dalvikvm(   93): GC freed 432 objects / 18168 bytes in 492ms
D/HomeLoaders(   93): application intent received: android.intent.action.PACKAGE_REMOVED, replacing=true
W/ResourceType(   53): No package identifier when getting value for resource number 0x7f060001
D/HomeLoaders(   93):   --> package:com.rhomobile.uscampus
D/HomeLoaders(   93): application intent received: android.intent.action.PACKAGE_ADDED, replacing=true
D/HomeLoaders(   93):   --> package:com.rhomobile.uscampus
D/HomeLoaders(   93):   --> update package com.rhomobile.uscampus
D/AndroidRuntime(  370): 
D/AndroidRuntime(  370): >>>>>>>>>>>>>> AndroidRuntime START <<<<<<<<<<<<<<
D/AndroidRuntime(  370): CheckJNI is ON
D/AndroidRuntime(  370): --- registering native functions ---
I/jdwp    (  370): received file descriptor 21 from ADB
D/ddm-heap(  370): Got feature list request
I/ActivityManager(   53): Starting activity: Intent { act=android.intent.action.MAIN flg=0x10000000 cmp=com.rhomobile.uscampus/com.rhomobile.rhodes.RhodesActivity }
D/AndroidRuntime(  370): Shutting down VM
D/dalvikvm(  370): DestroyJavaVM waiting for non-daemon threads to exit
D/dalvikvm(  370): DestroyJavaVM shutting VM down
D/dalvikvm(  370): HeapWorker thread shutting down
D/dalvikvm(  370): HeapWorker thread has shut down
D/jdwp    (  370): JDWP shutting down net...
D/jdwp    (  370): Got wake-up signal, bailing out of select
I/dalvikvm(  370): Debugger has detached; object registry had 1 entries
D/dalvikvm(  370): VM cleaning up
D/dalvikvm(  370): LinearAlloc 0x0 used 676828 of 4194304 (16%)
I/ActivityManager(   53): Start proc com.rhomobile.uscampus for activity com.rhomobile.uscampus/com.rhomobile.rhodes.RhodesActivity: pid=377 uid=10027 gids={3003}
I/jdwp    (  377): received file descriptor 20 from ADB
D/ddm-heap(  377): Got feature list request
D/dalvikvm(  377): Trying to load lib /data/data/com.rhomobile.uscampus/lib/librhodes.so 0x43947338
D/dalvikvm(  377): Added shared lib /data/data/com.rhomobile.uscampus/lib/librhodes.so 0x43947338
I/ActivityThread(  377): Publishing provider com.rhomobile.uscampus: com.rhomobile.rhodes.LocalFileProvider
W/ServiceManager(   31): Permission failure: android.permission.CAMERA from uid=10027 pid=377
E/CameraService(   31): Permission Denial: can't use the camera pid=377, uid=10027
D/dalvikvm(  377): +++ not scanning '/system/lib/libwebcore.so' for 'E' (wrong CL)
D/dalvikvm(  377): +++ not scanning '/system/lib/libexif.so' for 'E' (wrong CL)
D/dalvikvm(  377): +++ not scanning '/system/lib/libFFTEm.so' for 'E' (wrong CL)
D/dalvikvm(  377): +++ not scanning '/system/lib/libmedia_jni.so' for 'E' (wrong CL)
D/dalvikvm(  377): +++ not scanning '/system/lib/libwebcore.so' for 'isTitleEnabled' (wrong CL)
D/dalvikvm(  377): +++ not scanning '/system/lib/libexif.so' for 'isTitleEnabled' (wrong CL)
D/dalvikvm(  377): +++ not scanning '/system/lib/libFFTEm.so' for 'isTitleEnabled' (wrong CL)
D/dalvikvm(  377): +++ not scanning '/system/lib/libmedia_jni.so' for 'isTitleEnabled' (wrong CL)
D/Camera-JNI(  377): release camera
D/dalvikvm(  377): GC freed 1572 objects / 133408 bytes in 135ms
I/RhodesActivity(  377): >>>>>>>>>>>>>>> onCreate()
D/dalvikvm(  377): +++ not scanning '/system/lib/libwebcore.so' for 'T' (wrong CL)
D/dalvikvm(  377): +++ not scanning '/system/lib/libexif.so' for 'T' (wrong CL)
D/dalvikvm(  377): +++ not scanning '/system/lib/libFFTEm.so' for 'T' (wrong CL)
D/dalvikvm(  377): +++ not scanning '/system/lib/libmedia_jni.so' for 'T' (wrong CL)
D/dalvikvm(  377): +++ not scanning '/system/lib/libwebcore.so' for 'I' (wrong CL)
D/dalvikvm(  377): +++ not scanning '/system/lib/libexif.so' for 'I' (wrong CL)
D/dalvikvm(  377): +++ not scanning '/system/lib/libFFTEm.so' for 'I' (wrong CL)
D/dalvikvm(  377): +++ not scanning '/system/lib/libmedia_jni.so' for 'I' (wrong CL)
D/RhodesActivity(  377): RhodesActivity.onStart()
D/RhodesActivity(  377): RhodesActivity.onResume()
D/dalvikvm(  377): +++ not scanning '/system/lib/libwebcore.so' for 'initClassLoader' (wrong CL)
D/dalvikvm(  377): +++ not scanning '/system/lib/libexif.so' for 'initClassLoader' (wrong CL)
D/dalvikvm(  377): +++ not scanning '/system/lib/libFFTEm.so' for 'initClassLoader' (wrong CL)
D/dalvikvm(  377): +++ not scanning '/system/lib/libmedia_jni.so' for 'initClassLoader' (wrong CL)
D/RhodesService(  377): Root path: null
D/RhoFileApi(  377): App root path: /data/data/com.rhomobile.uscampus/rhodata/
D/RhoFileApi(  377): Sqlite journals path: /data/data/com.rhomobile.uscampus/sqlite_stmt_journals/
D/dalvikvm(  377): +++ not scanning '/system/lib/libwebcore.so' for 'nativeInitPath' (wrong CL)
D/dalvikvm(  377): +++ not scanning '/system/lib/libexif.so' for 'nativeInitPath' (wrong CL)
D/dalvikvm(  377): +++ not scanning '/system/lib/libFFTEm.so' for 'nativeInitPath' (wrong CL)
D/dalvikvm(  377): +++ not scanning '/system/lib/libmedia_jni.so' for 'nativeInitPath' (wrong CL)
D/dalvikvm(  377): +++ not scanning '/system/lib/libwebcore.so' for 'nativeInit' (wrong CL)
D/dalvikvm(  377): +++ not scanning '/system/lib/libexif.so' for 'nativeInit' (wrong CL)
D/dalvikvm(  377): +++ not scanning '/system/lib/libFFTEm.so' for 'nativeInit' (wrong CL)
D/dalvikvm(  377): +++ not scanning '/system/lib/libmedia_jni.so' for 'nativeInit' (wrong CL)
I/global  (  377): Default buffer size used in BufferedReader constructor. It would be better to be explicit if an 8k-char buffer is required.
D/dalvikvm(  377): +++ not scanning '/system/lib/libwebcore.so' for 'updateStatTable' (wrong CL)
D/dalvikvm(  377): +++ not scanning '/system/lib/libexif.so' for 'updateStatTable' (wrong CL)
D/dalvikvm(  377): +++ not scanning '/system/lib/libFFTEm.so' for 'updateStatTable' (wrong CL)
D/dalvikvm(  377): +++ not scanning '/system/lib/libmedia_jni.so' for 'updateStatTable' (wrong CL)
I/RhodesService(  377): Application hash was changed
W/ActivityManager(   53): No content provider found for: 
D/RhoFileApi(  377): App root path: /data/data/com.rhomobile.uscampus/rhodata/
D/RhoFileApi(  377): Sqlite journals path: /data/data/com.rhomobile.uscampus/sqlite_stmt_journals/
I/global  (  377): Default buffer size used in BufferedReader constructor. It would be better to be explicit if an 8k-char buffer is required.
D/RhoFileApi(  377): Copy hash to FS
D/RhoFileApi(  377): File hash copied
D/dalvikvm(  377): +++ not scanning '/system/lib/libwebcore.so' for 'createRhodesApp' (wrong CL)
D/dalvikvm(  377): +++ not scanning '/system/lib/libexif.so' for 'createRhodesApp' (wrong CL)
D/dalvikvm(  377): +++ not scanning '/system/lib/libFFTEm.so' for 'createRhodesApp' (wrong CL)
D/dalvikvm(  377): +++ not scanning '/system/lib/libmedia_jni.so' for 'createRhodesApp' (wrong CL)
I/APP     (  377): I 10/22/2011 06:41:19:925 00000181         AppCallbacks| Starting main routine...
I/APP     (  377): I 10/22/2011 06:41:19:929 00000181         AppCallbacks| ThreadQueue blocked for 4294967295 seconds...
I/APP     (  377): I 10/22/2011 06:41:19:931 00000179            RhodesApp| Trying to get free listening port.
I/APP     (  377): I 10/22/2011 06:41:19:933 00000179            RhodesApp| Trying to bind of 0 port...
I/APP     (  377): I 10/22/2011 06:41:19:934 00000179            RhodesApp| Got port to bind on: 55839
I/APP     (  377): I 10/22/2011 06:41:19:935 00000179            RhodesApp| Free listening port: 55839
D/dalvikvm(  377): +++ not scanning '/system/lib/libwebcore.so' for 'nativeStart' (wrong CL)
D/dalvikvm(  377): +++ not scanning '/system/lib/libexif.so' for 'nativeStart' (wrong CL)
D/dalvikvm(  377): +++ not scanning '/system/lib/libFFTEm.so' for 'nativeStart' (wrong CL)
D/dalvikvm(  377): +++ not scanning '/system/lib/libmedia_jni.so' for 'nativeStart' (wrong CL)
D/dalvikvm(  377): +++ not scanning '/system/lib/libwebcore.so' for 'isExist' (wrong CL)
D/dalvikvm(  377): +++ not scanning '/system/lib/libexif.so' for 'isExist' (wrong CL)
D/dalvikvm(  377): +++ not scanning '/system/lib/libFFTEm.so' for 'isExist' (wrong CL)
D/dalvikvm(  377): +++ not scanning '/system/lib/libmedia_jni.so' for 'isExist' (wrong CL)
I/APP     (  377): I 10/22/2011 06:41:20:022 00000179               Rhodes| Loading...
D/dalvikvm(  377): GC freed 5252 objects / 383352 bytes in 160ms
D/dalvikvm(  377): +++ not scanning '/system/lib/libwebcore.so' for 'getInt' (wrong CL)
D/dalvikvm(  377): +++ not scanning '/system/lib/libexif.so' for 'getInt' (wrong CL)
D/dalvikvm(  377): +++ not scanning '/system/lib/libFFTEm.so' for 'getInt' (wrong CL)
D/dalvikvm(  377): +++ not scanning '/system/lib/libmedia_jni.so' for 'getInt' (wrong CL)
D/dalvikvm(  377): +++ not scanning '/system/lib/libwebcore.so' for 'startRhodesApp' (wrong CL)
D/dalvikvm(  377): +++ not scanning '/system/lib/libexif.so' for 'startRhodesApp' (wrong CL)
D/dalvikvm(  377): +++ not scanning '/system/lib/libFFTEm.so' for 'startRhodesApp' (wrong CL)
D/dalvikvm(  377): +++ not scanning '/system/lib/libmedia_jni.so' for 'startRhodesApp' (wrong CL)
I/APP     (  377): I 10/22/2011 06:41:20:712 00000186            RhodesApp| Starting RhodesApp main routine...
D/dalvikvm(  377): +++ not scanning '/system/lib/libwebcore.so' for 'callActivationCallback' (wrong CL)
D/dalvikvm(  377): +++ not scanning '/system/lib/libexif.so' for 'callActivationCallback' (wrong CL)
D/dalvikvm(  377): +++ not scanning '/system/lib/libFFTEm.so' for 'callActivationCallback' (wrong CL)
D/dalvikvm(  377): +++ not scanning '/system/lib/libmedia_jni.so' for 'callActivationCallback' (wrong CL)
I/APP     (  377): I 10/22/2011 06:41:20:741 00000179            RhodesApp| callAppActiveCallback
I/APP     (  377): I 10/22/2011 06:41:20:742 00000179         AppCallbacks| addCommand: APP-ACTIVATED
I/APP     (  377): I 10/22/2011 06:41:20:744 00000181         AppCallbacks| Received command APP-ACTIVATED which is greater than expected (LOCAL-SERVER-STARTED) - postpone it
I/APP     (  377): I 10/22/2011 06:41:20:745 00000181         AppCallbacks| ThreadQueue blocked for 4294967295 seconds...
I/APP     (  377): I 10/22/2011 06:41:20:755 00000179         AppActivated| Cannot commit now, application will be activated when started.
I/APP     (  377): I 10/22/2011 06:41:20:758 00000179            Undefined| Handlers have completed.
I/APP     (  377): I 10/22/2011 06:41:20:770 00000179    RhodesApplication| New AppState: Undefined
D/dalvikvm(  377): +++ not scanning '/system/lib/libwebcore.so' for 'D' (wrong CL)
D/dalvikvm(  377): +++ not scanning '/system/lib/libexif.so' for 'D' (wrong CL)
D/dalvikvm(  377): +++ not scanning '/system/lib/libFFTEm.so' for 'D' (wrong CL)
D/dalvikvm(  377): +++ not scanning '/system/lib/libmedia_jni.so' for 'D' (wrong CL)
I/APP     (  377): I 10/22/2011 06:41:20:775 00000179        RhodesService| handleCommand: startId=1, source=com.rhomobile.rhodes.BaseActivity
I/APP     (  377): I 10/22/2011 06:41:20:776 00000179        RhodesService| New activity was created
D/dalvikvm(  377): +++ not scanning '/system/lib/libwebcore.so' for 'callUiCreatedCallback' (wrong CL)
D/dalvikvm(  377): +++ not scanning '/system/lib/libexif.so' for 'callUiCreatedCallback' (wrong CL)
D/dalvikvm(  377): +++ not scanning '/system/lib/libFFTEm.so' for 'callUiCreatedCallback' (wrong CL)
D/dalvikvm(  377): +++ not scanning '/system/lib/libmedia_jni.so' for 'callUiCreatedCallback' (wrong CL)
I/APP     (  377): I 10/22/2011 06:41:20:791 00000179         AppCallbacks| addCommand: UI-CREATED
I/APP     (  377): I 10/22/2011 06:41:20:792 00000181         AppCallbacks| Received command UI-CREATED which is greater than expected (LOCAL-SERVER-STARTED) - postpone it
I/APP     (  377): I 10/22/2011 06:41:20:794 00000181         AppCallbacks| ThreadQueue blocked for 4294967295 seconds...
I/APP     (  377): I 10/22/2011 06:41:20:960 00000179       RhodesActivity| onServiceConnected: {com.rhomobile.uscampus/com.rhomobile.rhodes.RhodesService}
D/dalvikvm(  377): +++ not scanning '/system/lib/libwebcore.so' for 'canStartApp' (wrong CL)
D/dalvikvm(  377): +++ not scanning '/system/lib/libexif.so' for 'canStartApp' (wrong CL)
D/dalvikvm(  377): +++ not scanning '/system/lib/libFFTEm.so' for 'canStartApp' (wrong CL)
D/dalvikvm(  377): +++ not scanning '/system/lib/libmedia_jni.so' for 'canStartApp' (wrong CL)
I/APP     (  377): I 10/22/2011 06:41:20:967 00000179            RhodesApp| New start params: 
D/dalvikvm(  377): +++ not scanning '/system/lib/libwebcore.so' for 'getBool' (wrong CL)
D/dalvikvm(  377): +++ not scanning '/system/lib/libexif.so' for 'getBool' (wrong CL)
D/dalvikvm(  377): +++ not scanning '/system/lib/libFFTEm.so' for 'getBool' (wrong CL)
D/dalvikvm(  377): +++ not scanning '/system/lib/libmedia_jni.so' for 'getBool' (wrong CL)
I/ActivityManager(   53): Displayed activity com.rhomobile.uscampus/com.rhomobile.rhodes.RhodesActivity: 2919 ms (total 2919 ms)
I/APP     (  377): I 10/22/2011 06:41:21:613 00000186              RhoRuby| Init_RhoBlobs: /data/data/com.rhomobile.uscampus/rhodata/db/db-files
I/APP     (  377): I 10/22/2011 06:41:21:653 00000186              RhoRuby| require_compiled: rhoframework
I/APP     (  377): I 10/22/2011 06:41:21:700 00000186              RhoRuby| require_compiled: rational
I/APP     (  377): I 10/22/2011 06:41:21:709 00000186              RhoRuby| require_compiled: rhom/rhom_db_adapter
I/APP     (  377): I 10/22/2011 06:41:21:768 00000186              RhoRuby| require_compiled: rhodes
I/APP     (  377): I 10/22/2011 06:41:21:783 00000186              RhoRuby| require_compiled: rhom/rhom_object
I/APP     (  377): I 10/22/2011 06:41:21:797 00000186              RhoRuby| require_compiled: rhofsconnector
I/APP     (  377): I 10/22/2011 06:41:21:802 00000186              RhoRuby| require_compiled: rho/rhofsconnector
I/APP     (  377): I 10/22/2011 06:41:21:820 00000186              RhoRuby| require_compiled: rhom/rhom_object_factory
I/APP     (  377): I 10/22/2011 06:41:22:133 00000186              RhoRuby| require_compiled: rhom/rhom
I/APP     (  377): I 10/22/2011 06:41:22:168 00000186              RhoRuby| require_compiled: rhom/rhom_model
I/APP     (  377): I 10/22/2011 06:41:22:201 00000186              RhoRuby| require_compiled: rhom
I/APP     (  377): I 10/22/2011 06:41:22:211 00000186              RhoRuby| require_compiled: rho/rhoapplication
I/APP     (  377): I 10/22/2011 06:41:22:251 00000186              RhoRuby| require_compiled: rholang/localization_simplified
I/APP     (  377): I 10/22/2011 06:41:22:301 00000186                  APP| Current locale: en; Country code: us
I/APP     (  377): I 10/22/2011 06:41:22:303 00000186                  APP| file: /data/data/com.rhomobile.uscampus/rhodata/lib/rholang/lang_
I/APP     (  377): I 10/22/2011 06:41:22:305 00000186              RhoRuby| require_compiled: /data/data/com.rhomobile.uscampus/rhodata/lib/rholang/lang_en
I/APP     (  377): I 10/22/2011 06:41:22:325 00000186              RhoRuby| require_compiled: rho/rhomsg
I/APP     (  377): I 10/22/2011 06:41:22:338 00000186                  APP| Current locale: en; Country code: us
I/APP     (  377): I 10/22/2011 06:41:22:340 00000186                  APP| file: /data/data/com.rhomobile.uscampus/rhodata/lib/rholang/rhomsg_
I/APP     (  377): I 10/22/2011 06:41:22:342 00000186              RhoRuby| require_compiled: /data/data/com.rhomobile.uscampus/rhodata/lib/rholang/rhomsg_en
I/APP     (  377): I 10/22/2011 06:41:22:354 00000186              RhoRuby| require_compiled: rho/rhotabbar
I/APP     (  377): I 10/22/2011 06:41:22:373 00000186              RhoRuby| require_compiled: rho/rhotoolbar
I/APP     (  377): I 10/22/2011 06:41:22:384 00000186              RhoRuby| require_compiled: indifferent_access
I/APP     (  377): I 10/22/2011 06:41:22:421 00000186              RhoRuby| require_compiled: rho/rhosupport
I/APP     (  377): I 10/22/2011 06:41:22:471 00000186              RhoRuby| require_compiled: rho/rhocontroller
I/APP     (  377): I 10/22/2011 06:41:22:518 00000186              RhoRuby| require_compiled: rho/render
I/APP     (  377): I 10/22/2011 06:41:22:590 00000186              RhoRuby| require_compiled: rho/rho
I/APP     (  377): I 10/22/2011 06:41:22:834 00000186              RhoRuby| require_compiled: rho/rhoerror
I/APP     (  377): I 10/22/2011 06:41:22:846 00000186                  APP| Current locale: en; Country code: us
I/APP     (  377): I 10/22/2011 06:41:22:847 00000186                  APP| file: /data/data/com.rhomobile.uscampus/rhodata/lib/rholang/rhoerror_
I/APP     (  377): I 10/22/2011 06:41:22:849 00000186              RhoRuby| require_compiled: /data/data/com.rhomobile.uscampus/rhodata/lib/rholang/rhoerror_en
I/APP     (  377): I 10/22/2011 06:41:22:868 00000186              RhoRuby| require_compiled: rhom/rhom_source
I/APP     (  377): I 10/22/2011 06:41:22:903 00000186              RhoRuby| require_compiled: rho/rhoviewhelpers
I/APP     (  377): I 10/22/2011 06:41:22:940 00000186              RhoRuby| require_compiled: rho
I/APP     (  377): I 10/22/2011 06:41:22:944 00000186                  APP| RHO loaded
I/APP     (  377): I 10/22/2011 06:41:22:946 00000186                  APP| Calling RHO.initialize
I/APP     (  377): I 10/22/2011 06:41:22:952 00000186                  APP| model file: Games/games
I/APP     (  377): I 10/22/2011 06:41:22:964 00000186                   DB| Open DB: /data/data/com.rhomobile.uscampus/rhodata/db/syncdbuser.sqlite
I/APP     (  377): I 10/22/2011 06:41:23:040 00000186            RhodesApp| Starting sync engine...
I/APP     (  377): I 10/22/2011 06:41:23:045 00000186                 Sync| sync_poll_interval: 0
I/APP     (  377): I 10/22/2011 06:41:23:047 00000186                 Sync| syncserver: 
I/APP     (  377): I 10/22/2011 06:41:23:048 00000186                 Sync| bulksync_state: 0
I/APP     (  377): I 10/22/2011 06:41:23:049 00000186            RhodesApp| RhoRubyInitApp...
I/APP     (  377): I 10/22/2011 06:41:23:050 00000186                  APP| init_app
I/APP     (  377): I 10/22/2011 06:41:23:053 00000186              RhoRuby| require_compiled: application
I/APP     (  377): I 10/22/2011 06:41:23:068 00000186                  APP| Current locale: en; Country code: us
I/APP     (  377): I 10/22/2011 06:41:23:074 00000186                  APP| on_reinstall_config_update: {"LogToOutput"=>["0", "1"]}
I/APP     (  377): I 10/22/2011 06:41:23:087 00000186           HttpServer| Start HTTP server
I/APP     (  377): I 10/22/2011 06:41:23:089 00000186           HttpServer| Listen for connections on port 55839
I/APP     (  377): I 10/22/2011 06:41:23:090 00000186         AppCallbacks| addCommand: LOCAL-SERVER-STARTED
I/APP     (  377): I 10/22/2011 06:41:23:091 00000181         AppCallbacks| process command: LOCAL-SERVER-STARTED
I/APP     (  377): I 10/22/2011 06:41:23:092 00000181           AppStarted| Handlers have completed.
I/APP     (  377): I 10/22/2011 06:41:23:094 00000181         AppActivated| Handlers have completed.
I/APP     (  377): I 10/22/2011 06:41:23:095 00000181    RhodesApplication| New AppState: AppActivated
I/APP     (  377): I 10/22/2011 06:41:23:095 00000181         AppCallbacks| process command: UI-CREATED
I/APP     (  377): I 10/22/2011 06:41:23:126 00000186           HttpServer| Process URI: '/system/uicreated'
I/APP     (  377): I 10/22/2011 06:41:23:134 00000186                  APP| on_ui_created.navigate to start url: '/app'
D/dalvikvm(  377): +++ not scanning '/system/lib/libwebcore.so' for 'howLongWaitMs' (wrong CL)
D/dalvikvm(  377): +++ not scanning '/system/lib/libexif.so' for 'howLongWaitMs' (wrong CL)
D/dalvikvm(  377): +++ not scanning '/system/lib/libFFTEm.so' for 'howLongWaitMs' (wrong CL)
D/dalvikvm(  377): +++ not scanning '/system/lib/libmedia_jni.so' for 'howLongWaitMs' (wrong CL)
V/SplashScreen(  377): ms[1319265683138] $$$$$$$$$$$$$$$$$$$$$$$     DELAY for SplashScreen = 0
I/APP     (  377): I 10/22/2011 06:41:23:203 00000181         AppCallbacks| process command: APP-ACTIVATED
V/SimpleMainView(  377): ms[1319265683219] processForNativeView : [http://localhost:55839/app]
D/dalvikvm(  377): +++ not scanning '/system/lib/libwebcore.so' for 'getFactoryHandleByViewType' (wrong CL)
D/dalvikvm(  377): +++ not scanning '/system/lib/libexif.so' for 'getFactoryHandleByViewType' (wrong CL)
D/dalvikvm(  377): +++ not scanning '/system/lib/libFFTEm.so' for 'getFactoryHandleByViewType' (wrong CL)
D/dalvikvm(  377): +++ not scanning '/system/lib/libmedia_jni.so' for 'getFactoryHandleByViewType' (wrong CL)
I/APP     (  377): I 10/22/2011 06:41:23:251 00000179       SimpleMainView| Cleared URL: http://localhost:55839/app
V/SimpleMainView.View(  377): ms[1319265683302]  Main Window :: onSizeChanged() old [ 480 x 762 ]  new [ 0 x 0 ]
I/APP     (  377): I 10/22/2011 06:41:23:365 00000186           HttpServer| Process URI: '/system/activateapp'
I/APP     (  377): I 10/22/2011 06:41:23:393 00000181         AppCallbacks| ThreadQueue blocked for 4294967295 seconds...
I/APP     (  377): I 10/22/2011 06:41:23:534 00000186           HttpServer| Process URI: '/app'
I/APP     (  377): I 10/22/2011 06:41:23:686 00000179     RhoWebViewClient| Loading URL: http://localhost:55839/app/index_erb.iseq
I/APP     (  377): I 10/22/2011 06:41:23:718 00000186           HttpServer| Process URI: '/app/index_erb.iseq'
I/APP     (  377): I 10/22/2011 06:41:23:732 00000186                  APP| RHO serve_index: /app/index_erb.iseq
I/APP     (  377): I 10/22/2011 06:41:23:736 00000186 RHO Rho::RhoController| inst_render_index
I/APP     (  377): I 10/22/2011 06:41:23:767 00000186 RHO Rho::RhoController| index layout
I/APP     (  377): I 10/22/2011 06:41:24:364 00000186           HttpServer| Process URI: '/public/jquery/jquery-1.6.2.min.js'
D/dalvikvm(  377): GC freed 2612 objects / 576568 bytes in 132ms
D/webviewglue(  377): nativeDestroy view: 0x31a168
I/APP     (  377): I 10/22/2011 06:41:24:759 00000186           HttpServer| Process URI: '/public/jqmobile/jquery.mobile-1.0b2.min.css'
I/APP     (  377): I 10/22/2011 06:41:24:927 00000186           HttpServer| Process URI: '/public/css/jqmobile-patch.css'
I/APP     (  377): I 10/22/2011 06:41:25:014 00000186           HttpServer| Process URI: '/public/jqmobile/jquery.mobile-1.0b2.min.js'
I/APP     (  377): I 10/22/2011 06:41:25:193 00000186           HttpServer| Process URI: '/public/js/jqmobile-patch.js'
I/APP     (  377): I 10/22/2011 06:41:25:256 00000186           HttpServer| Process URI: '/public/css/android.css'
D/dalvikvm(  316): GC freed 629 objects / 60752 bytes in 235ms
D/dalvikvm(   93): GC freed 3389 objects / 191016 bytes in 209ms
I/APP     (  377): I 10/22/2011 06:41:34:701 00000186           HttpServer| Process URI: '/public/jqmobile/images/icons-18-white.png'
I/APP     (  377): I 10/22/2011 06:41:40:268 00000186           HttpServer| Process URI: '/app/Games'
I/APP     (  377): I 10/22/2011 06:41:40:276 00000186                  APP| RHO serve: /app/Games
I/APP     (  377): I 10/22/2011 06:41:40:306 00000186              RhoRuby| require_compiled: Games/games_controller
I/APP     (  377): I 10/22/2011 06:41:40:357 00000186              RhoRuby| require_compiled: helpers/browser_helper
I/APP     (  377): I 10/22/2011 06:41:40:411 00000186                  APP| const_missing: Games
I/APP     (  377): I 10/22/2011 06:41:40:415 00000186                  APP| load_model: Games
I/APP     (  377): I 10/22/2011 06:41:40:423 00000186              RhoRuby| require_compiled: Games/games
I/APP     (  377): I 10/22/2011 06:41:40:442 00000186                  APP| model name: Games
I/APP     (  377): I 10/22/2011 06:41:40:469 00000186                  APP| model class found
I/APP     (  377): I 10/22/2011 06:41:40:472 00000186                  APP| Games : {"property"=>{}}
I/APP     (  377): I 10/22/2011 06:41:40:476 00000186                   DB| Open DB: /data/data/com.rhomobile.uscampus/rhodata/db/syncdblocal.sqlite
I/APP     (  377): I 10/22/2011 06:41:41:210 00000186                  APP| init_db_sources
I/APP     (  377): I 10/22/2011 06:41:41:241 00000186                  APP| start_id: 40003
I/APP     (  377): I 10/22/2011 06:41:41:267 00000186                  APP| Migrate schema sources: {}
I/APP     (  377): I 10/22/2011 06:41:50:701 00000186           HttpServer| Process URI: '/app/Games/new'
I/APP     (  377): I 10/22/2011 06:41:50:703 00000186                  APP| RHO serve: /app/Games/new
D/dalvikvm(  233): GC freed 1752 objects / 126792 bytes in 98ms
D/dalvikvm(  233): GC freed 535 objects / 30352 bytes in 76ms
I/ARMAssembler(   53): generated scanline__00000077:03515104_00001A01_00000000 [ 46 ipp] (68 ins) at [0x383fe8:0x3840f8] in 15495635 ns
W/KeyCharacterMap(  377): No keyboard for id 0
W/KeyCharacterMap(  377): Using default keymap: /system/usr/keychars/qwerty.kcm.bin
D/dalvikvm(  233): GC freed 283 objects / 14752 bytes in 132ms
D/dalvikvm(  377): GC freed 5238 objects / 1054432 bytes in 211ms
W/KeyCharacterMap(  377): No keyboard for id 0
W/KeyCharacterMap(  377): Using default keymap: /system/usr/keychars/qwerty.kcm.bin
D/dalvikvm(  233): GC freed 242 objects / 14304 bytes in 213ms
I/APP     (  377): I 10/22/2011 06:42:12:010 00000186           HttpServer| Process URI: '/app/Games'
I/APP     (  377): I 10/22/2011 06:42:12:013 00000186                  APP| RHO serve: /app/Games
I/APP     (  377): I 10/22/2011 06:42:12:054 00000186                  APP| Params: {"id"=>"88497710706329.2", "games"=>{"Sport"=>"Tennis", "Venue"=>"UNM grounds", "Score"=>""}}
I/APP     (  377): I 10/22/2011 06:42:12:271 00000186           HttpServer| Process URI: '/app/Games'
I/APP     (  377): I 10/22/2011 06:42:12:273 00000186                  APP| RHO serve: /app/Games
I/APP     (  377): I 10/22/2011 06:42:17:115 00000186           HttpServer| Process URI: '/app/Games/{88497710706330.2}/show'
I/APP     (  377): I 10/22/2011 06:42:17:118 00000186                  APP| RHO serve: /app/Games/{88497710706330.2}/show
I/APP     (  377): I 10/22/2011 06:42:17:124 00000186                  APP| Params: {"id"=>"{88497710706330.2}"}
I/APP     (  377): I 10/22/2011 06:42:30:122 00000186           HttpServer| Process URI: '/app/Games'
I/APP     (  377): I 10/22/2011 06:42:30:125 00000186                  APP| RHO serve: /app/Games
I/APP     (  377): I 10/22/2011 06:42:35:653 00000186           HttpServer| Process URI: '/app/index_erb.iseq'
I/APP     (  377): I 10/22/2011 06:42:35:656 00000186                  APP| RHO serve_index: /app/index_erb.iseq
I/APP     (  377): I 10/22/2011 06:42:35:659 00000186 RHO Rho::RhoController| inst_render_index
D/dalvikvm(  304): +++ not scanning '/system/lib/libFFTEm.so' for 'callActivationCallback' (wrong CL)
D/dalvikvm(  304): +++ not scanning '/system/lib/libmedia_jni.so' for 'callActivationCallback' (wrong CL)
I/APP     (  304): I 10/22/2011 06:25:47:117 00000130            RhodesApp| callAppActiveCallback
I/APP     (  304): I 10/22/2011 06:25:47:120 00000130         AppCallbacks| addCommand: APP-ACTIVATED
I/APP     (  304): I 10/22/2011 06:25:47:122 00000146         AppCallbacks| Received command APP-ACTIVATED which is greater than expected (LOCAL-SERVER-STARTED) - postpone it
I/APP     (  304): I 10/22/2011 06:25:47:128 00000146         AppCallbacks| ThreadQueue blocked for 4294967295 seconds...
I/APP     (  304): I 10/22/2011 06:25:47:130 00000130         AppActivated| Cannot commit now, application will be activated when started.
I/APP     (  304): I 10/22/2011 06:25:47:139 00000130            Undefined| Handlers have completed.
I/APP     (  304): I 10/22/2011 06:25:47:143 00000130    RhodesApplication| New AppState: Undefined
D/dalvikvm(  304): +++ not scanning '/system/lib/libwebcore.so' for 'D' (wrong CL)
D/dalvikvm(  304): +++ not scanning '/system/lib/libexif.so' for 'D' (wrong CL)
D/dalvikvm(  304): +++ not scanning '/system/lib/libFFTEm.so' for 'D' (wrong CL)
D/dalvikvm(  304): +++ not scanning '/system/lib/libmedia_jni.so' for 'D' (wrong CL)
I/APP     (  304): I 10/22/2011 06:25:47:193 00000130        RhodesService| handleCommand: startId=1, source=com.rhomobile.rhodes.BaseActivity
I/APP     (  304): I 10/22/2011 06:25:47:201 00000130        RhodesService| New activity was created
D/dalvikvm(  304): +++ not scanning '/system/lib/libwebcore.so' for 'callUiCreatedCallback' (wrong CL)
D/dalvikvm(  304): +++ not scanning '/system/lib/libexif.so' for 'callUiCreatedCallback' (wrong CL)
D/dalvikvm(  304): +++ not scanning '/system/lib/libFFTEm.so' for 'callUiCreatedCallback' (wrong CL)
D/dalvikvm(  304): +++ not scanning '/system/lib/libmedia_jni.so' for 'callUiCreatedCallback' (wrong CL)
I/APP     (  304): I 10/22/2011 06:25:47:230 00000130         AppCallbacks| addCommand: UI-CREATED
I/APP     (  304): I 10/22/2011 06:25:47:232 00000146         AppCallbacks| Received command UI-CREATED which is greater than expected (LOCAL-SERVER-STARTED) - postpone it
I/APP     (  304): I 10/22/2011 06:25:47:232 00000146         AppCallbacks| ThreadQueue blocked for 4294967295 seconds...
I/APP     (  304): I 10/22/2011 06:25:47:495 00000130       RhodesActivity| onServiceConnected: {com.rhomobile.uscampus/com.rhomobile.rhodes.RhodesService}
D/dalvikvm(  304): +++ not scanning '/system/lib/libwebcore.so' for 'canStartApp' (wrong CL)
D/dalvikvm(  304): +++ not scanning '/system/lib/libexif.so' for 'canStartApp' (wrong CL)
D/dalvikvm(  304): +++ not scanning '/system/lib/libFFTEm.so' for 'canStartApp' (wrong CL)
D/dalvikvm(  304): +++ not scanning '/system/lib/libmedia_jni.so' for 'canStartApp' (wrong CL)
I/APP     (  304): I 10/22/2011 06:25:47:510 00000130            RhodesApp| New start params: 
D/dalvikvm(  304): +++ not scanning '/system/lib/libwebcore.so' for 'getBool' (wrong CL)
D/dalvikvm(  304): +++ not scanning '/system/lib/libexif.so' for 'getBool' (wrong CL)
D/dalvikvm(  304): +++ not scanning '/system/lib/libFFTEm.so' for 'getBool' (wrong CL)
D/dalvikvm(  304): +++ not scanning '/system/lib/libmedia_jni.so' for 'getBool' (wrong CL)
I/APP     (  304): I 10/22/2011 06:25:47:809 0000014d              RhoRuby| Init_RhoBlobs: /data/data/com.rhomobile.uscampus/rhodata/db/db-files
I/ActivityManager(   53): Displayed activity com.rhomobile.uscampus/com.rhomobile.rhodes.RhodesActivity: 6900 ms (total 6900 ms)
I/APP     (  304): I 10/22/2011 06:25:47:925 0000014d              RhoRuby| require_compiled: rhoframework
I/APP     (  304): I 10/22/2011 06:25:48:229 0000014d              RhoRuby| require_compiled: rational
I/APP     (  304): I 10/22/2011 06:25:48:257 0000014d              RhoRuby| require_compiled: rhom/rhom_db_adapter
