I/dalvikvm(  170): Wrote stack trace to '/data/anr/traces.txt'
D/AndroidRuntime(  194): 
D/AndroidRuntime(  194): >>>>>>>>>>>>>> AndroidRuntime START <<<<<<<<<<<<<<
D/AndroidRuntime(  194): CheckJNI is ON
D/dalvikvm(   53): GC freed 7313 objects / 403896 bytes in 292ms
I/Process (   53): Sending signal. PID: 53 SIG: 3
I/dalvikvm(   53): threadid=7: reacting to signal 3
I/dalvikvm(   53): Wrote stack trace to '/data/anr/traces.txt'
W/ResourceType(   53): No package identifier when getting value for resource number 0x7f060000
W/ResourceType(   53): No package identifier when getting value for resource number 0x7f060001
I/ActivityManager(   53): Start proc com.android.alarmclock for broadcast com.android.alarmclock/.AlarmInitReceiver: pid=196 uid=10017 gids={}
I/Process (   53): Sending signal. PID: 142 SIG: 3
I/dalvikvm(  142): threadid=7: reacting to signal 3
I/dalvikvm(  142): Wrote stack trace to '/data/anr/traces.txt'
I/Process (   53): Sending signal. PID: 93 SIG: 3
I/dalvikvm(   93): threadid=7: reacting to signal 3
D/dalvikvm(   93): GC freed 2037 objects / 114352 bytes in 836ms
D/MediaPlayer(   53): Couldn't open file on client side, trying server side
I/Process (   53): Sending signal. PID: 90 SIG: 3
I/dalvikvm(   90): threadid=7: reacting to signal 3
D/ActivityManager(   53): checkComponentPermission() adjusting {pid,uid} to {31,1013}
I/jdwp    (  196): received file descriptor 10 from ADB
I/dalvikvm(   93): Wrote stack trace to '/data/anr/traces.txt'
D/HomeLoaders(   93): application intent received: android.intent.action.PACKAGE_REMOVED, replacing=true
D/HomeLoaders(   93):   --> package:com.rhomobile.rhodesapplication4
D/HomeLoaders(   93): application intent received: android.intent.action.PACKAGE_ADDED, replacing=true
D/HomeLoaders(   93):   --> package:com.rhomobile.rhodesapplication4
D/HomeLoaders(   93):   --> update package com.rhomobile.rhodesapplication4
I/dalvikvm(   90): Wrote stack trace to '/data/anr/traces.txt'
D/MediaScannerService(  170): start scanning volume internal
D/ddm-heap(  196): Got feature list request
W/ActivityManager(   53): finishReceiver called but none active
D/ActivityManager(   53): checkComponentPermission() adjusting {pid,uid} to {31,1013}
D/ActivityManager(   53): Uninstalling process com.rhomobile.rhodesapplication4
D/ActivityManager(   53): checkComponentPermission() adjusting {pid,uid} to {31,1013}
W/ResourceType(   53): No package identifier when getting value for resource number 0x7f060000
W/ResourceType(   53): No package identifier when getting value for resource number 0x7f060001
D/AndroidRuntime(  194): --- registering native functions ---
I/jdwp    (  194): received file descriptor 20 from ADB
I/ActivityThread(  196): Publishing provider com.android.alarmclock: com.android.alarmclock.AlarmProvider
E/ActivityThread(   90): Failed to find provider info for android.server.checkin
W/Checkin (   90): Can't update stat PHONE_GSM_REGISTERED: java.lang.IllegalArgumentException: Unknown URL content://android.server.checkin/stats
D/ActivityManager(   53): checkComponentPermission() adjusting {pid,uid} to {31,1013}
D/GpsLocationProvider(   53): state: DISCONNECTED apnName: null reason: radioTurnedOff
D/GpsLocationProvider(   53): state: DISCONNECTED apnName: null reason: gprsDetached
D/ActivityManager(   53): checkComponentPermission() adjusting {pid,uid} to {31,1013}
D/dalvikvm(   53): GC freed 10756 objects / 563008 bytes in 327ms
D/ActivityManager(   53): checkComponentPermission() adjusting {pid,uid} to {31,1013}
I/ARMAssembler(   53): generated scanline__00000077:03515104_00000000_00000000 [ 27 ipp] (41 ins) at [0x2d5758:0x2d57fc] in 692059 ns
D/GpsLocationProvider(   53): state: DISCONNECTED apnName: null reason: null
E/MediaPlayerService(   31): Couldn't open fd for content://settings/system/notification_sound
E/MediaPlayer(   53): Unable to to create media player
W/NotificationService(   53): error loading sound for content://settings/system/notification_sound
W/NotificationService(   53): java.io.IOException: setDataSource failed.: status=0x80000000
W/NotificationService(   53): 	at android.media.MediaPlayer.setDataSource(Native Method)
W/NotificationService(   53): 	at android.media.MediaPlayer.setDataSource(MediaPlayer.java:621)
W/NotificationService(   53): 	at android.media.AsyncPlayer$Thread.run(AsyncPlayer.java:76)
W/NotificationService(   53): STOP command without a player
D/StatusBar(   53): updateResources
D/MediaScanner(  170): opendir /system/media/ failed, errno: 2
D/HomeLoaders(   93): aborting loaders
D/TelephonyProvider(   90): Setting numeric '310260' to be the current operator
E/ActivityThread(   90): Failed to find provider info for android.server.checkin
W/Checkin (   90): Can't update stat PHONE_GPRS_ATTEMPTED: java.lang.IllegalArgumentException: Unknown URL content://android.server.checkin/stats
D/MediaScanner(  170):  prescan time: 1470ms
D/GpsLocationProvider(   53): state: CONNECTING apnName: epc.tmobile.com reason: simLoaded
E/ActivityThread(   90): Failed to find provider info for android.server.checkin
D/MediaScanner(  170):     scan time: 370ms
W/Checkin (   90): Can't update stat PHONE_GPRS_CONNECTED: java.lang.IllegalArgumentException: Unknown URL content://android.server.checkin/stats
D/MobileDataStateTracker(   53): CONNECTED event did not supply interface name.
D/MobileDataStateTracker(   53): DNS server addresses are not known.
D/GpsLocationProvider(   53): state: CONNECTED apnName: epc.tmobile.com reason: simLoaded
D/MediaScanner(  170): postscan time: 1ms
D/GpsLocationProvider(   53): updateNetworkState available
D/GpsLocationProvider(   53): NetworkThread wait for 9223372036854775807ms
D/MediaScanner(  170):    total time: 1841ms
D/MediaScannerService(  170): done scanning volume internal
I/ActivityManager(   53): Stopping service: com.android.providers.downloads/.DownloadService
I/ActivityManager(   53): Stopping service: com.android.providers.media/.MediaScannerService
D/dalvikvm(   93): GC freed 3309 objects / 184552 bytes in 255ms
I/ActivityManager(   53): Starting activity: Intent { act=android.intent.action.MAIN flg=0x10000000 cmp=com.rhomobile.rhodesapplication4/com.rhomobile.rhodes.RhodesActivity }
D/AndroidRuntime(  194): Shutting down VM
D/dalvikvm(  194): DestroyJavaVM waiting for non-daemon threads to exit
D/dalvikvm(  194): DestroyJavaVM shutting VM down
D/dalvikvm(  194): HeapWorker thread shutting down
D/dalvikvm(  194): HeapWorker thread has shut down
D/jdwp    (  194): JDWP shutting down net...
D/jdwp    (  194): +++ peer disconnected
I/dalvikvm(  194): Debugger has detached; object registry had 1 entries
D/dalvikvm(  194): VM cleaning up
D/dalvikvm(  194): LinearAlloc 0x0 used 675676 of 4194304 (16%)
D/HomeLoaders(   93): load applications
D/HomeLoaders(   93): loading user items
D/HomeLoaders(   93):   --> starting workspace loader
D/HomeLoaders(   93):   ----> running workspace loader (2)
I/ActivityManager(   53): Start proc com.rhomobile.rhodesapplication4 for activity com.rhomobile.rhodesapplication4/com.rhomobile.rhodes.RhodesActivity: pid=213 uid=10026 gids={3003}
I/jdwp    (  213): received file descriptor 10 from ADB
D/dalvikvm(   93): GC freed 653 objects / 39056 bytes in 270ms
D/ddm-heap(  213): Got feature list request
D/HomeLoaders(   93):   --> done loading workspace
D/HomeLoaders(   93):   ----> worskpace items=5
D/HomeLoaders(   93):   ----> worskpace widgets=0
D/HomeLoaders(   93):   ----> items cloned, ready to refresh UI
D/HomeLoaders(   93):   ----> onDesktopItemsLoaded()
D/Launcher(   93): ------> binding 5 items
D/Launcher(   93): ------> binding 0 widgets
D/Launcher(   93): ------> start binding items
D/HomeLoaders(   93):   ----> loading applications from workspace loader
D/HomeLoaders(   93):   --> starting applications loader unlocked
D/HomeLoaders(   93):   --> starting applications loader
D/HomeLoaders(   93):   ----> running applications loader (2)
D/dalvikvm(  213): Trying to load lib /data/data/com.rhomobile.rhodesapplication4/lib/librhodes.so 0x437585b8
D/dalvikvm(  213): Added shared lib /data/data/com.rhomobile.rhodesapplication4/lib/librhodes.so 0x437585b8
I/ActivityThread(  213): Publishing provider com.rhomobile.rhodesapplication4: com.rhomobile.rhodes.LocalFileProvider
W/ServiceManager(   31): Permission failure: android.permission.CAMERA from uid=10026 pid=213
E/CameraService(   31): Permission Denial: can't use the camera pid=213, uid=10026
D/dalvikvm(  213): +++ not scanning '/system/lib/libwebcore.so' for 'E' (wrong CL)
D/dalvikvm(  213): +++ not scanning '/system/lib/libexif.so' for 'E' (wrong CL)
D/dalvikvm(  213): +++ not scanning '/system/lib/libFFTEm.so' for 'E' (wrong CL)
D/dalvikvm(  213): +++ not scanning '/system/lib/libmedia_jni.so' for 'E' (wrong CL)
D/dalvikvm(  213): +++ not scanning '/system/lib/libwebcore.so' for 'isTitleEnabled' (wrong CL)
D/dalvikvm(  213): +++ not scanning '/system/lib/libexif.so' for 'isTitleEnabled' (wrong CL)
D/dalvikvm(  213): +++ not scanning '/system/lib/libFFTEm.so' for 'isTitleEnabled' (wrong CL)
D/dalvikvm(  213): +++ not scanning '/system/lib/libmedia_jni.so' for 'isTitleEnabled' (wrong CL)
D/Camera-JNI(  213): release camera
D/dalvikvm(  213): GC freed 1694 objects / 138280 bytes in 124ms
I/RhodesActivity(  213): >>>>>>>>>>>>>>> onCreate()
D/dalvikvm(  213): +++ not scanning '/system/lib/libwebcore.so' for 'T' (wrong CL)
D/dalvikvm(  213): +++ not scanning '/system/lib/libexif.so' for 'T' (wrong CL)
D/dalvikvm(  213): +++ not scanning '/system/lib/libFFTEm.so' for 'T' (wrong CL)
D/dalvikvm(  213): +++ not scanning '/system/lib/libmedia_jni.so' for 'T' (wrong CL)
D/dalvikvm(  213): +++ not scanning '/system/lib/libwebcore.so' for 'I' (wrong CL)
D/dalvikvm(  213): +++ not scanning '/system/lib/libexif.so' for 'I' (wrong CL)
D/dalvikvm(  213): +++ not scanning '/system/lib/libFFTEm.so' for 'I' (wrong CL)
D/dalvikvm(  213): +++ not scanning '/system/lib/libmedia_jni.so' for 'I' (wrong CL)
D/RhodesActivity(  213): RhodesActivity.onStart()
D/RhodesActivity(  213): RhodesActivity.onResume()
D/dalvikvm(  213): +++ not scanning '/system/lib/libwebcore.so' for 'initClassLoader' (wrong CL)
D/dalvikvm(  213): +++ not scanning '/system/lib/libexif.so' for 'initClassLoader' (wrong CL)
D/dalvikvm(  213): +++ not scanning '/system/lib/libFFTEm.so' for 'initClassLoader' (wrong CL)
D/dalvikvm(  213): +++ not scanning '/system/lib/libmedia_jni.so' for 'initClassLoader' (wrong CL)
D/RhodesService(  213): Root path: null
D/RhoFileApi(  213): App root path: /data/data/com.rhomobile.rhodesapplication4/rhodata/
D/RhoFileApi(  213): Sqlite journals path: /data/data/com.rhomobile.rhodesapplication4/sqlite_stmt_journals/
D/dalvikvm(  213): +++ not scanning '/system/lib/libwebcore.so' for 'nativeInitPath' (wrong CL)
D/dalvikvm(  213): +++ not scanning '/system/lib/libexif.so' for 'nativeInitPath' (wrong CL)
D/dalvikvm(  213): +++ not scanning '/system/lib/libFFTEm.so' for 'nativeInitPath' (wrong CL)
D/dalvikvm(  213): +++ not scanning '/system/lib/libmedia_jni.so' for 'nativeInitPath' (wrong CL)
D/dalvikvm(  213): +++ not scanning '/system/lib/libwebcore.so' for 'nativeInit' (wrong CL)
D/dalvikvm(  213): +++ not scanning '/system/lib/libexif.so' for 'nativeInit' (wrong CL)
D/dalvikvm(  213): +++ not scanning '/system/lib/libFFTEm.so' for 'nativeInit' (wrong CL)
D/dalvikvm(  213): +++ not scanning '/system/lib/libmedia_jni.so' for 'nativeInit' (wrong CL)
I/global  (  213): Default buffer size used in BufferedReader constructor. It would be better to be explicit if an 8k-char buffer is required.
D/dalvikvm(  213): +++ not scanning '/system/lib/libwebcore.so' for 'updateStatTable' (wrong CL)
D/dalvikvm(  213): +++ not scanning '/system/lib/libexif.so' for 'updateStatTable' (wrong CL)
D/dalvikvm(  213): +++ not scanning '/system/lib/libFFTEm.so' for 'updateStatTable' (wrong CL)
D/dalvikvm(  213): +++ not scanning '/system/lib/libmedia_jni.so' for 'updateStatTable' (wrong CL)
I/RhodesService(  213): Application hash was changed
W/ActivityManager(   53): No content provider found for: 
D/RhoFileApi(  213): App root path: /data/data/com.rhomobile.rhodesapplication4/rhodata/
D/RhoFileApi(  213): Sqlite journals path: /data/data/com.rhomobile.rhodesapplication4/sqlite_stmt_journals/
I/global  (  213): Default buffer size used in BufferedReader constructor. It would be better to be explicit if an 8k-char buffer is required.
D/RhoFileApi(  213): Copy hash to FS
D/RhoFileApi(  213): File hash copied
D/dalvikvm(  213): +++ not scanning '/system/lib/libwebcore.so' for 'createRhodesApp' (wrong CL)
D/dalvikvm(  213): +++ not scanning '/system/lib/libexif.so' for 'createRhodesApp' (wrong CL)
D/dalvikvm(  213): +++ not scanning '/system/lib/libFFTEm.so' for 'createRhodesApp' (wrong CL)
D/dalvikvm(  213): +++ not scanning '/system/lib/libmedia_jni.so' for 'createRhodesApp' (wrong CL)
I/APP     (  213): I 10/22/2011 06:01:40:133 000000dd         AppCallbacks| Starting main routine...
I/APP     (  213): I 10/22/2011 06:01:40:137 000000dd         AppCallbacks| ThreadQueue blocked for 4294967295 seconds...
I/APP     (  213): I 10/22/2011 06:01:40:138 000000d5            RhodesApp| Trying to get free listening port.
I/APP     (  213): I 10/22/2011 06:01:40:140 000000d5            RhodesApp| Trying to bind of 0 port...
I/APP     (  213): I 10/22/2011 06:01:40:142 000000d5            RhodesApp| Got port to bind on: 58687
I/APP     (  213): I 10/22/2011 06:01:40:143 000000d5            RhodesApp| Free listening port: 58687
D/dalvikvm(  213): +++ not scanning '/system/lib/libwebcore.so' for 'nativeStart' (wrong CL)
D/dalvikvm(  213): +++ not scanning '/system/lib/libexif.so' for 'nativeStart' (wrong CL)
D/dalvikvm(  213): +++ not scanning '/system/lib/libFFTEm.so' for 'nativeStart' (wrong CL)
D/dalvikvm(  213): +++ not scanning '/system/lib/libmedia_jni.so' for 'nativeStart' (wrong CL)
D/dalvikvm(  213): +++ not scanning '/system/lib/libwebcore.so' for 'isExist' (wrong CL)
D/dalvikvm(  213): +++ not scanning '/system/lib/libexif.so' for 'isExist' (wrong CL)
D/dalvikvm(  213): +++ not scanning '/system/lib/libFFTEm.so' for 'isExist' (wrong CL)
D/dalvikvm(  213): +++ not scanning '/system/lib/libmedia_jni.so' for 'isExist' (wrong CL)
I/APP     (  213): I 10/22/2011 06:01:40:232 000000d5               Rhodes| Loading...
D/HomeLoaders(   93):   ----> cleared application list
D/dalvikvm(  213): GC freed 5178 objects / 382496 bytes in 139ms
D/dalvikvm(   53): GC freed 4865 objects / 252624 bytes in 239ms
D/dalvikvm(  213): +++ not scanning '/system/lib/libwebcore.so' for 'getInt' (wrong CL)
D/dalvikvm(  213): +++ not scanning '/system/lib/libexif.so' for 'getInt' (wrong CL)
D/dalvikvm(  213): +++ not scanning '/system/lib/libFFTEm.so' for 'getInt' (wrong CL)
D/dalvikvm(  213): +++ not scanning '/system/lib/libmedia_jni.so' for 'getInt' (wrong CL)
D/dalvikvm(  213): +++ not scanning '/system/lib/libwebcore.so' for 'startRhodesApp' (wrong CL)
D/dalvikvm(  213): +++ not scanning '/system/lib/libexif.so' for 'startRhodesApp' (wrong CL)
D/dalvikvm(  213): +++ not scanning '/system/lib/libFFTEm.so' for 'startRhodesApp' (wrong CL)
D/dalvikvm(  213): +++ not scanning '/system/lib/libmedia_jni.so' for 'startRhodesApp' (wrong CL)
I/APP     (  213): I 10/22/2011 06:01:41:203 000000e2            RhodesApp| Starting RhodesApp main routine...
D/dalvikvm(  213): +++ not scanning '/system/lib/libwebcore.so' for 'callActivationCallback' (wrong CL)
D/dalvikvm(  213): +++ not scanning '/system/lib/libexif.so' for 'callActivationCallback' (wrong CL)
D/dalvikvm(  213): +++ not scanning '/system/lib/libFFTEm.so' for 'callActivationCallback' (wrong CL)
D/dalvikvm(  213): +++ not scanning '/system/lib/libmedia_jni.so' for 'callActivationCallback' (wrong CL)
I/APP     (  213): I 10/22/2011 06:01:41:222 000000d5            RhodesApp| callAppActiveCallback
I/APP     (  213): I 10/22/2011 06:01:41:224 000000d5         AppCallbacks| addCommand: APP-ACTIVATED
I/APP     (  213): I 10/22/2011 06:01:41:225 000000dd         AppCallbacks| Received command APP-ACTIVATED which is greater than expected (LOCAL-SERVER-STARTED) - postpone it
I/APP     (  213): I 10/22/2011 06:01:41:226 000000dd         AppCallbacks| ThreadQueue blocked for 4294967295 seconds...
I/APP     (  213): I 10/22/2011 06:01:41:228 000000d5         AppActivated| Cannot commit now, application will be activated when started.
I/APP     (  213): I 10/22/2011 06:01:41:229 000000d5            Undefined| Handlers have completed.
I/APP     (  213): I 10/22/2011 06:01:41:230 000000d5    RhodesApplication| New AppState: Undefined
D/dalvikvm(  213): +++ not scanning '/system/lib/libwebcore.so' for 'D' (wrong CL)
D/dalvikvm(  213): +++ not scanning '/system/lib/libexif.so' for 'D' (wrong CL)
D/dalvikvm(  213): +++ not scanning '/system/lib/libFFTEm.so' for 'D' (wrong CL)
D/dalvikvm(  213): +++ not scanning '/system/lib/libmedia_jni.so' for 'D' (wrong CL)
I/APP     (  213): I 10/22/2011 06:01:41:273 000000d5        RhodesService| handleCommand: startId=1, source=com.rhomobile.rhodes.BaseActivity
I/APP     (  213): I 10/22/2011 06:01:41:274 000000d5        RhodesService| New activity was created
D/dalvikvm(  213): +++ not scanning '/system/lib/libwebcore.so' for 'callUiCreatedCallback' (wrong CL)
D/dalvikvm(  213): +++ not scanning '/system/lib/libexif.so' for 'callUiCreatedCallback' (wrong CL)
D/dalvikvm(  213): +++ not scanning '/system/lib/libFFTEm.so' for 'callUiCreatedCallback' (wrong CL)
D/dalvikvm(  213): +++ not scanning '/system/lib/libmedia_jni.so' for 'callUiCreatedCallback' (wrong CL)
I/APP     (  213): I 10/22/2011 06:01:41:292 000000d5         AppCallbacks| addCommand: UI-CREATED
I/APP     (  213): I 10/22/2011 06:01:41:293 000000dd         AppCallbacks| Received command UI-CREATED which is greater than expected (LOCAL-SERVER-STARTED) - postpone it
I/APP     (  213): I 10/22/2011 06:01:41:294 000000dd         AppCallbacks| ThreadQueue blocked for 4294967295 seconds...
I/APP     (  213): I 10/22/2011 06:01:41:412 000000d5       RhodesActivity| onServiceConnected: {com.rhomobile.rhodesapplication4/com.rhomobile.rhodes.RhodesService}
D/dalvikvm(  213): +++ not scanning '/system/lib/libwebcore.so' for 'canStartApp' (wrong CL)
D/dalvikvm(  213): +++ not scanning '/system/lib/libexif.so' for 'canStartApp' (wrong CL)
D/dalvikvm(  213): +++ not scanning '/system/lib/libFFTEm.so' for 'canStartApp' (wrong CL)
D/dalvikvm(  213): +++ not scanning '/system/lib/libmedia_jni.so' for 'canStartApp' (wrong CL)
I/APP     (  213): I 10/22/2011 06:01:41:445 000000d5            RhodesApp| New start params: 
D/dalvikvm(  213): +++ not scanning '/system/lib/libwebcore.so' for 'getBool' (wrong CL)
D/dalvikvm(  213): +++ not scanning '/system/lib/libexif.so' for 'getBool' (wrong CL)
D/dalvikvm(  213): +++ not scanning '/system/lib/libFFTEm.so' for 'getBool' (wrong CL)
D/dalvikvm(  213): +++ not scanning '/system/lib/libmedia_jni.so' for 'getBool' (wrong CL)
I/ActivityManager(   53): Displayed activity com.rhomobile.rhodesapplication4/com.rhomobile.rhodes.RhodesActivity: 3549 ms (total 3549 ms)
I/APP     (  213): I 10/22/2011 06:01:41:877 000000e2              RhoRuby| Init_RhoBlobs: /data/data/com.rhomobile.rhodesapplication4/rhodata/db/db-files
I/APP     (  213): I 10/22/2011 06:01:41:940 000000e2              RhoRuby| require_compiled: rhoframework
I/APP     (  213): I 10/22/2011 06:01:42:041 000000e2              RhoRuby| require_compiled: rational
I/APP     (  213): I 10/22/2011 06:01:42:153 000000e2              RhoRuby| require_compiled: rhom/rhom_db_adapter
I/APP     (  213): I 10/22/2011 06:01:42:228 000000e2              RhoRuby| require_compiled: rhodes
I/APP     (  213): I 10/22/2011 06:01:42:240 000000e2              RhoRuby| require_compiled: rhom/rhom_object
I/APP     (  213): I 10/22/2011 06:01:42:256 000000e2              RhoRuby| require_compiled: rhofsconnector
I/APP     (  213): I 10/22/2011 06:01:42:265 000000e2              RhoRuby| require_compiled: rho/rhofsconnector
I/APP     (  213): I 10/22/2011 06:01:42:293 000000e2              RhoRuby| require_compiled: rhom/rhom_object_factory
I/APP     (  213): I 10/22/2011 06:01:42:626 000000e2              RhoRuby| require_compiled: rhom/rhom
I/APP     (  213): I 10/22/2011 06:01:42:659 000000e2              RhoRuby| require_compiled: rhom/rhom_model
I/APP     (  213): I 10/22/2011 06:01:42:710 000000e2              RhoRuby| require_compiled: rhom
I/APP     (  213): I 10/22/2011 06:01:42:720 000000e2              RhoRuby| require_compiled: rho/rhoapplication
I/APP     (  213): I 10/22/2011 06:01:42:836 000000e2              RhoRuby| require_compiled: rholang/localization_simplified
I/APP     (  213): I 10/22/2011 06:01:42:900 000000e2                  APP| Current locale: en; Country code: us
I/APP     (  213): I 10/22/2011 06:01:42:902 000000e2                  APP| file: /data/data/com.rhomobile.rhodesapplication4/rhodata/lib/rholang/lang_
I/APP     (  213): I 10/22/2011 06:01:42:905 000000e2              RhoRuby| require_compiled: /data/data/com.rhomobile.rhodesapplication4/rhodata/lib/rholang/lang_en
I/APP     (  213): I 10/22/2011 06:01:42:926 000000e2              RhoRuby| require_compiled: rho/rhomsg
I/APP     (  213): I 10/22/2011 06:01:42:938 000000e2                  APP| Current locale: en; Country code: us
I/APP     (  213): I 10/22/2011 06:01:42:943 000000e2                  APP| file: /data/data/com.rhomobile.rhodesapplication4/rhodata/lib/rholang/rhomsg_
I/APP     (  213): I 10/22/2011 06:01:42:946 000000e2              RhoRuby| require_compiled: /data/data/com.rhomobile.rhodesapplication4/rhodata/lib/rholang/rhomsg_en
I/APP     (  213): I 10/22/2011 06:01:42:956 000000e2              RhoRuby| require_compiled: rho/rhotabbar
I/APP     (  213): I 10/22/2011 06:01:42:978 000000e2              RhoRuby| require_compiled: rho/rhotoolbar
I/APP     (  213): I 10/22/2011 06:01:42:990 000000e2              RhoRuby| require_compiled: indifferent_access
I/APP     (  213): I 10/22/2011 06:01:43:031 000000e2              RhoRuby| require_compiled: rho/rhosupport
I/APP     (  213): I 10/22/2011 06:01:43:114 000000e2              RhoRuby| require_compiled: rho/rhocontroller
I/APP     (  213): I 10/22/2011 06:01:43:154 000000e2              RhoRuby| require_compiled: rho/render
I/APP     (  213): I 10/22/2011 06:01:43:253 000000e2              RhoRuby| require_compiled: rho/rho
I/APP     (  213): I 10/22/2011 06:01:43:616 000000e2              RhoRuby| require_compiled: rho/rhoerror
I/APP     (  213): I 10/22/2011 06:01:43:628 000000e2                  APP| Current locale: en; Country code: us
I/APP     (  213): I 10/22/2011 06:01:43:644 000000e2                  APP| file: /data/data/com.rhomobile.rhodesapplication4/rhodata/lib/rholang/rhoerror_
I/APP     (  213): I 10/22/2011 06:01:43:646 000000e2              RhoRuby| require_compiled: /data/data/com.rhomobile.rhodesapplication4/rhodata/lib/rholang/rhoerror_en
I/APP     (  213): I 10/22/2011 06:01:43:673 000000e2              RhoRuby| require_compiled: rhom/rhom_source
I/APP     (  213): I 10/22/2011 06:01:43:737 000000e2              RhoRuby| require_compiled: rho/rhoviewhelpers
I/APP     (  213): I 10/22/2011 06:01:43:771 000000e2              RhoRuby| require_compiled: rho
I/APP     (  213): I 10/22/2011 06:01:43:777 000000e2                  APP| RHO loaded
I/APP     (  213): I 10/22/2011 06:01:43:779 000000e2                  APP| Calling RHO.initialize
I/APP     (  213): I 10/22/2011 06:01:43:786 000000e2                   DB| Open DB: /data/data/com.rhomobile.rhodesapplication4/rhodata/db/syncdbuser.sqlite
I/APP     (  213): I 10/22/2011 06:01:43:863 000000e2            RhodesApp| Starting sync engine...
I/APP     (  213): I 10/22/2011 06:01:43:865 000000e2                 Sync| sync_poll_interval: 0
I/APP     (  213): I 10/22/2011 06:01:43:866 000000e2                 Sync| syncserver: 
I/APP     (  213): I 10/22/2011 06:01:43:868 000000e2                 Sync| bulksync_state: 0
I/APP     (  213): I 10/22/2011 06:01:43:869 000000e2            RhodesApp| RhoRubyInitApp...
I/APP     (  213): I 10/22/2011 06:01:43:870 000000e2                  APP| init_app
I/APP     (  213): I 10/22/2011 06:01:43:874 000000e2              RhoRuby| require_compiled: application
I/APP     (  213): I 10/22/2011 06:01:43:884 000000e2                  APP| Current locale: en; Country code: us
I/APP     (  213): I 10/22/2011 06:01:43:895 000000e2                  APP| on_reinstall_config_update: {"LogToOutput"=>["0", "1"]}
I/APP     (  213): I 10/22/2011 06:01:43:909 000000e2           HttpServer| Start HTTP server
I/APP     (  213): I 10/22/2011 06:01:43:915 000000e2           HttpServer| Listen for connections on port 58687
I/APP     (  213): I 10/22/2011 06:01:43:916 000000e2         AppCallbacks| addCommand: LOCAL-SERVER-STARTED
I/APP     (  213): I 10/22/2011 06:01:43:918 000000dd         AppCallbacks| process command: LOCAL-SERVER-STARTED
I/APP     (  213): I 10/22/2011 06:01:43:921 000000dd           AppStarted| Handlers have completed.
I/APP     (  213): I 10/22/2011 06:01:43:922 000000dd         AppActivated| Handlers have completed.
I/APP     (  213): I 10/22/2011 06:01:43:923 000000dd    RhodesApplication| New AppState: AppActivated
I/APP     (  213): I 10/22/2011 06:01:43:923 000000dd         AppCallbacks| process command: UI-CREATED
I/APP     (  213): I 10/22/2011 06:01:43:983 000000e2           HttpServer| Process URI: '/system/uicreated'
I/APP     (  213): I 10/22/2011 06:01:43:986 000000e2                  APP| on_ui_created.navigate to start url: '/app'
D/dalvikvm(  213): +++ not scanning '/system/lib/libwebcore.so' for 'howLongWaitMs' (wrong CL)
D/dalvikvm(  213): +++ not scanning '/system/lib/libexif.so' for 'howLongWaitMs' (wrong CL)
D/dalvikvm(  213): +++ not scanning '/system/lib/libFFTEm.so' for 'howLongWaitMs' (wrong CL)
D/dalvikvm(  213): +++ not scanning '/system/lib/libmedia_jni.so' for 'howLongWaitMs' (wrong CL)
V/SplashScreen(  213): ms[1319263304005] $$$$$$$$$$$$$$$$$$$$$$$     DELAY for SplashScreen = 0
I/APP     (  213): I 10/22/2011 06:01:44:031 000000dd         AppCallbacks| process command: APP-ACTIVATED
V/SimpleMainView(  213): ms[1319263304191] processForNativeView : [http://localhost:58687/app]
D/dalvikvm(  213): +++ not scanning '/system/lib/libwebcore.so' for 'getFactoryHandleByViewType' (wrong CL)
D/dalvikvm(  213): +++ not scanning '/system/lib/libexif.so' for 'getFactoryHandleByViewType' (wrong CL)
D/dalvikvm(  213): +++ not scanning '/system/lib/libFFTEm.so' for 'getFactoryHandleByViewType' (wrong CL)
D/dalvikvm(  213): +++ not scanning '/system/lib/libmedia_jni.so' for 'getFactoryHandleByViewType' (wrong CL)
I/APP     (  213): I 10/22/2011 06:01:44:208 000000d5       SimpleMainView| Cleared URL: http://localhost:58687/app
V/SimpleMainView.View(  213): ms[1319263304279]  Main Window :: onSizeChanged() old [ 480 x 762 ]  new [ 0 x 0 ]
I/APP     (  213): I 10/22/2011 06:01:44:303 000000e2           HttpServer| Process URI: '/system/activateapp'
I/APP     (  213): I 10/22/2011 06:01:44:347 000000dd         AppCallbacks| ThreadQueue blocked for 4294967295 seconds...
I/APP     (  213): I 10/22/2011 06:01:44:640 000000e2           HttpServer| Process URI: '/app'
I/APP     (  213): I 10/22/2011 06:01:44:776 000000d5     RhoWebViewClient| Loading URL: http://localhost:58687/app/index_erb.iseq
I/APP     (  213): I 10/22/2011 06:01:44:820 000000e2           HttpServer| Process URI: '/app/index_erb.iseq'
I/APP     (  213): I 10/22/2011 06:01:44:829 000000e2                  APP| RHO serve_index: /app/index_erb.iseq
I/APP     (  213): I 10/22/2011 06:01:44:835 000000e2 RHO Rho::RhoController| inst_render_index
I/APP     (  213): I 10/22/2011 06:01:44:865 000000e2 RHO Rho::RhoController| index layout
I/APP     (  213): I 10/22/2011 06:01:45:275 000000e2           HttpServer| Process URI: '/public/jquery/jquery-1.6.2.min.js'
D/dalvikvm(  213): GC freed 2755 objects / 580992 bytes in 99ms
D/webviewglue(  213): nativeDestroy view: 0x30f0f0
I/APP     (  213): I 10/22/2011 06:01:45:513 000000e2           HttpServer| Process URI: '/public/jqmobile/jquery.mobile-1.0b2.min.css'
I/APP     (  213): I 10/22/2011 06:01:45:610 000000e2           HttpServer| Process URI: '/public/css/jqmobile-patch.css'
I/APP     (  213): I 10/22/2011 06:01:45:686 000000e2           HttpServer| Process URI: '/public/jqmobile/jquery.mobile-1.0b2.min.js'
I/APP     (  213): I 10/22/2011 06:01:45:827 000000e2           HttpServer| Process URI: '/public/js/jqmobile-patch.js'
I/APP     (  213): I 10/22/2011 06:01:45:878 000000e2           HttpServer| Process URI: '/public/css/android.css'
I/APP     (  213): I 10/22/2011 06:01:52:792 000000e2           HttpServer| Process URI: '/public/jqmobile/images/icons-18-white.png'
D/KeyguardViewMediator(   53): pokeWakelock(5000)
I/ActivityManager(   53): Killing process android.process.media (pid=170) at user's request
I/Process (   53): Sending signal. PID: 170 SIG: 9
I/ActivityManager(   53): Process android.process.media (pid 170) has died.
I/ActivityManager(   53): Start proc com.android.inputmethod.latin for service com.android.inputmethod.latin/.LatinIME: pid=233 uid=10001 gids={3003, 1015}
I/ARMAssembler(   53): generated scanline__00000077:03515104_00001001_00000000 [ 64 ipp] (84 ins) at [0x2c0e40:0x2c0f90] in 7694353 ns
I/jdwp    (  233): received file descriptor 20 from ADB
D/ddm-heap(  233): Got feature list request
D/dalvikvm(  233): Trying to load lib /system/lib/libjni_latinime.so 0x43758040
D/dalvikvm(  233): Added shared lib /system/lib/libjni_latinime.so 0x43758040
D/dalvikvm(  213): +++ not scanning '/system/lib/libwebcore.so' for 'navigateBack' (wrong CL)
D/dalvikvm(  213): +++ not scanning '/system/lib/libexif.so' for 'navigateBack' (wrong CL)
D/dalvikvm(  213): +++ not scanning '/system/lib/libFFTEm.so' for 'navigateBack' (wrong CL)
D/dalvikvm(  213): +++ not scanning '/system/lib/libmedia_jni.so' for 'navigateBack' (wrong CL)
D/dalvikvm(  213): +++ not scanning '/system/lib/libwebcore.so' for 'isOnStartPage' (wrong CL)
D/dalvikvm(  213): +++ not scanning '/system/lib/libexif.so' for 'isOnStartPage' (wrong CL)
D/dalvikvm(  213): +++ not scanning '/system/lib/libFFTEm.so' for 'isOnStartPage' (wrong CL)
D/dalvikvm(  213): +++ not scanning '/system/lib/libmedia_jni.so' for 'isOnStartPage' (wrong CL)
I/ActivityManager(   53): moveTaskToBack: 3
D/PhoneWindow(  213): couldn't save which view has focus because the focused view android.webkit.WebView@437aff38 has no id.
I/APP     (  213): I 10/22/2011 06:02:06:590 000000d5         AppActivated| Handlers have completed.
I/APP     (  213): I 10/22/2011 06:02:06:599 000000d5    RhodesApplication| New UiState: MainActivityPaused
D/RhodesActivity(  213): RhodesActivity.onPause()
D/dalvikvm(  213): +++ not scanning '/system/lib/libwebcore.so' for 'callUiDestroyedCallback' (wrong CL)
D/dalvikvm(  213): +++ not scanning '/system/lib/libexif.so' for 'callUiDestroyedCallback' (wrong CL)
D/dalvikvm(  213): +++ not scanning '/system/lib/libFFTEm.so' for 'callUiDestroyedCallback' (wrong CL)
D/dalvikvm(  213): +++ not scanning '/system/lib/libmedia_jni.so' for 'callUiDestroyedCallback' (wrong CL)
I/APP     (  213): I 10/22/2011 06:02:06:612 000000e2           HttpServer| Process URI: '/system/uidestroyed'
W/InputManagerService(   53): Starting input on non-focused client com.android.internal.view.IInputMethodClient$Stub$Proxy@439870e8 (uid=10026 pid=213)
I/APP     (  213): I 10/22/2011 06:02:07:115 000000d5       AppDeactivated| Handlers have completed.
I/APP     (  213): I 10/22/2011 06:02:07:125 000000d5    RhodesApplication| New AppState: AppDeactivated
I/APP     (  213): I 10/22/2011 06:02:07:132 000000d5        RhodesService| activityStopped() temporary release wakeLock object
I/APP     (  213): I 10/22/2011 06:02:07:135 000000d5            RhodesApp| callAppActiveCallback
I/APP     (  213): I 10/22/2011 06:02:07:141 000000d5         AppCallbacks| addCommand: APP-DEACTIVATED
I/APP     (  213): I 10/22/2011 06:02:07:143 000000dd         AppCallbacks| process command: APP-DEACTIVATED
I/APP     (  213): I 10/22/2011 06:02:07:147 000000dd         AppCallbacks| ThreadQueue blocked for 4294967295 seconds...
I/APP     (  213): I 10/22/2011 06:02:07:196 000000e2           HttpServer| Process URI: '/system/deactivateapp'
D/RhodesActivity(  213): RhodesActivity.onStop()
D/dalvikvm(   93): GC freed 3339 objects / 179336 bytes in 219ms
I/ActivityManager(   53): Starting activity: Intent { act=android.intent.action.MAIN cat=[android.intent.category.LAUNCHER] flg=0x10200000 cmp=com.rhomobile.rhodesapplication4/com.rhomobile.rhodes.RhodesActivity }
D/RhodesActivity(  213): RhodesActivity.onNewIntent()
I/APP     (  213): I 10/22/2011 06:02:12:311 000000d5            RhodesApp| New start params: 
I/APP     (  213): I 10/22/2011 06:02:12:315 000000d5            RhodesApp| callAppActiveCallback
I/APP     (  213): I 10/22/2011 06:02:12:317 000000d5         AppCallbacks| addCommand: APP-ACTIVATED
I/APP     (  213): I 10/22/2011 06:02:12:320 000000dd            RhodesApp| restart local server.
I/APP     (  213): I 10/22/2011 06:02:12:320 000000dd           HttpServer| Stopping server...
I/APP     (  213): I 10/22/2011 06:02:12:322 000000e2           HttpServer| Start HTTP server
I/APP     (  213): I 10/22/2011 06:02:12:324 000000e2           HttpServer| Listen for connections on port 58687
I/APP     (  213): I 10/22/2011 06:02:12:325 000000e2         AppCallbacks| addCommand: LOCAL-SERVER-STARTED
I/APP     (  213): I 10/22/2011 06:02:12:326 000000dd         AppCallbacks| Received command APP-ACTIVATED which is greater than expected (LOCAL-SERVER-STARTED) - postpone it
I/APP     (  213): I 10/22/2011 06:02:12:327 000000dd         AppCallbacks| process command: LOCAL-SERVER-STARTED
I/APP     (  213): I 10/22/2011 06:02:12:331 000000dd           AppStarted| Handlers have completed.
I/APP     (  213): I 10/22/2011 06:02:12:334 000000dd         AppActivated| Handlers have completed.
I/APP     (  213): I 10/22/2011 06:02:12:335 000000dd    RhodesApplication| New AppState: AppActivated
I/APP     (  213): I 10/22/2011 06:02:12:333 000000d5         AppActivated| Handlers have completed.
I/APP     (  213): I 10/22/2011 06:02:12:343 000000d5    RhodesApplication| New AppState: AppActivated
D/RhodesActivity(  213): RhodesActivity.onStart()
I/APP     (  213): I 10/22/2011 06:02:12:346 000000d5         AppActivated| Handlers have completed.
I/APP     (  213): I 10/22/2011 06:02:12:348 000000d5    RhodesApplication| New UiState: MainActivityStarted
D/RhodesActivity(  213): RhodesActivity.onResume()
I/APP     (  213): I 10/22/2011 06:02:12:348 000000dd         AppCallbacks| process command: APP-ACTIVATED
I/APP     (  213): I 10/22/2011 06:02:12:391 000000e2           HttpServer| Process URI: '/system/activateapp'
I/APP     (  213): I 10/22/2011 06:02:12:413 000000dd         AppCallbacks| ThreadQueue blocked for 4294967295 seconds...
I/APP     (  213): I 10/22/2011 06:02:12:415 000000dd         AppCallbacks| ThreadQueue blocked for 4294967295 seconds...
W/IInputConnectionWrapper(  213): showStatusIcon on inactive InputConnection
I/ActivityManager(   53): moveTaskToBack: 3
D/PhoneWindow(  213): couldn't save which view has focus because the focused view android.webkit.WebView@437aff38 has no id.
I/APP     (  213): I 10/22/2011 06:02:15:555 000000d5         AppActivated| Handlers have completed.
I/APP     (  213): I 10/22/2011 06:02:15:556 000000d5    RhodesApplication| New UiState: MainActivityPaused
D/RhodesActivity(  213): RhodesActivity.onPause()
I/APP     (  213): I 10/22/2011 06:02:15:565 000000e2           HttpServer| Process URI: '/system/uidestroyed'
W/InputManagerService(   53): Starting input on non-focused client com.android.internal.view.IInputMethodClient$Stub$Proxy@439870e8 (uid=10026 pid=213)
I/APP     (  213): I 10/22/2011 06:02:15:797 000000d5       AppDeactivated| Handlers have completed.
I/APP     (  213): I 10/22/2011 06:02:15:799 000000d5    RhodesApplication| New AppState: AppDeactivated
I/APP     (  213): I 10/22/2011 06:02:15:800 000000d5        RhodesService| activityStopped() temporary release wakeLock object
I/APP     (  213): I 10/22/2011 06:02:15:801 000000d5            RhodesApp| callAppActiveCallback
I/APP     (  213): I 10/22/2011 06:02:15:803 000000d5         AppCallbacks| addCommand: APP-DEACTIVATED
I/APP     (  213): I 10/22/2011 06:02:15:809 000000dd         AppCallbacks| process command: APP-DEACTIVATED
I/APP     (  213): I 10/22/2011 06:02:15:810 000000dd         AppCallbacks| ThreadQueue blocked for 4294967295 seconds...
I/APP     (  213): I 10/22/2011 06:02:15:818 000000e2           HttpServer| Process URI: '/system/deactivateapp'
D/RhodesActivity(  213): RhodesActivity.onStop()
I/ActivityManager(   53): Starting activity: Intent { act=android.intent.action.MAIN cat=[android.intent.category.LAUNCHER] flg=0x10200000 cmp=com.rhomobile.rhodesapplication3/com.rhomobile.rhodes.RhodesActivity }
I/ActivityManager(   53): Start proc com.rhomobile.rhodesapplication3 for activity com.rhomobile.rhodesapplication3/com.rhomobile.rhodes.RhodesActivity: pid=240 uid=10025 gids={3003}
I/jdwp    (  240): received file descriptor 20 from ADB
D/ddm-heap(  240): Got feature list request
D/dalvikvm(  240): Trying to load lib /data/data/com.rhomobile.rhodesapplication3/lib/librhodes.so 0x437586e0
D/dalvikvm(  240): Added shared lib /data/data/com.rhomobile.rhodesapplication3/lib/librhodes.so 0x437586e0
I/ActivityThread(  240): Publishing provider com.rhomobile.rhodesapplication3: com.rhomobile.rhodes.LocalFileProvider
W/ServiceManager(   31): Permission failure: android.permission.CAMERA from uid=10025 pid=240
E/CameraService(   31): Permission Denial: can't use the camera pid=240, uid=10025
D/dalvikvm(  240): +++ not scanning '/system/lib/libwebcore.so' for 'E' (wrong CL)
D/dalvikvm(  240): +++ not scanning '/system/lib/libexif.so' for 'E' (wrong CL)
D/dalvikvm(  240): +++ not scanning '/system/lib/libFFTEm.so' for 'E' (wrong CL)
D/dalvikvm(  240): +++ not scanning '/system/lib/libmedia_jni.so' for 'E' (wrong CL)
D/dalvikvm(  240): +++ not scanning '/system/lib/libwebcore.so' for 'isTitleEnabled' (wrong CL)
D/dalvikvm(  240): +++ not scanning '/system/lib/libexif.so' for 'isTitleEnabled' (wrong CL)
D/dalvikvm(  240): +++ not scanning '/system/lib/libFFTEm.so' for 'isTitleEnabled' (wrong CL)
D/dalvikvm(  240): +++ not scanning '/system/lib/libmedia_jni.so' for 'isTitleEnabled' (wrong CL)
D/Camera-JNI(  240): release camera
D/dalvikvm(  240): GC freed 1746 objects / 140264 bytes in 94ms
I/RhodesActivity(  240): >>>>>>>>>>>>>>> onCreate()
D/dalvikvm(  240): +++ not scanning '/system/lib/libwebcore.so' for 'T' (wrong CL)
D/dalvikvm(  240): +++ not scanning '/system/lib/libexif.so' for 'T' (wrong CL)
D/dalvikvm(  240): +++ not scanning '/system/lib/libFFTEm.so' for 'T' (wrong CL)
D/dalvikvm(  240): +++ not scanning '/system/lib/libmedia_jni.so' for 'T' (wrong CL)
D/dalvikvm(  240): +++ not scanning '/system/lib/libwebcore.so' for 'I' (wrong CL)
D/dalvikvm(  240): +++ not scanning '/system/lib/libexif.so' for 'I' (wrong CL)
D/dalvikvm(  240): +++ not scanning '/system/lib/libFFTEm.so' for 'I' (wrong CL)
D/dalvikvm(  240): +++ not scanning '/system/lib/libmedia_jni.so' for 'I' (wrong CL)
D/RhodesActivity(  240): RhodesActivity.onStart()
D/RhodesActivity(  240): RhodesActivity.onResume()
D/dalvikvm(  240): +++ not scanning '/system/lib/libwebcore.so' for 'initClassLoader' (wrong CL)
D/dalvikvm(  240): +++ not scanning '/system/lib/libexif.so' for 'initClassLoader' (wrong CL)
D/dalvikvm(  240): +++ not scanning '/system/lib/libFFTEm.so' for 'initClassLoader' (wrong CL)
D/dalvikvm(  240): +++ not scanning '/system/lib/libmedia_jni.so' for 'initClassLoader' (wrong CL)
D/RhodesService(  240): Root path: null
D/RhoFileApi(  240): App root path: /data/data/com.rhomobile.rhodesapplication3/rhodata/
D/RhoFileApi(  240): Sqlite journals path: /data/data/com.rhomobile.rhodesapplication3/sqlite_stmt_journals/
D/dalvikvm(  240): +++ not scanning '/system/lib/libwebcore.so' for 'nativeInitPath' (wrong CL)
D/dalvikvm(  240): +++ not scanning '/system/lib/libexif.so' for 'nativeInitPath' (wrong CL)
D/dalvikvm(  240): +++ not scanning '/system/lib/libFFTEm.so' for 'nativeInitPath' (wrong CL)
D/dalvikvm(  240): +++ not scanning '/system/lib/libmedia_jni.so' for 'nativeInitPath' (wrong CL)
D/dalvikvm(  240): +++ not scanning '/system/lib/libwebcore.so' for 'nativeInit' (wrong CL)
D/dalvikvm(  240): +++ not scanning '/system/lib/libexif.so' for 'nativeInit' (wrong CL)
D/dalvikvm(  240): +++ not scanning '/system/lib/libFFTEm.so' for 'nativeInit' (wrong CL)
D/dalvikvm(  240): +++ not scanning '/system/lib/libmedia_jni.so' for 'nativeInit' (wrong CL)
I/global  (  240): Default buffer size used in BufferedReader constructor. It would be better to be explicit if an 8k-char buffer is required.
D/dalvikvm(  240): +++ not scanning '/system/lib/libwebcore.so' for 'updateStatTable' (wrong CL)
D/dalvikvm(  240): +++ not scanning '/system/lib/libexif.so' for 'updateStatTable' (wrong CL)
D/dalvikvm(  240): +++ not scanning '/system/lib/libFFTEm.so' for 'updateStatTable' (wrong CL)
D/dalvikvm(  240): +++ not scanning '/system/lib/libmedia_jni.so' for 'updateStatTable' (wrong CL)
D/dalvikvm(  240): +++ not scanning '/system/lib/libwebcore.so' for 'createRhodesApp' (wrong CL)
D/dalvikvm(  240): +++ not scanning '/system/lib/libexif.so' for 'createRhodesApp' (wrong CL)
D/dalvikvm(  240): +++ not scanning '/system/lib/libFFTEm.so' for 'createRhodesApp' (wrong CL)
D/dalvikvm(  240): +++ not scanning '/system/lib/libmedia_jni.so' for 'createRhodesApp' (wrong CL)
I/APP     (  240): I 10/22/2011 06:02:20:438 000000f7         AppCallbacks| Starting main routine...
I/APP     (  240): I 10/22/2011 06:02:20:444 000000f7         AppCallbacks| ThreadQueue blocked for 4294967295 seconds...
I/APP     (  240): I 10/22/2011 06:02:20:446 000000f0            RhodesApp| Trying to get free listening port.
I/APP     (  240): I 10/22/2011 06:02:20:447 000000f0            RhodesApp| Trying to bind of 0 port...
I/APP     (  240): I 10/22/2011 06:02:20:449 000000f0            RhodesApp| Got port to bind on: 36266
I/APP     (  240): I 10/22/2011 06:02:20:450 000000f0            RhodesApp| Free listening port: 36266
D/dalvikvm(  240): +++ not scanning '/system/lib/libwebcore.so' for 'nativeStart' (wrong CL)
D/dalvikvm(  240): +++ not scanning '/system/lib/libexif.so' for 'nativeStart' (wrong CL)
D/dalvikvm(  240): +++ not scanning '/system/lib/libFFTEm.so' for 'nativeStart' (wrong CL)
D/dalvikvm(  240): +++ not scanning '/system/lib/libmedia_jni.so' for 'nativeStart' (wrong CL)
D/dalvikvm(  240): +++ not scanning '/system/lib/libwebcore.so' for 'isExist' (wrong CL)
D/dalvikvm(  240): +++ not scanning '/system/lib/libexif.so' for 'isExist' (wrong CL)
D/dalvikvm(  240): +++ not scanning '/system/lib/libFFTEm.so' for 'isExist' (wrong CL)
D/dalvikvm(  240): +++ not scanning '/system/lib/libmedia_jni.so' for 'isExist' (wrong CL)
I/APP     (  240): I 10/22/2011 06:02:20:528 000000f0               Rhodes| Loading...
D/dalvikvm(  240): +++ not scanning '/system/lib/libwebcore.so' for 'getInt' (wrong CL)
D/dalvikvm(  240): +++ not scanning '/system/lib/libexif.so' for 'getInt' (wrong CL)
D/dalvikvm(  240): +++ not scanning '/system/lib/libFFTEm.so' for 'getInt' (wrong CL)
D/dalvikvm(  240): +++ not scanning '/system/lib/libmedia_jni.so' for 'getInt' (wrong CL)
D/dalvikvm(  240): +++ not scanning '/system/lib/libwebcore.so' for 'startRhodesApp' (wrong CL)
D/dalvikvm(  240): +++ not scanning '/system/lib/libexif.so' for 'startRhodesApp' (wrong CL)
D/dalvikvm(  240): +++ not scanning '/system/lib/libFFTEm.so' for 'startRhodesApp' (wrong CL)
D/dalvikvm(  240): +++ not scanning '/system/lib/libmedia_jni.so' for 'startRhodesApp' (wrong CL)
I/APP     (  240): I 10/22/2011 06:02:21:058 000000fc            RhodesApp| Starting RhodesApp main routine...
D/dalvikvm(  240): +++ not scanning '/system/lib/libwebcore.so' for 'callActivationCallback' (wrong CL)
D/dalvikvm(  240): +++ not scanning '/system/lib/libexif.so' for 'callActivationCallback' (wrong CL)
D/dalvikvm(  240): +++ not scanning '/system/lib/libFFTEm.so' for 'callActivationCallback' (wrong CL)
D/dalvikvm(  240): +++ not scanning '/system/lib/libmedia_jni.so' for 'callActivationCallback' (wrong CL)
I/APP     (  240): I 10/22/2011 06:02:21:074 000000f0            RhodesApp| callAppActiveCallback
I/APP     (  240): I 10/22/2011 06:02:21:075 000000f0         AppCallbacks| addCommand: APP-ACTIVATED
I/APP     (  240): I 10/22/2011 06:02:21:076 000000f7         AppCallbacks| Received command APP-ACTIVATED which is greater than expected (LOCAL-SERVER-STARTED) - postpone it
I/APP     (  240): I 10/22/2011 06:02:21:077 000000f7         AppCallbacks| ThreadQueue blocked for 4294967295 seconds...
I/APP     (  240): I 10/22/2011 06:02:21:079 000000f0         AppActivated| Cannot commit now, application will be activated when started.
I/APP     (  240): I 10/22/2011 06:02:21:080 000000f0            Undefined| Handlers have completed.
I/APP     (  240): I 10/22/2011 06:02:21:082 000000f0    RhodesApplication| New AppState: Undefined
D/dalvikvm(  240): +++ not scanning '/system/lib/libwebcore.so' for 'D' (wrong CL)
D/dalvikvm(  240): +++ not scanning '/system/lib/libexif.so' for 'D' (wrong CL)
D/dalvikvm(  240): +++ not scanning '/system/lib/libFFTEm.so' for 'D' (wrong CL)
D/dalvikvm(  240): +++ not scanning '/system/lib/libmedia_jni.so' for 'D' (wrong CL)
I/APP     (  240): I 10/22/2011 06:02:21:095 000000f0        RhodesService| handleCommand: startId=1, source=com.rhomobile.rhodes.BaseActivity
I/APP     (  240): I 10/22/2011 06:02:21:096 000000f0        RhodesService| New activity was created
D/dalvikvm(  240): +++ not scanning '/system/lib/libwebcore.so' for 'callUiCreatedCallback' (wrong CL)
D/dalvikvm(  240): +++ not scanning '/system/lib/libexif.so' for 'callUiCreatedCallback' (wrong CL)
D/dalvikvm(  240): +++ not scanning '/system/lib/libFFTEm.so' for 'callUiCreatedCallback' (wrong CL)
D/dalvikvm(  240): +++ not scanning '/system/lib/libmedia_jni.so' for 'callUiCreatedCallback' (wrong CL)
I/APP     (  240): I 10/22/2011 06:02:21:103 000000f0         AppCallbacks| addCommand: UI-CREATED
I/APP     (  240): I 10/22/2011 06:02:21:105 000000f7         AppCallbacks| Received command UI-CREATED which is greater than expected (LOCAL-SERVER-STARTED) - postpone it
I/APP     (  240): I 10/22/2011 06:02:21:105 000000f7         AppCallbacks| ThreadQueue blocked for 4294967295 seconds...
I/APP     (  240): I 10/22/2011 06:02:21:222 000000f0       RhodesActivity| onServiceConnected: {com.rhomobile.rhodesapplication3/com.rhomobile.rhodes.RhodesService}
D/dalvikvm(  240): +++ not scanning '/system/lib/libwebcore.so' for 'canStartApp' (wrong CL)
D/dalvikvm(  240): +++ not scanning '/system/lib/libexif.so' for 'canStartApp' (wrong CL)
D/dalvikvm(  240): +++ not scanning '/system/lib/libFFTEm.so' for 'canStartApp' (wrong CL)
D/dalvikvm(  240): +++ not scanning '/system/lib/libmedia_jni.so' for 'canStartApp' (wrong CL)
I/APP     (  240): I 10/22/2011 06:02:21:225 000000f0            RhodesApp| New start params: 
D/dalvikvm(  240): +++ not scanning '/system/lib/libwebcore.so' for 'getBool' (wrong CL)
D/dalvikvm(  240): +++ not scanning '/system/lib/libexif.so' for 'getBool' (wrong CL)
D/dalvikvm(  240): +++ not scanning '/system/lib/libFFTEm.so' for 'getBool' (wrong CL)
D/dalvikvm(  240): +++ not scanning '/system/lib/libmedia_jni.so' for 'getBool' (wrong CL)
I/ActivityManager(   53): Displayed activity com.rhomobile.rhodesapplication3/com.rhomobile.rhodes.RhodesActivity: 2587 ms (total 2587 ms)
I/APP     (  240): I 10/22/2011 06:02:21:826 000000fc              RhoRuby| Init_RhoBlobs: /data/data/com.rhomobile.rhodesapplication3/rhodata/db/db-files
I/APP     (  240): I 10/22/2011 06:02:21:855 000000fc              RhoRuby| require_compiled: rhoframework
I/APP     (  240): I 10/22/2011 06:02:21:903 000000fc              RhoRuby| require_compiled: rational
I/APP     (  240): I 10/22/2011 06:02:21:916 000000fc              RhoRuby| require_compiled: rhom/rhom_db_adapter
I/APP     (  240): I 10/22/2011 06:02:21:969 000000fc              RhoRuby| require_compiled: rhodes
I/APP     (  240): I 10/22/2011 06:02:21:980 000000fc              RhoRuby| require_compiled: rhom/rhom_object
I/APP     (  240): I 10/22/2011 06:02:21:994 000000fc              RhoRuby| require_compiled: rhofsconnector
I/APP     (  240): I 10/22/2011 06:02:22:002 000000fc              RhoRuby| require_compiled: rho/rhofsconnector
I/APP     (  240): I 10/22/2011 06:02:22:023 000000fc              RhoRuby| require_compiled: rhom/rhom_object_factory
D/dalvikvm(  240): GC freed 3852 objects / 338200 bytes in 84ms
I/APP     (  240): I 10/22/2011 06:02:22:378 000000fc              RhoRuby| require_compiled: rhom/rhom
I/APP     (  240): I 10/22/2011 06:02:22:410 000000fc              RhoRuby| require_compiled: rhom/rhom_model
I/APP     (  240): I 10/22/2011 06:02:22:443 000000fc              RhoRuby| require_compiled: rhom
I/APP     (  240): I 10/22/2011 06:02:22:450 000000fc              RhoRuby| require_compiled: rho/rhoapplication
I/APP     (  240): I 10/22/2011 06:02:22:487 000000fc              RhoRuby| require_compiled: rholang/localization_simplified
