D/dalvikvm(   93): GC freed 3389 objects / 191016 bytes in 209ms
I/APP     (  377): I 10/22/2011 06:41:34:701 00000186           HttpServer| Process URI: '/public/jqmobile/images/icons-18-white.png'
I/APP     (  377): I 10/22/2011 06:41:40:268 00000186           HttpServer| Process URI: '/app/Games'
I/APP     (  377): I 10/22/2011 06:41:40:276 00000186                  APP| RHO serve: /app/Games
I/APP     (  377): I 10/22/2011 06:41:40:306 00000186              RhoRuby| require_compiled: Games/games_controller
I/APP     (  377): I 10/22/2011 06:41:40:357 00000186              RhoRuby| require_compiled: helpers/browser_helper
I/APP     (  377): I 10/22/2011 06:41:40:411 00000186                  APP| const_missing: Games
I/APP     (  377): I 10/22/2011 06:41:40:415 00000186                  APP| load_model: Games
I/APP     (  377): I 10/22/2011 06:41:40:423 00000186              RhoRuby| require_compiled: Games/games
I/APP     (  377): I 10/22/2011 06:41:40:442 00000186                  APP| model name: Games
I/APP     (  377): I 10/22/2011 06:41:40:469 00000186                  APP| model class found
I/APP     (  377): I 10/22/2011 06:41:40:472 00000186                  APP| Games : {"property"=>{}}
I/APP     (  377): I 10/22/2011 06:41:40:476 00000186                   DB| Open DB: /data/data/com.rhomobile.uscampus/rhodata/db/syncdblocal.sqlite
I/APP     (  377): I 10/22/2011 06:41:41:210 00000186                  APP| init_db_sources
I/APP     (  377): I 10/22/2011 06:41:41:241 00000186                  APP| start_id: 40003
I/APP     (  377): I 10/22/2011 06:41:41:267 00000186                  APP| Migrate schema sources: {}
I/APP     (  377): I 10/22/2011 06:41:50:701 00000186           HttpServer| Process URI: '/app/Games/new'
I/APP     (  377): I 10/22/2011 06:41:50:703 00000186                  APP| RHO serve: /app/Games/new
D/dalvikvm(  233): GC freed 1752 objects / 126792 bytes in 98ms
D/dalvikvm(  233): GC freed 535 objects / 30352 bytes in 76ms
I/ARMAssembler(   53): generated scanline__00000077:03515104_00001A01_00000000 [ 46 ipp] (68 ins) at [0x383fe8:0x3840f8] in 15495635 ns
W/KeyCharacterMap(  377): No keyboard for id 0
W/KeyCharacterMap(  377): Using default keymap: /system/usr/keychars/qwerty.kcm.bin
D/dalvikvm(  233): GC freed 283 objects / 14752 bytes in 132ms
D/dalvikvm(  377): GC freed 5238 objects / 1054432 bytes in 211ms
W/KeyCharacterMap(  377): No keyboard for id 0
W/KeyCharacterMap(  377): Using default keymap: /system/usr/keychars/qwerty.kcm.bin
D/dalvikvm(  233): GC freed 242 objects / 14304 bytes in 213ms
I/APP     (  377): I 10/22/2011 06:42:12:010 00000186           HttpServer| Process URI: '/app/Games'
I/APP     (  377): I 10/22/2011 06:42:12:013 00000186                  APP| RHO serve: /app/Games
I/APP     (  377): I 10/22/2011 06:42:12:054 00000186                  APP| Params: {"id"=>"88497710706329.2", "games"=>{"Sport"=>"Tennis", "Venue"=>"UNM grounds", "Score"=>""}}
I/APP     (  377): I 10/22/2011 06:42:12:271 00000186           HttpServer| Process URI: '/app/Games'
I/APP     (  377): I 10/22/2011 06:42:12:273 00000186                  APP| RHO serve: /app/Games
I/APP     (  377): I 10/22/2011 06:42:17:115 00000186           HttpServer| Process URI: '/app/Games/{88497710706330.2}/show'
I/APP     (  377): I 10/22/2011 06:42:17:118 00000186                  APP| RHO serve: /app/Games/{88497710706330.2}/show
I/APP     (  377): I 10/22/2011 06:42:17:124 00000186                  APP| Params: {"id"=>"{88497710706330.2}"}
I/APP     (  377): I 10/22/2011 06:42:30:122 00000186           HttpServer| Process URI: '/app/Games'
I/APP     (  377): I 10/22/2011 06:42:30:125 00000186                  APP| RHO serve: /app/Games
I/APP     (  377): I 10/22/2011 06:42:35:653 00000186           HttpServer| Process URI: '/app/index_erb.iseq'
I/APP     (  377): I 10/22/2011 06:42:35:656 00000186                  APP| RHO serve_index: /app/index_erb.iseq
I/APP     (  377): I 10/22/2011 06:42:35:659 00000186 RHO Rho::RhoController| inst_render_index
D/jdwp    (  240): +++ peer disconnected
I/dalvikvm(  240): Debugger has detached; object registry had 1 entries
D/jdwp    (   53): +++ peer disconnected
I/dalvikvm(   53): Debugger has detached; object registry had 1 entries
D/jdwp    (   90): +++ peer disconnected
I/dalvikvm(   90): Debugger has detached; object registry had 1 entries
D/jdwp    (   93): +++ peer disconnected
I/dalvikvm(   93): Debugger has detached; object registry had 1 entries
D/jdwp    (  142): +++ peer disconnected
I/dalvikvm(  142): Debugger has detached; object registry had 1 entries
D/jdwp    (  213): +++ peer disconnected
I/dalvikvm(  213): Debugger has detached; object registry had 1 entries
D/jdwp    (  233): +++ peer disconnected
I/dalvikvm(  233): Debugger has detached; object registry had 1 entries
D/jdwp    (  297): +++ peer disconnected
I/dalvikvm(  297): Debugger has detached; object registry had 1 entries
D/jdwp    (  316): +++ peer disconnected
I/dalvikvm(  316): Debugger has detached; object registry had 1 entries
D/jdwp    (  377): +++ peer disconnected
I/dalvikvm(  377): Debugger has detached; object registry had 1 entries
I/jdwp    (   53): received file descriptor 45 from ADB
I/jdwp    (   90): received file descriptor 13 from ADB
D/ddm-heap(   53): Got feature list request
I/jdwp    (   93): received file descriptor 13 from ADB
D/ddm-heap(   90): Got feature list request
I/jdwp    (  142): received file descriptor 10 from ADB
D/ddm-heap(   93): Got feature list request
I/jdwp    (  213): received file descriptor 10 from ADB
D/ddm-heap(  142): Got feature list request
I/jdwp    (  233): received file descriptor 20 from ADB
I/jdwp    (  240): received file descriptor 20 from ADB
D/ddm-heap(  213): Got feature list request
D/ddm-heap(  233): Got feature list request
I/jdwp    (  297): received file descriptor 10 from ADB
D/ddm-heap(  240): Got feature list request
I/jdwp    (  316): received file descriptor 20 from ADB
D/ddm-heap(  297): Got feature list request
I/jdwp    (  377): received file descriptor 20 from ADB
D/ddm-heap(  316): Got feature list request
D/ddm-heap(  377): Got feature list request
D/AndroidRuntime(  413): 
D/AndroidRuntime(  413): >>>>>>>>>>>>>> AndroidRuntime START <<<<<<<<<<<<<<
D/AndroidRuntime(  413): CheckJNI is ON
D/AndroidRuntime(  413): --- registering native functions ---
I/jdwp    (  413): received file descriptor 21 from ADB
D/ddm-heap(  413): Got feature list request
D/PackageParser(   53): Scanning package: /data/app/vmdl36917.tmp
D/dalvikvm(   53): GC freed 26692 objects / 1392176 bytes in 212ms
I/PackageManager(   53): Removing non-system package:com.rhomobile.uscampus
D/PackageManager(   53): Removing package com.rhomobile.uscampus
D/PackageManager(   53): Unregistered content provider: com.rhomobile.uscampus, className = com.rhomobile.rhodes.LocalFileProvider, isSyncable = false
D/PackageManager(   53):   Providers: com.rhomobile.rhodes.LocalFileProvider
D/PackageManager(   53):   Services: com.rhomobile.rhodes.RhodesService
D/PackageManager(   53):   Activities: com.rhomobile.rhodes.RhodesActivity com.rhomobile.rhodes.alert.PopupActivity com.rhomobile.rhodes.camera.FileList com.rhomobile.rhodes.camera.ImageCapture com.rhomobile.rhodes.signature.ImageCapture com.rhomobile.rhodes.datetime.DateTimePickerScreen com.rhomobile.rhodes.mapview.MapView com.rhomobile.rhodes.mapview.GoogleMapView com.rhomobile.rhodes.bluetooth.RhoBluetoothDeviceListActivity
D/PackageManager(   53): Scanning package com.rhomobile.uscampus
I/PackageManager(   53): /data/app/vmdl36917.tmp changed; unpacking
D/PackageManager(   53): Caching shared lib lib/armeabi/librhodes.so
D/installd(   32): DexInv: --- BEGIN '/data/app/vmdl36917.tmp' ---
D/dalvikvm(  420): DexOpt: load 143ms, verify 1254ms, opt 27ms
D/installd(   32): DexInv: --- END '/data/app/vmdl36917.tmp' (success) ---
D/PackageManager(   53): Registered content provider: com.rhomobile.uscampus, className = com.rhomobile.rhodes.LocalFileProvider, isSyncable = false
D/PackageManager(   53):   Providers: com.rhomobile.rhodes.LocalFileProvider
D/PackageManager(   53):   Services: com.rhomobile.rhodes.RhodesService
D/PackageManager(   53):   Activities: com.rhomobile.rhodes.RhodesActivity com.rhomobile.rhodes.alert.PopupActivity com.rhomobile.rhodes.camera.FileList com.rhomobile.rhodes.camera.ImageCapture com.rhomobile.rhodes.signature.ImageCapture com.rhomobile.rhodes.datetime.DateTimePickerScreen com.rhomobile.rhodes.mapview.MapView com.rhomobile.rhodes.mapview.GoogleMapView com.rhomobile.rhodes.bluetooth.RhoBluetoothDeviceListActivity
D/ActivityManager(   53): Uninstalling process com.rhomobile.uscampus
D/ActivityManager(   53): Force removing process ProcessRecord{43a897a0 377:com.rhomobile.uscampus/10027} (com.rhomobile.uscampus/10027)
W/ActivityManager(   53): Scheduling restart of crashed service com.rhomobile.uscampus/com.rhomobile.rhodes.RhodesService in 5000ms
I/Process (   53): Sending signal. PID: 377 SIG: 9
W/UsageStats(   53): Unexpected resume of com.android.launcher while already resumed in com.rhomobile.uscampus
E/JavaBinder(   53): !!! FAILED BINDER TRANSACTION !!!
E/JavaBinder(   53): !!! FAILED BINDER TRANSACTION !!!
I/WindowManager(   53): WIN DEATH: Window{438a6268 com.rhomobile.uscampus/com.rhomobile.rhodes.RhodesActivity paused=false}
D/ActivityManager(   53): Received spurious death notification for thread android.os.BinderProxy@43a55e58
E/ActivityThread(   53): Failed to find provider info for android.server.checkin
W/Checkin (   53): Can't log event SYSTEM_SERVICE_LOOPING: java.lang.IllegalArgumentException: Unknown URL content://android.server.checkin/events
I/installd(   32): move /data/dalvik-cache/data@app@vmdl36917.tmp@classes.dex -> /data/dalvik-cache/data@app@com.rhomobile.uscampus.apk@classes.dex
D/PackageManager(   53): New package installed in /data/app/com.rhomobile.uscampus.apk
D/AndroidRuntime(  413): Shutting down VM
D/dalvikvm(  413): DestroyJavaVM waiting for non-daemon threads to exit
D/dalvikvm(  413): DestroyJavaVM shutting VM down
D/dalvikvm(  413): HeapWorker thread shutting down
D/dalvikvm(  413): HeapWorker thread has shut down
D/jdwp    (  413): JDWP shutting down net...
D/jdwp    (  413): +++ peer disconnected
I/dalvikvm(  413): Debugger has detached; object registry had 1 entries
D/dalvikvm(  413): VM cleaning up
D/ActivityManager(   53): Uninstalling process com.rhomobile.uscampus
D/dalvikvm(  413): LinearAlloc 0x0 used 665236 of 4194304 (15%)
W/ResourceType(   53): No package identifier when getting value for resource number 0x7f060000
W/ResourceType(   53): No package identifier when getting value for resource number 0x7f060001
D/dalvikvm(   93): GC freed 192 objects / 7688 bytes in 356ms
D/HomeLoaders(   93): application intent received: android.intent.action.PACKAGE_REMOVED, replacing=true
D/HomeLoaders(   93):   --> package:com.rhomobile.uscampus
D/HomeLoaders(   93): application intent received: android.intent.action.PACKAGE_ADDED, replacing=true
D/HomeLoaders(   93):   --> package:com.rhomobile.uscampus
D/HomeLoaders(   93):   --> update package com.rhomobile.uscampus
D/dalvikvm(   53): GC freed 18671 objects / 842120 bytes in 421ms
W/ResourceType(   53): No package identifier when getting value for resource number 0x7f060000
W/ResourceType(   53): No package identifier when getting value for resource number 0x7f060001
D/AndroidRuntime(  427): 
D/AndroidRuntime(  427): >>>>>>>>>>>>>> AndroidRuntime START <<<<<<<<<<<<<<
D/AndroidRuntime(  427): CheckJNI is ON
D/AndroidRuntime(  427): --- registering native functions ---
I/jdwp    (  427): received file descriptor 21 from ADB
D/ddm-heap(  427): Got feature list request
I/ActivityManager(   53): Starting activity: Intent { act=android.intent.action.MAIN flg=0x10000000 cmp=com.rhomobile.uscampus/com.rhomobile.rhodes.RhodesActivity }
D/AndroidRuntime(  427): Shutting down VM
D/dalvikvm(  427): DestroyJavaVM waiting for non-daemon threads to exit
D/dalvikvm(  427): DestroyJavaVM shutting VM down
D/dalvikvm(  427): HeapWorker thread shutting down
D/dalvikvm(  427): HeapWorker thread has shut down
D/jdwp    (  427): JDWP shutting down net...
D/jdwp    (  427): Got wake-up signal, bailing out of select
I/dalvikvm(  427): Debugger has detached; object registry had 1 entries
D/dalvikvm(  427): VM cleaning up
D/dalvikvm(  427): LinearAlloc 0x0 used 676828 of 4194304 (16%)
I/ActivityManager(   53): Start proc com.rhomobile.uscampus for activity com.rhomobile.uscampus/com.rhomobile.rhodes.RhodesActivity: pid=435 uid=10027 gids={3003}
I/jdwp    (  435): received file descriptor 10 from ADB
D/ddm-heap(  435): Got feature list request
D/dalvikvm(  435): Trying to load lib /data/data/com.rhomobile.uscampus/lib/librhodes.so 0x43947338
D/dalvikvm(  435): Added shared lib /data/data/com.rhomobile.uscampus/lib/librhodes.so 0x43947338
I/ActivityThread(  435): Publishing provider com.rhomobile.uscampus: com.rhomobile.rhodes.LocalFileProvider
W/ServiceManager(   31): Permission failure: android.permission.CAMERA from uid=10027 pid=435
E/CameraService(   31): Permission Denial: can't use the camera pid=435, uid=10027
D/dalvikvm(  435): +++ not scanning '/system/lib/libwebcore.so' for 'E' (wrong CL)
D/dalvikvm(  435): +++ not scanning '/system/lib/libexif.so' for 'E' (wrong CL)
D/dalvikvm(  435): +++ not scanning '/system/lib/libFFTEm.so' for 'E' (wrong CL)
D/dalvikvm(  435): +++ not scanning '/system/lib/libmedia_jni.so' for 'E' (wrong CL)
D/dalvikvm(  435): +++ not scanning '/system/lib/libwebcore.so' for 'isTitleEnabled' (wrong CL)
D/dalvikvm(  435): +++ not scanning '/system/lib/libexif.so' for 'isTitleEnabled' (wrong CL)
D/dalvikvm(  435): +++ not scanning '/system/lib/libFFTEm.so' for 'isTitleEnabled' (wrong CL)
D/dalvikvm(  435): +++ not scanning '/system/lib/libmedia_jni.so' for 'isTitleEnabled' (wrong CL)
D/Camera-JNI(  435): release camera
D/dalvikvm(  435): GC freed 1599 objects / 134456 bytes in 104ms
I/RhodesActivity(  435): >>>>>>>>>>>>>>> onCreate()
D/dalvikvm(  435): +++ not scanning '/system/lib/libwebcore.so' for 'T' (wrong CL)
D/dalvikvm(  435): +++ not scanning '/system/lib/libexif.so' for 'T' (wrong CL)
D/dalvikvm(  435): +++ not scanning '/system/lib/libFFTEm.so' for 'T' (wrong CL)
D/dalvikvm(  435): +++ not scanning '/system/lib/libmedia_jni.so' for 'T' (wrong CL)
D/dalvikvm(  435): +++ not scanning '/system/lib/libwebcore.so' for 'I' (wrong CL)
D/dalvikvm(  435): +++ not scanning '/system/lib/libexif.so' for 'I' (wrong CL)
D/dalvikvm(  435): +++ not scanning '/system/lib/libFFTEm.so' for 'I' (wrong CL)
D/dalvikvm(  435): +++ not scanning '/system/lib/libmedia_jni.so' for 'I' (wrong CL)
D/RhodesActivity(  435): RhodesActivity.onStart()
D/RhodesActivity(  435): RhodesActivity.onResume()
D/dalvikvm(  435): +++ not scanning '/system/lib/libwebcore.so' for 'initClassLoader' (wrong CL)
D/dalvikvm(  435): +++ not scanning '/system/lib/libexif.so' for 'initClassLoader' (wrong CL)
D/dalvikvm(  435): +++ not scanning '/system/lib/libFFTEm.so' for 'initClassLoader' (wrong CL)
D/dalvikvm(  435): +++ not scanning '/system/lib/libmedia_jni.so' for 'initClassLoader' (wrong CL)
D/RhodesService(  435): Root path: null
D/RhoFileApi(  435): App root path: /data/data/com.rhomobile.uscampus/rhodata/
D/RhoFileApi(  435): Sqlite journals path: /data/data/com.rhomobile.uscampus/sqlite_stmt_journals/
D/dalvikvm(  435): +++ not scanning '/system/lib/libwebcore.so' for 'nativeInitPath' (wrong CL)
D/dalvikvm(  435): +++ not scanning '/system/lib/libexif.so' for 'nativeInitPath' (wrong CL)
D/dalvikvm(  435): +++ not scanning '/system/lib/libFFTEm.so' for 'nativeInitPath' (wrong CL)
D/dalvikvm(  435): +++ not scanning '/system/lib/libmedia_jni.so' for 'nativeInitPath' (wrong CL)
D/dalvikvm(  435): +++ not scanning '/system/lib/libwebcore.so' for 'nativeInit' (wrong CL)
D/dalvikvm(  435): +++ not scanning '/system/lib/libexif.so' for 'nativeInit' (wrong CL)
D/dalvikvm(  435): +++ not scanning '/system/lib/libFFTEm.so' for 'nativeInit' (wrong CL)
D/dalvikvm(  435): +++ not scanning '/system/lib/libmedia_jni.so' for 'nativeInit' (wrong CL)
I/global  (  435): Default buffer size used in BufferedReader constructor. It would be better to be explicit if an 8k-char buffer is required.
D/dalvikvm(  435): +++ not scanning '/system/lib/libwebcore.so' for 'updateStatTable' (wrong CL)
D/dalvikvm(  435): +++ not scanning '/system/lib/libexif.so' for 'updateStatTable' (wrong CL)
D/dalvikvm(  435): +++ not scanning '/system/lib/libFFTEm.so' for 'updateStatTable' (wrong CL)
D/dalvikvm(  435): +++ not scanning '/system/lib/libmedia_jni.so' for 'updateStatTable' (wrong CL)
I/RhodesService(  435): Application hash was changed
W/ActivityManager(   53): No content provider found for: 
D/RhoFileApi(  435): App root path: /data/data/com.rhomobile.uscampus/rhodata/
D/RhoFileApi(  435): Sqlite journals path: /data/data/com.rhomobile.uscampus/sqlite_stmt_journals/
I/global  (  435): Default buffer size used in BufferedReader constructor. It would be better to be explicit if an 8k-char buffer is required.
D/RhoFileApi(  435): Copy hash to FS
D/RhoFileApi(  435): File hash copied
D/dalvikvm(  435): +++ not scanning '/system/lib/libwebcore.so' for 'createRhodesApp' (wrong CL)
D/dalvikvm(  435): +++ not scanning '/system/lib/libexif.so' for 'createRhodesApp' (wrong CL)
D/dalvikvm(  435): +++ not scanning '/system/lib/libFFTEm.so' for 'createRhodesApp' (wrong CL)
D/dalvikvm(  435): +++ not scanning '/system/lib/libmedia_jni.so' for 'createRhodesApp' (wrong CL)
I/APP     (  435): I 10/22/2011 06:45:10:357 000001ba         AppCallbacks| Starting main routine...
I/APP     (  435): I 10/22/2011 06:45:10:362 000001ba         AppCallbacks| ThreadQueue blocked for 4294967295 seconds...
I/APP     (  435): I 10/22/2011 06:45:10:362 000001b3            RhodesApp| Trying to get free listening port.
I/APP     (  435): I 10/22/2011 06:45:10:365 000001b3            RhodesApp| Trying to bind of 0 port...
I/APP     (  435): I 10/22/2011 06:45:10:367 000001b3            RhodesApp| Got port to bind on: 44985
I/APP     (  435): I 10/22/2011 06:45:10:368 000001b3            RhodesApp| Free listening port: 44985
D/dalvikvm(  435): +++ not scanning '/system/lib/libwebcore.so' for 'nativeStart' (wrong CL)
D/dalvikvm(  435): +++ not scanning '/system/lib/libexif.so' for 'nativeStart' (wrong CL)
D/dalvikvm(  435): +++ not scanning '/system/lib/libFFTEm.so' for 'nativeStart' (wrong CL)
D/dalvikvm(  435): +++ not scanning '/system/lib/libmedia_jni.so' for 'nativeStart' (wrong CL)
D/dalvikvm(  435): +++ not scanning '/system/lib/libwebcore.so' for 'isExist' (wrong CL)
D/dalvikvm(  435): +++ not scanning '/system/lib/libexif.so' for 'isExist' (wrong CL)
D/dalvikvm(  435): +++ not scanning '/system/lib/libFFTEm.so' for 'isExist' (wrong CL)
D/dalvikvm(  435): +++ not scanning '/system/lib/libmedia_jni.so' for 'isExist' (wrong CL)
I/APP     (  435): I 10/22/2011 06:45:10:463 000001b3               Rhodes| Loading...
D/dalvikvm(  435): GC freed 5258 objects / 383624 bytes in 100ms
D/dalvikvm(  435): +++ not scanning '/system/lib/libwebcore.so' for 'getInt' (wrong CL)
D/dalvikvm(  435): +++ not scanning '/system/lib/libexif.so' for 'getInt' (wrong CL)
D/dalvikvm(  435): +++ not scanning '/system/lib/libFFTEm.so' for 'getInt' (wrong CL)
D/dalvikvm(  435): +++ not scanning '/system/lib/libmedia_jni.so' for 'getInt' (wrong CL)
D/dalvikvm(  435): +++ not scanning '/system/lib/libwebcore.so' for 'startRhodesApp' (wrong CL)
D/dalvikvm(  435): +++ not scanning '/system/lib/libexif.so' for 'startRhodesApp' (wrong CL)
D/dalvikvm(  435): +++ not scanning '/system/lib/libFFTEm.so' for 'startRhodesApp' (wrong CL)
D/dalvikvm(  435): +++ not scanning '/system/lib/libmedia_jni.so' for 'startRhodesApp' (wrong CL)
I/APP     (  435): I 10/22/2011 06:45:11:111 000001bf            RhodesApp| Starting RhodesApp main routine...
D/dalvikvm(  435): +++ not scanning '/system/lib/libwebcore.so' for 'callActivationCallback' (wrong CL)
D/dalvikvm(  435): +++ not scanning '/system/lib/libexif.so' for 'callActivationCallback' (wrong CL)
D/dalvikvm(  435): +++ not scanning '/system/lib/libFFTEm.so' for 'callActivationCallback' (wrong CL)
D/dalvikvm(  435): +++ not scanning '/system/lib/libmedia_jni.so' for 'callActivationCallback' (wrong CL)
I/APP     (  435): I 10/22/2011 06:45:11:124 000001b3            RhodesApp| callAppActiveCallback
I/APP     (  435): I 10/22/2011 06:45:11:126 000001b3         AppCallbacks| addCommand: APP-ACTIVATED
I/APP     (  435): I 10/22/2011 06:45:11:128 000001ba         AppCallbacks| Received command APP-ACTIVATED which is greater than expected (LOCAL-SERVER-STARTED) - postpone it
I/APP     (  435): I 10/22/2011 06:45:11:129 000001ba         AppCallbacks| ThreadQueue blocked for 4294967295 seconds...
I/APP     (  435): I 10/22/2011 06:45:11:132 000001b3         AppActivated| Cannot commit now, application will be activated when started.
I/APP     (  435): I 10/22/2011 06:45:11:134 000001b3            Undefined| Handlers have completed.
I/APP     (  435): I 10/22/2011 06:45:11:136 000001b3    RhodesApplication| New AppState: Undefined
D/dalvikvm(  435): +++ not scanning '/system/lib/libwebcore.so' for 'D' (wrong CL)
D/dalvikvm(  435): +++ not scanning '/system/lib/libexif.so' for 'D' (wrong CL)
D/dalvikvm(  435): +++ not scanning '/system/lib/libFFTEm.so' for 'D' (wrong CL)
D/dalvikvm(  435): +++ not scanning '/system/lib/libmedia_jni.so' for 'D' (wrong CL)
I/APP     (  435): I 10/22/2011 06:45:11:154 000001b3        RhodesService| handleCommand: startId=1, source=com.rhomobile.rhodes.BaseActivity
I/APP     (  435): I 10/22/2011 06:45:11:155 000001b3        RhodesService| New activity was created
D/dalvikvm(  435): +++ not scanning '/system/lib/libwebcore.so' for 'callUiCreatedCallback' (wrong CL)
D/dalvikvm(  435): +++ not scanning '/system/lib/libexif.so' for 'callUiCreatedCallback' (wrong CL)
D/dalvikvm(  435): +++ not scanning '/system/lib/libFFTEm.so' for 'callUiCreatedCallback' (wrong CL)
D/dalvikvm(  435): +++ not scanning '/system/lib/libmedia_jni.so' for 'callUiCreatedCallback' (wrong CL)
I/APP     (  435): I 10/22/2011 06:45:11:169 000001b3         AppCallbacks| addCommand: UI-CREATED
I/APP     (  435): I 10/22/2011 06:45:11:170 000001ba         AppCallbacks| Received command UI-CREATED which is greater than expected (LOCAL-SERVER-STARTED) - postpone it
I/APP     (  435): I 10/22/2011 06:45:11:172 000001ba         AppCallbacks| ThreadQueue blocked for 4294967295 seconds...
I/APP     (  435): I 10/22/2011 06:45:11:372 000001b3       RhodesActivity| onServiceConnected: {com.rhomobile.uscampus/com.rhomobile.rhodes.RhodesService}
D/dalvikvm(  435): +++ not scanning '/system/lib/libwebcore.so' for 'canStartApp' (wrong CL)
D/dalvikvm(  435): +++ not scanning '/system/lib/libexif.so' for 'canStartApp' (wrong CL)
D/dalvikvm(  435): +++ not scanning '/system/lib/libFFTEm.so' for 'canStartApp' (wrong CL)
D/dalvikvm(  435): +++ not scanning '/system/lib/libmedia_jni.so' for 'canStartApp' (wrong CL)
I/APP     (  435): I 10/22/2011 06:45:11:376 000001b3            RhodesApp| New start params: 
D/dalvikvm(  435): +++ not scanning '/system/lib/libwebcore.so' for 'getBool' (wrong CL)
D/dalvikvm(  435): +++ not scanning '/system/lib/libexif.so' for 'getBool' (wrong CL)
D/dalvikvm(  435): +++ not scanning '/system/lib/libFFTEm.so' for 'getBool' (wrong CL)
D/dalvikvm(  435): +++ not scanning '/system/lib/libmedia_jni.so' for 'getBool' (wrong CL)
I/ActivityManager(   53): Displayed activity com.rhomobile.uscampus/com.rhomobile.rhodes.RhodesActivity: 2823 ms (total 2823 ms)
I/APP     (  435): I 10/22/2011 06:45:11:851 000001bf              RhoRuby| Init_RhoBlobs: /data/data/com.rhomobile.uscampus/rhodata/db/db-files
I/APP     (  435): I 10/22/2011 06:45:11:995 000001bf              RhoRuby| require_compiled: rhoframework
I/APP     (  435): I 10/22/2011 06:45:12:068 000001bf              RhoRuby| require_compiled: rational
I/APP     (  435): I 10/22/2011 06:45:12:080 000001bf              RhoRuby| require_compiled: rhom/rhom_db_adapter
I/APP     (  435): I 10/22/2011 06:45:12:144 000001bf              RhoRuby| require_compiled: rhodes
I/APP     (  435): I 10/22/2011 06:45:12:163 000001bf              RhoRuby| require_compiled: rhom/rhom_object
I/APP     (  435): I 10/22/2011 06:45:12:174 000001bf              RhoRuby| require_compiled: rhofsconnector
I/APP     (  435): I 10/22/2011 06:45:12:182 000001bf              RhoRuby| require_compiled: rho/rhofsconnector
I/APP     (  435): I 10/22/2011 06:45:12:203 000001bf              RhoRuby| require_compiled: rhom/rhom_object_factory
I/APP     (  435): I 10/22/2011 06:45:12:501 000001bf              RhoRuby| require_compiled: rhom/rhom
I/APP     (  435): I 10/22/2011 06:45:12:536 000001bf              RhoRuby| require_compiled: rhom/rhom_model
I/APP     (  435): I 10/22/2011 06:45:12:575 000001bf              RhoRuby| require_compiled: rhom
I/APP     (  435): I 10/22/2011 06:45:12:581 000001bf              RhoRuby| require_compiled: rho/rhoapplication
I/APP     (  435): I 10/22/2011 06:45:12:620 000001bf              RhoRuby| require_compiled: rholang/localization_simplified
I/APP     (  435): I 10/22/2011 06:45:12:662 000001bf                  APP| Current locale: en; Country code: us
I/APP     (  435): I 10/22/2011 06:45:12:666 000001bf                  APP| file: /data/data/com.rhomobile.uscampus/rhodata/lib/rholang/lang_
I/APP     (  435): I 10/22/2011 06:45:12:669 000001bf              RhoRuby| require_compiled: /data/data/com.rhomobile.uscampus/rhodata/lib/rholang/lang_en
I/APP     (  435): I 10/22/2011 06:45:12:686 000001bf              RhoRuby| require_compiled: rho/rhomsg
I/APP     (  435): I 10/22/2011 06:45:12:697 000001bf                  APP| Current locale: en; Country code: us
I/APP     (  435): I 10/22/2011 06:45:12:699 000001bf                  APP| file: /data/data/com.rhomobile.uscampus/rhodata/lib/rholang/rhomsg_
I/APP     (  435): I 10/22/2011 06:45:12:701 000001bf              RhoRuby| require_compiled: /data/data/com.rhomobile.uscampus/rhodata/lib/rholang/rhomsg_en
I/APP     (  435): I 10/22/2011 06:45:12:713 000001bf              RhoRuby| require_compiled: rho/rhotabbar
I/APP     (  435): I 10/22/2011 06:45:12:728 000001bf              RhoRuby| require_compiled: rho/rhotoolbar
I/APP     (  435): I 10/22/2011 06:45:12:738 000001bf              RhoRuby| require_compiled: indifferent_access
I/APP     (  435): I 10/22/2011 06:45:12:797 000001bf              RhoRuby| require_compiled: rho/rhosupport
I/APP     (  435): I 10/22/2011 06:45:12:848 000001bf              RhoRuby| require_compiled: rho/rhocontroller
I/APP     (  435): I 10/22/2011 06:45:12:878 000001bf              RhoRuby| require_compiled: rho/render
I/APP     (  435): I 10/22/2011 06:45:12:946 000001bf              RhoRuby| require_compiled: rho/rho
I/APP     (  435): I 10/22/2011 06:45:13:193 000001bf              RhoRuby| require_compiled: rho/rhoerror
I/APP     (  435): I 10/22/2011 06:45:13:207 000001bf                  APP| Current locale: en; Country code: us
I/APP     (  435): I 10/22/2011 06:45:13:209 000001bf                  APP| file: /data/data/com.rhomobile.uscampus/rhodata/lib/rholang/rhoerror_
I/APP     (  435): I 10/22/2011 06:45:13:211 000001bf              RhoRuby| require_compiled: /data/data/com.rhomobile.uscampus/rhodata/lib/rholang/rhoerror_en
I/APP     (  435): I 10/22/2011 06:45:13:224 000001bf              RhoRuby| require_compiled: rhom/rhom_source
I/APP     (  435): I 10/22/2011 06:45:13:262 000001bf              RhoRuby| require_compiled: rho/rhoviewhelpers
I/APP     (  435): I 10/22/2011 06:45:13:312 000001bf              RhoRuby| require_compiled: rho
I/APP     (  435): I 10/22/2011 06:45:13:319 000001bf                  APP| RHO loaded
I/APP     (  435): I 10/22/2011 06:45:13:321 000001bf                  APP| Calling RHO.initialize
I/APP     (  435): I 10/22/2011 06:45:13:336 000001bf                   DB| Open DB: /data/data/com.rhomobile.uscampus/rhodata/db/syncdbuser.sqlite
I/APP     (  435): I 10/22/2011 06:45:13:392 000001bf            RhodesApp| Starting sync engine...
I/APP     (  435): I 10/22/2011 06:45:13:394 000001bf                 Sync| sync_poll_interval: 0
I/APP     (  435): I 10/22/2011 06:45:13:394 000001bf                 Sync| syncserver: 
I/APP     (  435): I 10/22/2011 06:45:13:396 000001bf                 Sync| bulksync_state: 0
I/APP     (  435): I 10/22/2011 06:45:13:398 000001bf            RhodesApp| RhoRubyInitApp...
I/APP     (  435): I 10/22/2011 06:45:13:399 000001bf                  APP| init_app
I/APP     (  435): I 10/22/2011 06:45:13:402 000001bf              RhoRuby| require_compiled: application
I/APP     (  435): I 10/22/2011 06:45:13:410 000001bf                  APP| Current locale: en; Country code: us
I/APP     (  435): I 10/22/2011 06:45:13:416 000001bf                  APP| on_reinstall_config_update: {"LogToOutput"=>["0", "1"]}
I/APP     (  435): I 10/22/2011 06:45:13:422 000001bf           HttpServer| Start HTTP server
I/APP     (  435): I 10/22/2011 06:45:13:424 000001bf           HttpServer| Listen for connections on port 44985
I/APP     (  435): I 10/22/2011 06:45:13:425 000001bf         AppCallbacks| addCommand: LOCAL-SERVER-STARTED
I/APP     (  435): I 10/22/2011 06:45:13:426 000001ba         AppCallbacks| process command: LOCAL-SERVER-STARTED
I/APP     (  435): I 10/22/2011 06:45:13:427 000001ba           AppStarted| Handlers have completed.
I/APP     (  435): I 10/22/2011 06:45:13:428 000001ba         AppActivated| Handlers have completed.
I/APP     (  435): I 10/22/2011 06:45:13:428 000001ba    RhodesApplication| New AppState: AppActivated
I/APP     (  435): I 10/22/2011 06:45:13:429 000001ba         AppCallbacks| process command: UI-CREATED
I/APP     (  435): I 10/22/2011 06:45:13:466 000001bf           HttpServer| Process URI: '/system/uicreated'
I/APP     (  435): I 10/22/2011 06:45:13:468 000001bf                  APP| on_ui_created.navigate to start url: '/app'
D/dalvikvm(  435): +++ not scanning '/system/lib/libwebcore.so' for 'howLongWaitMs' (wrong CL)
D/dalvikvm(  435): +++ not scanning '/system/lib/libexif.so' for 'howLongWaitMs' (wrong CL)
D/dalvikvm(  435): +++ not scanning '/system/lib/libFFTEm.so' for 'howLongWaitMs' (wrong CL)
D/dalvikvm(  435): +++ not scanning '/system/lib/libmedia_jni.so' for 'howLongWaitMs' (wrong CL)
V/SplashScreen(  435): ms[1319265913472] $$$$$$$$$$$$$$$$$$$$$$$     DELAY for SplashScreen = 0
I/APP     (  435): I 10/22/2011 06:45:13:545 000001ba         AppCallbacks| process command: APP-ACTIVATED
V/SimpleMainView(  435): ms[1319265913567] processForNativeView : [http://localhost:44985/app]
D/dalvikvm(  435): +++ not scanning '/system/lib/libwebcore.so' for 'getFactoryHandleByViewType' (wrong CL)
D/dalvikvm(  435): +++ not scanning '/system/lib/libexif.so' for 'getFactoryHandleByViewType' (wrong CL)
D/dalvikvm(  435): +++ not scanning '/system/lib/libFFTEm.so' for 'getFactoryHandleByViewType' (wrong CL)
D/dalvikvm(  435): +++ not scanning '/system/lib/libmedia_jni.so' for 'getFactoryHandleByViewType' (wrong CL)
I/APP     (  435): I 10/22/2011 06:45:13:574 000001b3       SimpleMainView| Cleared URL: http://localhost:44985/app
V/SimpleMainView.View(  435): ms[1319265913631]  Main Window :: onSizeChanged() old [ 480 x 762 ]  new [ 0 x 0 ]
I/APP     (  435): I 10/22/2011 06:45:13:685 000001bf           HttpServer| Process URI: '/system/activateapp'
I/APP     (  435): I 10/22/2011 06:45:13:697 000001ba         AppCallbacks| ThreadQueue blocked for 4294967295 seconds...
I/APP     (  435): I 10/22/2011 06:45:13:869 000001bf           HttpServer| Process URI: '/app'
I/APP     (  435): I 10/22/2011 06:45:13:997 000001b3     RhoWebViewClient| Loading URL: http://localhost:44985/app/index_erb.iseq
I/APP     (  435): I 10/22/2011 06:45:14:037 000001bf           HttpServer| Process URI: '/app/index_erb.iseq'
I/APP     (  435): I 10/22/2011 06:45:14:049 000001bf                  APP| RHO serve_index: /app/index_erb.iseq
I/APP     (  435): I 10/22/2011 06:45:14:061 000001bf RHO Rho::RhoController| inst_render_index
I/APP     (  435): I 10/22/2011 06:45:14:090 000001bf RHO Rho::RhoController| index layout
I/APP     (  435): I 10/22/2011 06:45:14:663 000001bf           HttpServer| Process URI: '/public/jquery/jquery-1.6.2.min.js'
D/dalvikvm(  435): GC freed 2619 objects / 576720 bytes in 134ms
D/webviewglue(  435): nativeDestroy view: 0x3273d8
I/APP     (  435): I 10/22/2011 06:45:15:034 000001bf           HttpServer| Process URI: '/public/jqmobile/jquery.mobile-1.0b2.min.css'
I/APP     (  435): I 10/22/2011 06:45:15:201 000001bf           HttpServer| Process URI: '/public/css/jqmobile-patch.css'
I/APP     (  435): I 10/22/2011 06:45:15:337 000001bf           HttpServer| Process URI: '/public/jqmobile/jquery.mobile-1.0b2.min.js'
I/APP     (  435): I 10/22/2011 06:45:15:483 000001bf           HttpServer| Process URI: '/public/js/jqmobile-patch.js'
I/APP     (  435): I 10/22/2011 06:45:15:550 000001bf           HttpServer| Process URI: '/public/css/android.css'
D/dalvikvm(  316): GC freed 122 objects / 4936 bytes in 191ms
D/dalvikvm(   93): GC freed 3293 objects / 188416 bytes in 236ms
I/APP     (  435): I 10/22/2011 06:45:24:064 000001bf           HttpServer| Process URI: '/public/jqmobile/images/icons-18-white.png'
I/APP     (  435): I 10/22/2011 06:45:30:139 000001bf           HttpServer| Process URI: '/app/Games'
I/APP     (  435): I 10/22/2011 06:45:30:403 000001bf           HttpServer| Process URI: '/app/Games/index_erb.iseq'
I/APP     (  435): E 10/22/2011 06:45:30:405 000001bf           HttpServer| The file /data/data/com.rhomobile.uscampus/rhodata/apps/app/Games/index_erb.iseq was not found
I/APP     (  435): I 10/22/2011 06:45:34:128 000001bf           HttpServer| Process URI: '/app/Games/index_erb.iseq'
I/APP     (  435): E 10/22/2011 06:45:34:130 000001bf           HttpServer| The file /data/data/com.rhomobile.uscampus/rhodata/apps/app/Games/index_erb.iseq was not found
D/dalvikvm(  435): GC freed 6018 objects / 1067360 bytes in 122ms
I/dalvikvm(  356): Debugger has detached; object registry had 2 entries
D/dalvikvm(  356): VM cleaning up
D/dalvikvm(  356): LinearAlloc 0x0 used 665236 of 4194304 (15%)
D/dalvikvm(   53): GC freed 29610 objects / 1338216 bytes in 461ms
W/ResourceType(   53): No package identifier when getting value for resource number 0x7f060000
W/ResourceType(   53): No package identifier when getting value for resource number 0x7f060001
W/ResourceType(   53): No package identifier when getting value for resource number 0x7f060000
D/dalvikvm(   93): GC freed 432 objects / 18168 bytes in 492ms
D/HomeLoaders(   93): application intent received: android.intent.action.PACKAGE_REMOVED, replacing=true
W/ResourceType(   53): No package identifier when getting value for resource number 0x7f060001
D/HomeLoaders(   93):   --> package:com.rhomobile.uscampus
D/HomeLoaders(   93): application intent received: android.intent.action.PACKAGE_ADDED, replacing=true
D/HomeLoaders(   93):   --> package:com.rhomobile.uscampus
D/HomeLoaders(   93):   --> update package com.rhomobile.uscampus
D/AndroidRuntime(  370): 
D/AndroidRuntime(  370): >>>>>>>>>>>>>> AndroidRuntime START <<<<<<<<<<<<<<
D/AndroidRuntime(  370): CheckJNI is ON
D/AndroidRuntime(  370): --- registering native functions ---
I/jdwp    (  370): received file descriptor 21 from ADB
D/ddm-heap(  370): Got feature list request
I/ActivityManager(   53): Starting activity: Intent { act=android.intent.action.MAIN flg=0x10000000 cmp=com.rhomobile.uscampus/com.rhomobile.rhodes.RhodesActivity }
D/AndroidRuntime(  370): Shutting down VM
D/dalvikvm(  370): DestroyJavaVM waiting for non-daemon threads to exit
D/dalvikvm(  370): DestroyJavaVM shutting VM down
D/dalvikvm(  370): HeapWorker thread shutting down
D/dalvikvm(  370): HeapWorker thread has shut down
D/jdwp    (  370): JDWP shutting down net...
D/jdwp    (  370): Got wake-up signal, bailing out of select
I/dalvikvm(  370): Debugger has detached; object registry had 1 entries
D/dalvikvm(  370): VM cleaning up
D/dalvikvm(  370): LinearAlloc 0x0 used 676828 of 4194304 (16%)
I/ActivityManager(   53): Start proc com.rhomobile.uscampus for activity com.rhomobile.uscampus/com.rhomobile.rhodes.RhodesActivity: pid=377 uid=10027 gids={3003}
I/jdwp    (  377): received file descriptor 20 from ADB
D/ddm-heap(  377): Got feature list request
D/dalvikvm(  377): Trying to load lib /data/data/com.rhomobile.uscampus/lib/librhodes.so 0x43947338
D/dalvikvm(  377): Added shared lib /data/data/com.rhomobile.uscampus/lib/librhodes.so 0x43947338
I/ActivityThread(  377): Publishing provider com.rhomobile.uscampus: com.rhomobile.rhodes.LocalFileProvider
W/ServiceManager(   31): Permission failure: android.permission.CAMERA from uid=10027 pid=377
E/CameraService(   31): Permission Denial: can't use the camera pid=377, uid=10027
D/dalvikvm(  377): +++ not scanning '/system/lib/libwebcore.so' for 'E' (wrong CL)
D/dalvikvm(  377): +++ not scanning '/system/lib/libexif.so' for 'E' (wrong CL)
D/dalvikvm(  377): +++ not scanning '/system/lib/libFFTEm.so' for 'E' (wrong CL)
D/dalvikvm(  377): +++ not scanning '/system/lib/libmedia_jni.so' for 'E' (wrong CL)
D/dalvikvm(  377): +++ not scanning '/system/lib/libwebcore.so' for 'isTitleEnabled' (wrong CL)
D/dalvikvm(  377): +++ not scanning '/system/lib/libexif.so' for 'isTitleEnabled' (wrong CL)
D/dalvikvm(  377): +++ not scanning '/system/lib/libFFTEm.so' for 'isTitleEnabled' (wrong CL)
D/dalvikvm(  377): +++ not scanning '/system/lib/libmedia_jni.so' for 'isTitleEnabled' (wrong CL)
D/Camera-JNI(  377): release camera
D/dalvikvm(  377): GC freed 1572 objects / 133408 bytes in 135ms
I/RhodesActivity(  377): >>>>>>>>>>>>>>> onCreate()
D/dalvikvm(  377): +++ not scanning '/system/lib/libwebcore.so' for 'T' (wrong CL)
D/dalvikvm(  377): +++ not scanning '/system/lib/libexif.so' for 'T' (wrong CL)
D/dalvikvm(  377): +++ not scanning '/system/lib/libFFTEm.so' for 'T' (wrong CL)
D/dalvikvm(  377): +++ not scanning '/system/lib/libmedia_jni.so' for 'T' (wrong CL)
D/dalvikvm(  377): +++ not scanning '/system/lib/libwebcore.so' for 'I' (wrong CL)
D/dalvikvm(  377): +++ not scanning '/system/lib/libexif.so' for 'I' (wrong CL)
D/dalvikvm(  377): +++ not scanning '/system/lib/libFFTEm.so' for 'I' (wrong CL)
D/dalvikvm(  377): +++ not scanning '/system/lib/libmedia_jni.so' for 'I' (wrong CL)
D/RhodesActivity(  377): RhodesActivity.onStart()
D/RhodesActivity(  377): RhodesActivity.onResume()
D/dalvikvm(  377): +++ not scanning '/system/lib/libwebcore.so' for 'initClassLoader' (wrong CL)
D/dalvikvm(  377): +++ not scanning '/system/lib/libexif.so' for 'initClassLoader' (wrong CL)
D/dalvikvm(  377): +++ not scanning '/system/lib/libFFTEm.so' for 'initClassLoader' (wrong CL)
D/dalvikvm(  377): +++ not scanning '/system/lib/libmedia_jni.so' for 'initClassLoader' (wrong CL)
D/RhodesService(  377): Root path: null
D/RhoFileApi(  377): App root path: /data/data/com.rhomobile.uscampus/rhodata/
D/RhoFileApi(  377): Sqlite journals path: /data/data/com.rhomobile.uscampus/sqlite_stmt_journals/
D/dalvikvm(  377): +++ not scanning '/system/lib/libwebcore.so' for 'nativeInitPath' (wrong CL)
D/dalvikvm(  377): +++ not scanning '/system/lib/libexif.so' for 'nativeInitPath' (wrong CL)
D/dalvikvm(  377): +++ not scanning '/system/lib/libFFTEm.so' for 'nativeInitPath' (wrong CL)
D/dalvikvm(  377): +++ not scanning '/system/lib/libmedia_jni.so' for 'nativeInitPath' (wrong CL)
D/dalvikvm(  377): +++ not scanning '/system/lib/libwebcore.so' for 'nativeInit' (wrong CL)
D/dalvikvm(  377): +++ not scanning '/system/lib/libexif.so' for 'nativeInit' (wrong CL)
D/dalvikvm(  377): +++ not scanning '/system/lib/libFFTEm.so' for 'nativeInit' (wrong CL)
D/dalvikvm(  377): +++ not scanning '/system/lib/libmedia_jni.so' for 'nativeInit' (wrong CL)
I/global  (  377): Default buffer size used in BufferedReader constructor. It would be better to be explicit if an 8k-char buffer is required.
D/dalvikvm(  377): +++ not scanning '/system/lib/libwebcore.so' for 'updateStatTable' (wrong CL)
D/dalvikvm(  377): +++ not scanning '/system/lib/libexif.so' for 'updateStatTable' (wrong CL)
D/dalvikvm(  377): +++ not scanning '/system/lib/libFFTEm.so' for 'updateStatTable' (wrong CL)
D/dalvikvm(  377): +++ not scanning '/system/lib/libmedia_jni.so' for 'updateStatTable' (wrong CL)
I/RhodesService(  377): Application hash was changed
W/ActivityManager(   53): No content provider found for: 
D/RhoFileApi(  377): App root path: /data/data/com.rhomobile.uscampus/rhodata/
D/RhoFileApi(  377): Sqlite journals path: /data/data/com.rhomobile.uscampus/sqlite_stmt_journals/
I/global  (  377): Default buffer size used in BufferedReader constructor. It would be better to be explicit if an 8k-char buffer is required.
D/RhoFileApi(  377): Copy hash to FS
D/RhoFileApi(  377): File hash copied
D/dalvikvm(  377): +++ not scanning '/system/lib/libwebcore.so' for 'createRhodesApp' (wrong CL)
D/dalvikvm(  377): +++ not scanning '/system/lib/libexif.so' for 'createRhodesApp' (wrong CL)
D/dalvikvm(  377): +++ not scanning '/system/lib/libFFTEm.so' for 'createRhodesApp' (wrong CL)
D/dalvikvm(  377): +++ not scanning '/system/lib/libmedia_jni.so' for 'createRhodesApp' (wrong CL)
I/APP     (  377): I 10/22/2011 06:41:19:925 00000181         AppCallbacks| Starting main routine...
I/APP     (  377): I 10/22/2011 06:41:19:929 00000181         AppCallbacks| ThreadQueue blocked for 4294967295 seconds...
I/APP     (  377): I 10/22/2011 06:41:19:931 00000179            RhodesApp| Trying to get free listening port.
I/APP     (  377): I 10/22/2011 06:41:19:933 00000179            RhodesApp| Trying to bind of 0 port...
I/APP     (  377): I 10/22/2011 06:41:19:934 00000179            RhodesApp| Got port to bind on: 55839
I/APP     (  377): I 10/22/2011 06:41:19:935 00000179            RhodesApp| Free listening port: 55839
D/dalvikvm(  377): +++ not scanning '/system/lib/libwebcore.so' for 'nativeStart' (wrong CL)
D/dalvikvm(  377): +++ not scanning '/system/lib/libexif.so' for 'nativeStart' (wrong CL)
D/dalvikvm(  377): +++ not scanning '/system/lib/libFFTEm.so' for 'nativeStart' (wrong CL)
D/dalvikvm(  377): +++ not scanning '/system/lib/libmedia_jni.so' for 'nativeStart' (wrong CL)
D/dalvikvm(  377): +++ not scanning '/system/lib/libwebcore.so' for 'isExist' (wrong CL)
D/dalvikvm(  377): +++ not scanning '/system/lib/libexif.so' for 'isExist' (wrong CL)
D/dalvikvm(  377): +++ not scanning '/system/lib/libFFTEm.so' for 'isExist' (wrong CL)
D/dalvikvm(  377): +++ not scanning '/system/lib/libmedia_jni.so' for 'isExist' (wrong CL)
I/APP     (  377): I 10/22/2011 06:41:20:022 00000179               Rhodes| Loading...
D/dalvikvm(  377): GC freed 5252 objects / 383352 bytes in 160ms
D/dalvikvm(  377): +++ not scanning '/system/lib/libwebcore.so' for 'getInt' (wrong CL)
D/dalvikvm(  377): +++ not scanning '/system/lib/libexif.so' for 'getInt' (wrong CL)
D/dalvikvm(  377): +++ not scanning '/system/lib/libFFTEm.so' for 'getInt' (wrong CL)
D/dalvikvm(  377): +++ not scanning '/system/lib/libmedia_jni.so' for 'getInt' (wrong CL)
D/dalvikvm(  377): +++ not scanning '/system/lib/libwebcore.so' for 'startRhodesApp' (wrong CL)
D/dalvikvm(  377): +++ not scanning '/system/lib/libexif.so' for 'startRhodesApp' (wrong CL)
D/dalvikvm(  377): +++ not scanning '/system/lib/libFFTEm.so' for 'startRhodesApp' (wrong CL)
D/dalvikvm(  377): +++ not scanning '/system/lib/libmedia_jni.so' for 'startRhodesApp' (wrong CL)
I/APP     (  377): I 10/22/2011 06:41:20:712 00000186            RhodesApp| Starting RhodesApp main routine...
D/dalvikvm(  377): +++ not scanning '/system/lib/libwebcore.so' for 'callActivationCallback' (wrong CL)
D/dalvikvm(  377): +++ not scanning '/system/lib/libexif.so' for 'callActivationCallback' (wrong CL)
D/dalvikvm(  377): +++ not scanning '/system/lib/libFFTEm.so' for 'callActivationCallback' (wrong CL)
D/dalvikvm(  377): +++ not scanning '/system/lib/libmedia_jni.so' for 'callActivationCallback' (wrong CL)
I/APP     (  377): I 10/22/2011 06:41:20:741 00000179            RhodesApp| callAppActiveCallback
I/APP     (  377): I 10/22/2011 06:41:20:742 00000179         AppCallbacks| addCommand: APP-ACTIVATED
I/APP     (  377): I 10/22/2011 06:41:20:744 00000181         AppCallbacks| Received command APP-ACTIVATED which is greater than expected (LOCAL-SERVER-STARTED) - postpone it
I/APP     (  377): I 10/22/2011 06:41:20:745 00000181         AppCallbacks| ThreadQueue blocked for 4294967295 seconds...
I/APP     (  377): I 10/22/2011 06:41:20:755 00000179         AppActivated| Cannot commit now, application will be activated when started.
I/APP     (  377): I 10/22/2011 06:41:20:758 00000179            Undefined| Handlers have completed.
I/APP     (  377): I 10/22/2011 06:41:20:770 00000179    RhodesApplication| New AppState: Undefined
D/dalvikvm(  377): +++ not scanning '/system/lib/libwebcore.so' for 'D' (wrong CL)
D/dalvikvm(  377): +++ not scanning '/system/lib/libexif.so' for 'D' (wrong CL)
D/dalvikvm(  377): +++ not scanning '/system/lib/libFFTEm.so' for 'D' (wrong CL)
D/dalvikvm(  377): +++ not scanning '/system/lib/libmedia_jni.so' for 'D' (wrong CL)
I/APP     (  377): I 10/22/2011 06:41:20:775 00000179        RhodesService| handleCommand: startId=1, source=com.rhomobile.rhodes.BaseActivity
I/APP     (  377): I 10/22/2011 06:41:20:776 00000179        RhodesService| New activity was created
D/dalvikvm(  377): +++ not scanning '/system/lib/libwebcore.so' for 'callUiCreatedCallback' (wrong CL)
D/dalvikvm(  377): +++ not scanning '/system/lib/libexif.so' for 'callUiCreatedCallback' (wrong CL)
D/dalvikvm(  377): +++ not scanning '/system/lib/libFFTEm.so' for 'callUiCreatedCallback' (wrong CL)
D/dalvikvm(  377): +++ not scanning '/system/lib/libmedia_jni.so' for 'callUiCreatedCallback' (wrong CL)
I/APP     (  377): I 10/22/2011 06:41:20:791 00000179         AppCallbacks| addCommand: UI-CREATED
I/APP     (  377): I 10/22/2011 06:41:20:792 00000181         AppCallbacks| Received command UI-CREATED which is greater than expected (LOCAL-SERVER-STARTED) - postpone it
I/APP     (  377): I 10/22/2011 06:41:20:794 00000181         AppCallbacks| ThreadQueue blocked for 4294967295 seconds...
I/APP     (  377): I 10/22/2011 06:41:20:960 00000179       RhodesActivity| onServiceConnected: {com.rhomobile.uscampus/com.rhomobile.rhodes.RhodesService}
D/dalvikvm(  377): +++ not scanning '/system/lib/libwebcore.so' for 'canStartApp' (wrong CL)
D/dalvikvm(  377): +++ not scanning '/system/lib/libexif.so' for 'canStartApp' (wrong CL)
D/dalvikvm(  377): +++ not scanning '/system/lib/libFFTEm.so' for 'canStartApp' (wrong CL)
D/dalvikvm(  377): +++ not scanning '/system/lib/libmedia_jni.so' for 'canStartApp' (wrong CL)
I/APP     (  377): I 10/22/2011 06:41:20:967 00000179            RhodesApp| New start params: 
D/dalvikvm(  377): +++ not scanning '/system/lib/libwebcore.so' for 'getBool' (wrong CL)
D/dalvikvm(  377): +++ not scanning '/system/lib/libexif.so' for 'getBool' (wrong CL)
D/dalvikvm(  377): +++ not scanning '/system/lib/libFFTEm.so' for 'getBool' (wrong CL)
D/dalvikvm(  377): +++ not scanning '/system/lib/libmedia_jni.so' for 'getBool' (wrong CL)
I/ActivityManager(   53): Displayed activity com.rhomobile.uscampus/com.rhomobile.rhodes.RhodesActivity: 2919 ms (total 2919 ms)
I/APP     (  377): I 10/22/2011 06:41:21:613 00000186              RhoRuby| Init_RhoBlobs: /data/data/com.rhomobile.uscampus/rhodata/db/db-files
I/APP     (  377): I 10/22/2011 06:41:21:653 00000186              RhoRuby| require_compiled: rhoframework
I/APP     (  377): I 10/22/2011 06:41:21:700 00000186              RhoRuby| require_compiled: rational
I/APP     (  377): I 10/22/2011 06:41:21:709 00000186              RhoRuby| require_compiled: rhom/rhom_db_adapter
I/APP     (  377): I 10/22/2011 06:41:21:768 00000186              RhoRuby| require_compiled: rhodes
I/APP     (  377): I 10/22/2011 06:41:21:783 00000186              RhoRuby| require_compiled: rhom/rhom_object
I/APP     (  377): I 10/22/2011 06:41:21:797 00000186              RhoRuby| require_compiled: rhofsconnector
I/APP     (  377): I 10/22/2011 06:41:21:802 00000186              RhoRuby| require_compiled: rho/rhofsconnector
I/APP     (  377): I 10/22/2011 06:41:21:820 00000186              RhoRuby| require_compiled: rhom/rhom_object_factory
I/APP     (  377): I 10/22/2011 06:41:22:133 00000186              RhoRuby| require_compiled: rhom/rhom
I/APP     (  377): I 10/22/2011 06:41:22:168 00000186              RhoRuby| require_compiled: rhom/rhom_model
I/APP     (  377): I 10/22/2011 06:41:22:201 00000186              RhoRuby| require_compiled: rhom
I/APP     (  377): I 10/22/2011 06:41:22:211 00000186              RhoRuby| require_compiled: rho/rhoapplication
I/APP     (  377): I 10/22/2011 06:41:22:251 00000186              RhoRuby| require_compiled: rholang/localization_simplified
I/APP     (  377): I 10/22/2011 06:41:22:301 00000186                  APP| Current locale: en; Country code: us
I/APP     (  377): I 10/22/2011 06:41:22:303 00000186                  APP| file: /data/data/com.rhomobile.uscampus/rhodata/lib/rholang/lang_
I/APP     (  377): I 10/22/2011 06:41:22:305 00000186              RhoRuby| require_compiled: /data/data/com.rhomobile.uscampus/rhodata/lib/rholang/lang_en
